Archive member included to satisfy reference by file (symbol)

c:/st/stm32cubeide_1.11.2/stm32cubeide/plugins/com.st.stm32cube.ide.mcu.externaltools.gnu-tools-for-stm32.10.3-2021.10.win32_1.0.200.202301161003/tools/bin/../lib/gcc/arm-none-eabi/10.3.1/../../../../arm-none-eabi/lib/thumb/v7e-m+fp/hard\libc_nano.a(lib_a-errno.o)
                              ./Core/Src/syscalls.o (__errno)
c:/st/stm32cubeide_1.11.2/stm32cubeide/plugins/com.st.stm32cube.ide.mcu.externaltools.gnu-tools-for-stm32.10.3-2021.10.win32_1.0.200.202301161003/tools/bin/../lib/gcc/arm-none-eabi/10.3.1/../../../../arm-none-eabi/lib/thumb/v7e-m+fp/hard\libc_nano.a(lib_a-exit.o)
                              c:/st/stm32cubeide_1.11.2/stm32cubeide/plugins/com.st.stm32cube.ide.mcu.externaltools.gnu-tools-for-stm32.10.3-2021.10.win32_1.0.200.202301161003/tools/bin/../lib/gcc/arm-none-eabi/10.3.1/../../../../arm-none-eabi/lib/thumb/v7e-m+fp/hard/crt0.o (exit)
c:/st/stm32cubeide_1.11.2/stm32cubeide/plugins/com.st.stm32cube.ide.mcu.externaltools.gnu-tools-for-stm32.10.3-2021.10.win32_1.0.200.202301161003/tools/bin/../lib/gcc/arm-none-eabi/10.3.1/../../../../arm-none-eabi/lib/thumb/v7e-m+fp/hard\libc_nano.a(lib_a-impure.o)
                              c:/st/stm32cubeide_1.11.2/stm32cubeide/plugins/com.st.stm32cube.ide.mcu.externaltools.gnu-tools-for-stm32.10.3-2021.10.win32_1.0.200.202301161003/tools/bin/../lib/gcc/arm-none-eabi/10.3.1/../../../../arm-none-eabi/lib/thumb/v7e-m+fp/hard\libc_nano.a(lib_a-exit.o) (_global_impure_ptr)
c:/st/stm32cubeide_1.11.2/stm32cubeide/plugins/com.st.stm32cube.ide.mcu.externaltools.gnu-tools-for-stm32.10.3-2021.10.win32_1.0.200.202301161003/tools/bin/../lib/gcc/arm-none-eabi/10.3.1/../../../../arm-none-eabi/lib/thumb/v7e-m+fp/hard\libc_nano.a(lib_a-init.o)
                              c:/st/stm32cubeide_1.11.2/stm32cubeide/plugins/com.st.stm32cube.ide.mcu.externaltools.gnu-tools-for-stm32.10.3-2021.10.win32_1.0.200.202301161003/tools/bin/../lib/gcc/arm-none-eabi/10.3.1/../../../../arm-none-eabi/lib/thumb/v7e-m+fp/hard/crt0.o (__libc_init_array)
c:/st/stm32cubeide_1.11.2/stm32cubeide/plugins/com.st.stm32cube.ide.mcu.externaltools.gnu-tools-for-stm32.10.3-2021.10.win32_1.0.200.202301161003/tools/bin/../lib/gcc/arm-none-eabi/10.3.1/../../../../arm-none-eabi/lib/thumb/v7e-m+fp/hard\libc_nano.a(lib_a-malloc.o)
                              ./Core/Src/LTC681x.o (malloc)
c:/st/stm32cubeide_1.11.2/stm32cubeide/plugins/com.st.stm32cube.ide.mcu.externaltools.gnu-tools-for-stm32.10.3-2021.10.win32_1.0.200.202301161003/tools/bin/../lib/gcc/arm-none-eabi/10.3.1/../../../../arm-none-eabi/lib/thumb/v7e-m+fp/hard\libc_nano.a(lib_a-memset.o)
                              c:/st/stm32cubeide_1.11.2/stm32cubeide/plugins/com.st.stm32cube.ide.mcu.externaltools.gnu-tools-for-stm32.10.3-2021.10.win32_1.0.200.202301161003/tools/bin/../lib/gcc/arm-none-eabi/10.3.1/../../../../arm-none-eabi/lib/thumb/v7e-m+fp/hard/crt0.o (memset)
c:/st/stm32cubeide_1.11.2/stm32cubeide/plugins/com.st.stm32cube.ide.mcu.externaltools.gnu-tools-for-stm32.10.3-2021.10.win32_1.0.200.202301161003/tools/bin/../lib/gcc/arm-none-eabi/10.3.1/../../../../arm-none-eabi/lib/thumb/v7e-m+fp/hard\libc_nano.a(lib_a-nano-freer.o)
                              c:/st/stm32cubeide_1.11.2/stm32cubeide/plugins/com.st.stm32cube.ide.mcu.externaltools.gnu-tools-for-stm32.10.3-2021.10.win32_1.0.200.202301161003/tools/bin/../lib/gcc/arm-none-eabi/10.3.1/../../../../arm-none-eabi/lib/thumb/v7e-m+fp/hard\libc_nano.a(lib_a-malloc.o) (_free_r)
c:/st/stm32cubeide_1.11.2/stm32cubeide/plugins/com.st.stm32cube.ide.mcu.externaltools.gnu-tools-for-stm32.10.3-2021.10.win32_1.0.200.202301161003/tools/bin/../lib/gcc/arm-none-eabi/10.3.1/../../../../arm-none-eabi/lib/thumb/v7e-m+fp/hard\libc_nano.a(lib_a-nano-mallocr.o)
                              c:/st/stm32cubeide_1.11.2/stm32cubeide/plugins/com.st.stm32cube.ide.mcu.externaltools.gnu-tools-for-stm32.10.3-2021.10.win32_1.0.200.202301161003/tools/bin/../lib/gcc/arm-none-eabi/10.3.1/../../../../arm-none-eabi/lib/thumb/v7e-m+fp/hard\libc_nano.a(lib_a-malloc.o) (_malloc_r)
c:/st/stm32cubeide_1.11.2/stm32cubeide/plugins/com.st.stm32cube.ide.mcu.externaltools.gnu-tools-for-stm32.10.3-2021.10.win32_1.0.200.202301161003/tools/bin/../lib/gcc/arm-none-eabi/10.3.1/../../../../arm-none-eabi/lib/thumb/v7e-m+fp/hard\libc_nano.a(lib_a-nano-vfprintf_float.o)
                              (_printf_float)
c:/st/stm32cubeide_1.11.2/stm32cubeide/plugins/com.st.stm32cube.ide.mcu.externaltools.gnu-tools-for-stm32.10.3-2021.10.win32_1.0.200.202301161003/tools/bin/../lib/gcc/arm-none-eabi/10.3.1/../../../../arm-none-eabi/lib/thumb/v7e-m+fp/hard\libc_nano.a(lib_a-nano-vfprintf_i.o)
[...]
Memory Configuration

Name             Origin             Length             Attributes
CCMRAM           0x0000000010000000 0x0000000000010000 xrw
RAM              0x0000000020000000 0x0000000000020000 xrw
FLASH            0x0000000008000000 0x0000000000100000 xr
*default*        0x0000000000000000 0xffffffffffffffff

Linker script and memory map

LOAD c:/st/stm32cubeide_1.11.2/stm32cubeide/plugins/com.st.stm32cube.ide.mcu.externaltools.gnu-tools-for-stm32.10.3-2021.10.win32_1.0.200.202301161003/tools/bin/../lib/gcc/arm-none-eabi/10.3.1/thumb/v7e-m+fp/hard/crti.o
LOAD c:/st/stm32cubeide_1.11.2/stm32cubeide/plugins/com.st.stm32cube.ide.mcu.externaltools.gnu-tools-for-stm32.10.3-2021.10.win32_1.0.200.202301161003/tools/bin/../lib/gcc/arm-none-eabi/10.3.1/thumb/v7e-m+fp/hard/crtbegin.o
LOAD c:/st/stm32cubeide_1.11.2/stm32cubeide/plugins/com.st.stm32cube.ide.mcu.externaltools.gnu-tools-for-stm32.10.3-2021.10.win32_1.0.200.202301161003/tools/bin/../lib/gcc/arm-none-eabi/10.3.1/../../../../arm-none-eabi/lib/thumb/v7e-m+fp/hard/crt0.o
LOAD ./Core/Src/LTC6813.o
LOAD ./Core/Src/LTC681x.o
LOAD ./Core/Src/help.o
LOAD ./Core/Src/main.o
LOAD ./Core/Src/stm32f4xx_hal_msp.o
LOAD ./Core/Src/stm32f4xx_it.o
LOAD ./Core/Src/syscalls.o
LOAD ./Core/Src/sysmem.o
LOAD ./Core/Src/system_stm32f4xx.o
LOAD ./Core/Startup/startup_stm32f407vgtx.o
LOAD ./Drivers/STM32F4xx_HAL_Driver/Src/stm32f4xx_hal.o
LOAD ./Drivers/STM32F4xx_HAL_Driver/Src/stm32f4xx_hal_can.o
LOAD ./Drivers/STM32F4xx_HAL_Driver/Src/stm32f4xx_hal_cortex.o
LOAD ./Drivers/STM32F4xx_HAL_Driver/Src/stm32f4xx_hal_dma.o
LOAD ./Drivers/STM32F4xx_HAL_Driver/Src/stm32f4xx_hal_dma_ex.o
LOAD ./Drivers/STM32F4xx_HAL_Driver/Src/stm32f4xx_hal_exti.o
LOAD ./Drivers/STM32F4xx_HAL_Driver/Src/stm32f4xx_hal_flash.o
LOAD ./Drivers/STM32F4xx_HAL_Driver/Src/stm32f4xx_hal_flash_ex.o
LOAD ./Drivers/STM32F4xx_HAL_Driver/Src/stm32f4xx_hal_flash_ramfunc.o
LOAD ./Drivers/STM32F4xx_HAL_Driver/Src/stm32f4xx_hal_gpio.o
LOAD ./Drivers/STM32F4xx_HAL_Driver/Src/stm32f4xx_hal_hcd.o
LOAD ./Drivers/STM32F4xx_HAL_Driver/Src/stm32f4xx_hal_pwr.o
LOAD ./Drivers/STM32F4xx_HAL_Driver/Src/stm32f4xx_hal_pwr_ex.o
LOAD ./Drivers/STM32F4xx_HAL_Driver/Src/stm32f4xx_hal_rcc.o
LOAD ./Drivers/STM32F4xx_HAL_Driver/Src/stm32f4xx_hal_rcc_ex.o
LOAD ./Drivers/STM32F4xx_HAL_Driver/Src/stm32f4xx_hal_spi.o
LOAD ./Drivers/STM32F4xx_HAL_Driver/Src/stm32f4xx_hal_tim.o
LOAD ./Drivers/STM32F4xx_HAL_Driver/Src/stm32f4xx_hal_tim_ex.o
LOAD ./Drivers/STM32F4xx_HAL_Driver/Src/stm32f4xx_hal_uart.o
LOAD ./Drivers/STM32F4xx_HAL_Driver/Src/stm32f4xx_ll_usb.o
LOAD ./Middlewares/ST/STM32_USB_Host_Library/Class/CDC/Src/usbh_cdc.o
LOAD ./Middlewares/ST/STM32_USB_Host_Library/Core/Src/usbh_core.o
LOAD ./Middlewares/ST/STM32_USB_Host_Library/Core/Src/usbh_ctlreq.o
LOAD ./Middlewares/ST/STM32_USB_Host_Library/Core/Src/usbh_ioreq.o
LOAD ./Middlewares/ST/STM32_USB_Host_Library/Core/Src/usbh_pipes.o
LOAD ./USB_HOST/App/usb_host.o
LOAD ./USB_HOST/Target/usbh_conf.o
LOAD ./USB_HOST/Target/usbh_platform.o
START GROUP
LOAD c:/st/stm32cubeide_1.11.2/stm32cubeide/plugins/com.st.stm32cube.ide.mcu.externaltools.gnu-tools-for-stm32.10.3-2021.10.win32_1.0.200.202301161003/tools/bin/../lib/gcc/arm-none-eabi/10.3.1/../../../../arm-none-eabi/lib/thumb/v7e-m+fp/hard\libc_nano.a
LOAD c:/st/stm32cubeide_1.11.2/stm32cubeide/plugins/com.st.stm32cube.ide.mcu.externaltools.gnu-tools-for-stm32.10.3-2021.10.win32_1.0.200.202301161003/tools/bin/../lib/gcc/arm-none-eabi/10.3.1/../../../../arm-none-eabi/lib/thumb/v7e-m+fp/hard\libm.a
END GROUP
START GROUP
LOAD c:/st/stm32cubeide_1.11.2/stm32cubeide/plugins/com.st.stm32cube.ide.mcu.externaltools.gnu-tools-for-stm32.10.3-2021.10.win32_1.0.200.202301161003/tools/bin/../lib/gcc/arm-none-eabi/10.3.1/thumb/v7e-m+fp/hard\libgcc.a
LOAD c:/st/stm32cubeide_1.11.2/stm32cubeide/plugins/com.st.stm32cube.ide.mcu.externaltools.gnu-tools-for-stm32.10.3-2021.10.win32_1.0.200.202301161003/tools/bin/../lib/gcc/arm-none-eabi/10.3.1/../../../../arm-none-eabi/lib/thumb/v7e-m+fp/hard\libc_nano.a
END GROUP
START GROUP
LOAD c:/st/stm32cubeide_1.11.2/stm32cubeide/plugins/com.st.stm32cube.ide.mcu.externaltools.gnu-tools-for-stm32.10.3-2021.10.win32_1.0.200.202301161003/tools/bin/../lib/gcc/arm-none-eabi/10.3.1/thumb/v7e-m+fp/hard\libgcc.a
LOAD c:/st/stm32cubeide_1.11.2/stm32cubeide/plugins/com.st.stm32cube.ide.mcu.externaltools.gnu-tools-for-stm32.10.3-2021.10.win32_1.0.200.202301161003/tools/bin/../lib/gcc/arm-none-eabi/10.3.1/../../../../arm-none-eabi/lib/thumb/v7e-m+fp/hard\libc_nano.a
LOAD c:/st/stm32cubeide_1.11.2/stm32cubeide/plugins/com.st.stm32cube.ide.mcu.externaltools.gnu-tools-for-stm32.10.3-2021.10.win32_1.0.200.202301161003/tools/bin/../lib/gcc/arm-none-eabi/10.3.1/../../../../arm-none-eabi/lib/thumb/v7e-m+fp/hard\libnosys.a
END GROUP
START GROUP
LOAD c:/st/stm32cubeide_1.11.2/stm32cubeide/plugins/com.st.stm32cube.ide.mcu.externaltools.gnu-tools-for-stm32.10.3-2021.10.win32_1.0.200.202301161003/tools/bin/../lib/gcc/arm-none-eabi/10.3.1/thumb/v7e-m+fp/hard\libgcc.a
LOAD c:/st/stm32cubeide_1.11.2/stm32cubeide/plugins/com.st.stm32cube.ide.mcu.externaltools.gnu-tools-for-stm32.10.3-2021.10.win32_1.0.200.202301161003/tools/bin/../lib/gcc/arm-none-eabi/10.3.1/../../../../arm-none-eabi/lib/thumb/v7e-m+fp/hard\libc_nano.a
LOAD c:/st/stm32cubeide_1.11.2/stm32cubeide/plugins/com.st.stm32cube.ide.mcu.externaltools.gnu-tools-for-stm32.10.3-2021.10.win32_1.0.200.202301161003/tools/bin/../lib/gcc/arm-none-eabi/10.3.1/../../../../arm-none-eabi/lib/thumb/v7e-m+fp/hard\libnosys.a
END GROUP
LOAD c:/st/stm32cubeide_1.11.2/stm32cubeide/plugins/com.st.stm32cube.ide.mcu.externaltools.gnu-tools-for-stm32.10.3-2021.10.win32_1.0.200.202301161003/tools/bin/../lib/gcc/arm-none-eabi/10.3.1/thumb/v7e-m+fp/hard/crtend.o
LOAD c:/st/stm32cubeide_1.11.2/stm32cubeide/plugins/com.st.stm32cube.ide.mcu.externaltools.gnu-tools-for-stm32.10.3-2021.10.win32_1.0.200.202301161003/tools/bin/../lib/gcc/arm-none-eabi/10.3.1/thumb/v7e-m+fp/hard/crtn.o
                0x0000000020020000                _estack = (ORIGIN (RAM) + LENGTH (RAM))
                0x0000000000000200                _Min_Heap_Size = 0x200
                0x0000000000000400                _Min_Stack_Size = 0x400

.isr_vector     0x0000000008000000      0x188
                0x0000000008000000                . = ALIGN (0x4)
 *(.isr_vector)
 .isr_vector    0x0000000008000000      0x188 ./Core/Startup/startup_stm32f407vgtx.o
                0x0000000008000000                g_pfnVectors
                0x0000000008000188                . = ALIGN (0x4)

.text           0x0000000008000190     0xd6a4
                0x0000000008000190                . = ALIGN (0x4)
 *(.text)
 .text          0x0000000008000190       0x40 c:/st/stm32cubeide_1.11.2/stm32cubeide/plugins/com.st.stm32cube.ide.mcu.externaltools.gnu-tools-for-stm32.10.3-2021.10.win32_1.0.200.202301161003/tools/bin/../lib/gcc/arm-none-eabi/10.3.1/thumb/v7e-m+fp/hard/crtbegin.o
 .text          0x00000000080001d0       0x10 c:/st/stm32cubeide_1.11.2/stm32cubeide/plugins/com.st.stm32cube.ide.mcu.externaltools.gnu-tools-for-stm32.10.3-2021.10.win32_1.0.200.202301161003/tools/bin/../lib/gcc/arm-none-eabi/10.3.1/../../../../arm-none-eabi/lib/thumb/v7e-m+fp/hard\libc_nano.a(lib_a-strlen.o)
                0x00000000080001d0                strlen
 .text          0x00000000080001e0       0xa0 c:/st/stm32cubeide_1.11.2/stm32cubeide/plugins/com.st.stm32cube.ide.mcu.externaltools.gnu-tools-for-stm32.10.3-2021.10.win32_1.0.200.202301161003/tools/bin/../lib/gcc/arm-none-eabi/10.3.1/../../../../arm-none-eabi/lib/thumb/v7e-m+fp/hard\libc_nano.a(lib_a-memchr.o)
                0x00000000080001e0                memchr
 .text          0x0000000008000280      0x378 c:/st/stm32cubeide_1.11.2/stm32cubeide/plugins/com.st.stm32cube.ide.mcu.externaltools.gnu-tools-for-stm32.10.3-2021.10.win32_1.0.200.202301161003/tools/bin/../lib/gcc/arm-none-eabi/10.3.1/thumb/v7e-m+fp/hard\libgcc.a(_arm_addsubdf3.o)
                0x0000000008000280                __aeabi_drsub
                0x0000000008000288                __aeabi_dsub
                0x0000000008000288                __subdf3
                0x000000000800028c                __aeabi_dadd
                0x000000000800028c                __adddf3
                0x0000000008000504                __floatunsidf
                0x0000000008000504                __aeabi_ui2d
                0x0000000008000524                __floatsidf
                0x0000000008000524                __aeabi_i2d
                0x0000000008000548                __aeabi_f2d
                0x0000000008000548                __extendsfdf2
                0x000000000800058c                __floatundidf
                0x000000000800058c                __aeabi_ul2d
                0x000000000800059c                __floatdidf
                0x000000000800059c                __aeabi_l2d
 .text          0x00000000080005f8      0x424 c:/st/stm32cubeide_1.11.2/stm32cubeide/plugins/com.st.stm32cube.ide.mcu.externaltools.gnu-tools-for-stm32.10.3-2021.10.win32_1.0.200.202301161003/tools/bin/../lib/gcc/arm-none-eabi/10.3.1/thumb/v7e-m+fp/hard\libgcc.a(_arm_muldivdf3.o)
                0x00000000080005f8                __aeabi_dmul
                0x00000000080005f8                __muldf3
                0x000000000800084c                __divdf3
                0x000000000800084c                __aeabi_ddiv
 .text          0x0000000008000a1c      0x110 c:/st/stm32cubeide_1.11.2/stm32cubeide/plugins/com.st.stm32cube.ide.mcu.externaltools.gnu-tools-for-stm32.10.3-2021.10.win32_1.0.200.202301161003/tools/bin/../lib/gcc/arm-none-eabi/10.3.1/thumb/v7e-m+fp/hard\libgcc.a(_arm_cmpdf2.o)
                0x0000000008000a1c                __gtdf2
                0x0000000008000a1c                __gedf2
                0x0000000008000a24                __ltdf2
                0x0000000008000a24                __ledf2
                0x0000000008000a2c                __nedf2
                0x0000000008000a2c                __eqdf2
                0x0000000008000a2c                __cmpdf2
                0x0000000008000aa8                __aeabi_cdrcmple
                0x0000000008000ab8                __aeabi_cdcmpeq
                0x0000000008000ab8                __aeabi_cdcmple
                0x0000000008000ac8                __aeabi_dcmpeq
                0x0000000008000adc                __aeabi_dcmplt
                0x0000000008000af0                __aeabi_dcmple
                0x0000000008000b04                __aeabi_dcmpge
                0x0000000008000b18                __aeabi_dcmpgt
 .text          0x0000000008000b2c       0x2c c:/st/stm32cubeide_1.11.2/stm32cubeide/plugins/com.st.stm32cube.ide.mcu.externaltools.gnu-tools-for-stm32.10.3-2021.10.win32_1.0.200.202301161003/tools/bin/../lib/gcc/arm-none-eabi/10.3.1/thumb/v7e-m+fp/hard\libgcc.a(_arm_unorddf2.o)
                0x0000000008000b2c                __unorddf2
                0x0000000008000b2c                __aeabi_dcmpun
 .text          0x0000000008000b58       0x50 c:/st/stm32cubeide_1.11.2/stm32cubeide/plugins/com.st.stm32cube.ide.mcu.externaltools.gnu-tools-for-stm32.10.3-2021.10.win32_1.0.200.202301161003/tools/bin/../lib/gcc/arm-none-eabi/10.3.1/thumb/v7e-m+fp/hard\libgcc.a(_arm_fixdfsi.o)
                0x0000000008000b58                __aeabi_d2iz
                0x0000000008000b58                __fixdfsi
 .text          0x0000000008000ba8       0x30 c:/st/stm32cubeide_1.11.2/stm32cubeide/plugins/com.st.stm32cube.ide.mcu.externaltools.gnu-tools-for-stm32.10.3-2021.10.win32_1.0.200.202301161003/tools/bin/../lib/gcc/arm-none-eabi/10.3.1/thumb/v7e-m+fp/hard\libgcc.a(_aeabi_uldivmod.o)
                0x0000000008000ba8                __aeabi_uldivmod
 .text          0x0000000008000bd8      0x2d0 c:/st/stm32cubeide_1.11.2/stm32cubeide/plugins/com.st.stm32cube.ide.mcu.externaltools.gnu-tools-for-stm32.10.3-2021.10.win32_1.0.200.202301161003/tools/bin/../lib/gcc/arm-none-eabi/10.3.1/thumb/v7e-m+fp/hard\libgcc.a(_udivmoddi4.o)
                0x0000000008000bd8                __udivmoddi4
 .text          0x0000000008000ea8        0x4 c:/st/stm32cubeide_1.11.2/stm32cubeide/plugins/com.st.stm32cube.ide.mcu.externaltools.gnu-tools-for-stm32.10.3-2021.10.win32_1.0.200.202301161003/tools/bin/../lib/gcc/arm-none-eabi/10.3.1/thumb/v7e-m+fp/hard\libgcc.a(_dvmd_tls.o)
                0x0000000008000ea8                __aeabi_idiv0
                0x0000000008000ea8                __aeabi_ldiv0
 *(.text*)
 .text.LTC6813_init_reg_limits
                0x0000000008000eac       0x9a ./Core/Src/LTC6813.o
                0x0000000008000eac                LTC6813_init_reg_limits
 .text.LTC6813_adcv
                0x0000000008000f46       0x26 ./Core/Src/LTC6813.o
                0x0000000008000f46                LTC6813_adcv
 .text.LTC6813_rdcv
                0x0000000008000f6c       0x2e ./Core/Src/LTC6813.o
                0x0000000008000f6c                LTC6813_rdcv
 .text.LTC6813_pollAdc
                0x0000000008000f9a        0xe ./Core/Src/LTC6813.o
                0x0000000008000f9a                LTC6813_pollAdc
 .text.LTC6813_reset_crc_count
                0x0000000008000fa8       0x1e ./Core/Src/LTC6813.o
                0x0000000008000fa8                LTC6813_reset_crc_count
 .text.LTC6813_init_cfg
                0x0000000008000fc6       0x1e ./Core/Src/LTC6813.o
                0x0000000008000fc6                LTC6813_init_cfg
 .text.LTC6813_set_cfgr
                0x0000000008000fe4       0x74 ./Core/Src/LTC6813.o
                0x0000000008000fe4                LTC6813_set_cfgr
 .text.LTC6813_init_cfgb
                0x0000000008001058       0x56 ./Core/Src/LTC6813.o
                0x0000000008001058                LTC6813_init_cfgb
 .text.LTC6813_set_cfgrb
                0x00000000080010ae       0x5c ./Core/Src/LTC6813.o
                0x00000000080010ae                LTC6813_set_cfgrb
 .text.LTC6813_set_cfgrb_fdrf
                0x000000000800110a       0x68 ./Core/Src/LTC6813.o
                0x000000000800110a                LTC6813_set_cfgrb_fdrf
 .text.LTC6813_set_cfgrb_dtmen
                0x0000000008001172       0x68 ./Core/Src/LTC6813.o
                0x0000000008001172                LTC6813_set_cfgrb_dtmen
 .text.LTC6813_set_cfgrb_ps
                0x00000000080011da       0xa0 ./Core/Src/LTC6813.o
                0x00000000080011da                LTC6813_set_cfgrb_ps
 .text.LTC6813_set_cfgrb_gpio_b
                0x000000000800127a       0x9c ./Core/Src/LTC6813.o
                0x000000000800127a                LTC6813_set_cfgrb_gpio_b
 .text.LTC6813_set_cfgrb_dcc_b
                0x0000000008001316      0x184 ./Core/Src/LTC6813.o
                0x0000000008001316                LTC6813_set_cfgrb_dcc_b
 *fill*         0x000000000800149a        0x2 
 .text.init_app_data_6813
                0x000000000800149c       0x3c ./Core/Src/LTC6813.o
                0x000000000800149c                init_app_data_6813
 .text.cmd_68   0x00000000080014d8       0x60 ./Core/Src/LTC681x.o
                0x00000000080014d8                cmd_68
 .text.pec15_calc
                0x0000000008001538       0x68 ./Core/Src/LTC681x.o
                0x0000000008001538                pec15_calc
 .text.LTC681x_adcv
                0x00000000080015a0       0x56 ./Core/Src/LTC681x.o
                0x00000000080015a0                LTC681x_adcv
 .text.LTC681x_rdcv
                0x00000000080015f6      0x15c ./Core/Src/LTC681x.o
                0x00000000080015f6                LTC681x_rdcv
 *fill*         0x0000000008001752        0x2 
 .text.LTC681x_rdcv_reg
                0x0000000008001754       0xc8 ./Core/Src/LTC681x.o
                0x0000000008001754                LTC681x_rdcv_reg
 .text.parse_cells
                0x000000000800181c       0xe2 ./Core/Src/LTC681x.o
                0x000000000800181c                parse_cells
 *fill*         0x00000000080018fe        0x2 
 .text.LTC681x_pollAdc
                0x0000000008001900       0x54 ./Core/Src/LTC681x.o
                0x0000000008001900                LTC681x_pollAdc
 .text.LTC681x_check_pec
                0x0000000008001954      0x348 ./Core/Src/LTC681x.o
                0x0000000008001954                LTC681x_check_pec
 .text.LTC681x_reset_crc_count
                0x0000000008001c9c       0xcc ./Core/Src/LTC681x.o
                0x0000000008001c9c                LTC681x_reset_crc_count
 .text.LTC681x_init_cfg
                0x0000000008001d68       0x54 ./Core/Src/LTC681x.o
                0x0000000008001d68                LTC681x_init_cfg
 .text.LTC681x_set_cfgr_refon
                0x0000000008001dbc       0x68 ./Core/Src/LTC681x.o
                0x0000000008001dbc                LTC681x_set_cfgr_refon
 .text.LTC681x_set_cfgr_adcopt
                0x0000000008001e24       0x68 ./Core/Src/LTC681x.o
                0x0000000008001e24                LTC681x_set_cfgr_adcopt
 .text.LTC681x_set_cfgr_gpio
                0x0000000008001e8c       0xa0 ./Core/Src/LTC681x.o
                0x0000000008001e8c                LTC681x_set_cfgr_gpio
 .text.LTC681x_set_cfgr_dis
                0x0000000008001f2c      0x11e ./Core/Src/LTC681x.o
                0x0000000008001f2c                LTC681x_set_cfgr_dis
 .text.LTC681x_set_cfgr_dcto
                0x000000000800204a       0xa0 ./Core/Src/LTC681x.o
                0x000000000800204a                LTC681x_set_cfgr_dcto
 .text.LTC681x_set_cfgr_uv
                0x00000000080020ea       0x8c ./Core/Src/LTC681x.o
                0x00000000080020ea                LTC681x_set_cfgr_uv
 .text.LTC681x_set_cfgr_ov
                0x0000000008002176       0x84 ./Core/Src/LTC681x.o
                0x0000000008002176                LTC681x_set_cfgr_ov
 *fill*         0x00000000080021fa        0x2 
 .text.spi_write_array
                0x00000000080021fc       0x68 ./Core/Src/LTC681x.o
                0x00000000080021fc                spi_write_array
 .text.spi_write_read
                0x0000000008002264       0xd0 ./Core/Src/LTC681x.o
                0x0000000008002264                spi_write_read
 .text.init_app_data_681x
                0x0000000008002334       0x2c ./Core/Src/LTC681x.o
                0x0000000008002334                init_app_data_681x
 .text.main     0x0000000008002360      0x264 ./Core/Src/main.o
                0x0000000008002360                main
 .text.SystemClock_Config
                0x00000000080025c4       0xd4 ./Core/Src/main.o
                0x00000000080025c4                SystemClock_Config
 .text.MX_CAN1_Init
                0x0000000008002698       0x6c ./Core/Src/main.o
 .text.MX_SPI1_Init
                0x0000000008002704       0x6c ./Core/Src/main.o
 .text.MX_SPI2_Init
                0x0000000008002770       0x6c ./Core/Src/main.o
 .text.MX_TIM1_Init
                0x00000000080027dc       0xa0 ./Core/Src/main.o
 .text.MX_USART2_UART_Init
                0x000000000800287c       0x54 ./Core/Src/main.o
 .text.MX_GPIO_Init
                0x00000000080028d0      0x264 ./Core/Src/main.o
 .text.__io_putchar
                0x0000000008002b34       0x24 ./Core/Src/main.o
                0x0000000008002b34                __io_putchar
 .text.print_conv_time
                0x0000000008002b58       0x44 ./Core/Src/main.o
                0x0000000008002b58                print_conv_time
 .text.check_error
                0x0000000008002b9c       0x24 ./Core/Src/main.o
                0x0000000008002b9c                check_error
 .text.print_cells
                0x0000000008002bc0      0x108 ./Core/Src/main.o
                0x0000000008002bc0                print_cells
 .text.init_appdata
                0x0000000008002cc8       0x2a ./Core/Src/main.o
                0x0000000008002cc8                init_appdata
 .text.Error_Handler
                0x0000000008002cf2        0xa ./Core/Src/main.o
                0x0000000008002cf2                Error_Handler
 .text.HAL_MspInit
                0x0000000008002cfc       0x50 ./Core/Src/stm32f4xx_hal_msp.o
                0x0000000008002cfc                HAL_MspInit
 .text.HAL_CAN_MspInit
                0x0000000008002d4c       0x90 ./Core/Src/stm32f4xx_hal_msp.o
                0x0000000008002d4c                HAL_CAN_MspInit
 .text.HAL_SPI_MspInit
                0x0000000008002ddc      0x13c ./Core/Src/stm32f4xx_hal_msp.o
                0x0000000008002ddc                HAL_SPI_MspInit
 .text.HAL_TIM_Base_MspInit
                0x0000000008002f18       0x44 ./Core/Src/stm32f4xx_hal_msp.o
                0x0000000008002f18                HAL_TIM_Base_MspInit
 .text.HAL_UART_MspInit
                0x0000000008002f5c       0x90 ./Core/Src/stm32f4xx_hal_msp.o
                0x0000000008002f5c                HAL_UART_MspInit
 .text.NMI_Handler
                0x0000000008002fec        0x6 ./Core/Src/stm32f4xx_it.o
                0x0000000008002fec                NMI_Handler
 .text.HardFault_Handler
                0x0000000008002ff2        0x6 ./Core/Src/stm32f4xx_it.o
                0x0000000008002ff2                HardFault_Handler
 .text.MemManage_Handler
                0x0000000008002ff8        0x6 ./Core/Src/stm32f4xx_it.o
                0x0000000008002ff8                MemManage_Handler
 .text.BusFault_Handler
                0x0000000008002ffe        0x6 ./Core/Src/stm32f4xx_it.o
                0x0000000008002ffe                BusFault_Handler
 .text.UsageFault_Handler
                0x0000000008003004        0x6 ./Core/Src/stm32f4xx_it.o
                0x0000000008003004                UsageFault_Handler
 .text.SVC_Handler
                0x000000000800300a        0xe ./Core/Src/stm32f4xx_it.o
                0x000000000800300a                SVC_Handler
 .text.DebugMon_Handler
                0x0000000008003018        0xe ./Core/Src/stm32f4xx_it.o
                0x0000000008003018                DebugMon_Handler
 .text.PendSV_Handler
                0x0000000008003026        0xe ./Core/Src/stm32f4xx_it.o
                0x0000000008003026                PendSV_Handler
 .text.SysTick_Handler
                0x0000000008003034        0xc ./Core/Src/stm32f4xx_it.o
                0x0000000008003034                SysTick_Handler
 .text.OTG_FS_IRQHandler
                0x0000000008003040       0x14 ./Core/Src/stm32f4xx_it.o
                0x0000000008003040                OTG_FS_IRQHandler
 .text._getpid  0x0000000008003054       0x10 ./Core/Src/syscalls.o
                0x0000000008003054                _getpid
 .text._kill    0x0000000008003064       0x20 ./Core/Src/syscalls.o
                0x0000000008003064                _kill
 .text._exit    0x0000000008003084       0x14 ./Core/Src/syscalls.o
                0x0000000008003084                _exit
 .text._read    0x0000000008003098       0x3a ./Core/Src/syscalls.o
                0x0000000008003098                _read
 .text._write   0x00000000080030d2       0x38 ./Core/Src/syscalls.o
                0x00000000080030d2                _write
 .text._close   0x000000000800310a       0x18 ./Core/Src/syscalls.o
                0x000000000800310a                _close
 .text._fstat   0x0000000008003122       0x20 ./Core/Src/syscalls.o
                0x0000000008003122                _fstat
 .text._isatty  0x0000000008003142       0x16 ./Core/Src/syscalls.o
                0x0000000008003142                _isatty
 .text._lseek   0x0000000008003158       0x1a ./Core/Src/syscalls.o
                0x0000000008003158                _lseek
 *fill*         0x0000000008003172        0x2 
 .text._sbrk    0x0000000008003174       0x6c ./Core/Src/sysmem.o
                0x0000000008003174                _sbrk
 .text.SystemInit
                0x00000000080031e0       0x24 ./Core/Src/system_stm32f4xx.o
                0x00000000080031e0                SystemInit
 .text.Reset_Handler
                0x0000000008003204       0x50 ./Core/Startup/startup_stm32f407vgtx.o
                0x0000000008003204                Reset_Handler
 .text.Default_Handler
                0x0000000008003254        0x2 ./Core/Startup/startup_stm32f407vgtx.o
                0x0000000008003254                RTC_Alarm_IRQHandler
                0x0000000008003254                HASH_RNG_IRQHandler
                0x0000000008003254                EXTI2_IRQHandler
                0x0000000008003254                TIM8_CC_IRQHandler
                0x0000000008003254                TIM1_CC_IRQHandler
                0x0000000008003254                DMA2_Stream5_IRQHandler
                0x0000000008003254                DMA1_Stream5_IRQHandler
                0x0000000008003254                PVD_IRQHandler
                0x0000000008003254                SDIO_IRQHandler
                0x0000000008003254                TAMP_STAMP_IRQHandler
                0x0000000008003254                CAN2_RX1_IRQHandler
                0x0000000008003254                EXTI3_IRQHandler
                0x0000000008003254                TIM8_TRG_COM_TIM14_IRQHandler
                0x0000000008003254                TIM1_UP_TIM10_IRQHandler
                0x0000000008003254                TIM8_UP_TIM13_IRQHandler
                0x0000000008003254                I2C3_ER_IRQHandler
                0x0000000008003254                EXTI0_IRQHandler
                0x0000000008003254                I2C2_EV_IRQHandler
                0x0000000008003254                DMA1_Stream2_IRQHandler
                0x0000000008003254                CAN1_RX0_IRQHandler
                0x0000000008003254                FPU_IRQHandler
                0x0000000008003254                OTG_HS_WKUP_IRQHandler
                0x0000000008003254                CAN2_SCE_IRQHandler
                0x0000000008003254                DMA2_Stream2_IRQHandler
                0x0000000008003254                SPI1_IRQHandler
                0x0000000008003254                TIM6_DAC_IRQHandler
                0x0000000008003254                TIM1_BRK_TIM9_IRQHandler
                0x0000000008003254                DCMI_IRQHandler
                0x0000000008003254                CAN2_RX0_IRQHandler
                0x0000000008003254                DMA2_Stream3_IRQHandler
                0x0000000008003254                USART6_IRQHandler
                0x0000000008003254                USART3_IRQHandler
                0x0000000008003254                CAN1_RX1_IRQHandler
                0x0000000008003254                UART5_IRQHandler
                0x0000000008003254                DMA2_Stream0_IRQHandler
                0x0000000008003254                TIM4_IRQHandler
                0x0000000008003254                I2C1_EV_IRQHandler
                0x0000000008003254                DMA1_Stream6_IRQHandler
                0x0000000008003254                DMA1_Stream1_IRQHandler
                0x0000000008003254                UART4_IRQHandler
                0x0000000008003254                TIM3_IRQHandler
                0x0000000008003254                RCC_IRQHandler
                0x0000000008003254                TIM8_BRK_TIM12_IRQHandler
                0x0000000008003254                Default_Handler
                0x0000000008003254                EXTI15_10_IRQHandler
                0x0000000008003254                ADC_IRQHandler
                0x0000000008003254                DMA1_Stream7_IRQHandler
                0x0000000008003254                TIM7_IRQHandler
                0x0000000008003254                CAN2_TX_IRQHandler
                0x0000000008003254                TIM5_IRQHandler
                0x0000000008003254                DMA2_Stream7_IRQHandler
                0x0000000008003254                I2C3_EV_IRQHandler
                0x0000000008003254                EXTI9_5_IRQHandler
                0x0000000008003254                RTC_WKUP_IRQHandler
                0x0000000008003254                ETH_WKUP_IRQHandler
                0x0000000008003254                SPI2_IRQHandler
                0x0000000008003254                OTG_HS_EP1_IN_IRQHandler
                0x0000000008003254                DMA1_Stream0_IRQHandler
                0x0000000008003254                CAN1_TX_IRQHandler
                0x0000000008003254                EXTI4_IRQHandler
                0x0000000008003254                FSMC_IRQHandler
                0x0000000008003254                ETH_IRQHandler
                0x0000000008003254                OTG_HS_EP1_OUT_IRQHandler
                0x0000000008003254                WWDG_IRQHandler
                0x0000000008003254                TIM2_IRQHandler
                0x0000000008003254                OTG_FS_WKUP_IRQHandler
                0x0000000008003254                TIM1_TRG_COM_TIM11_IRQHandler
                0x0000000008003254                OTG_HS_IRQHandler
                0x0000000008003254                EXTI1_IRQHandler
                0x0000000008003254                USART2_IRQHandler
                0x0000000008003254                I2C2_ER_IRQHandler
                0x0000000008003254                DMA2_Stream1_IRQHandler
                0x0000000008003254                CAN1_SCE_IRQHandler
                0x0000000008003254                FLASH_IRQHandler
                0x0000000008003254                DMA2_Stream4_IRQHandler
                0x0000000008003254                USART1_IRQHandler
                0x0000000008003254                SPI3_IRQHandler
                0x0000000008003254                DMA1_Stream4_IRQHandler
                0x0000000008003254                I2C1_ER_IRQHandler
                0x0000000008003254                DMA2_Stream6_IRQHandler
                0x0000000008003254                DMA1_Stream3_IRQHandler
 *fill*         0x0000000008003256        0x2 
 .text.HAL_Init
                0x0000000008003258       0x44 ./Drivers/STM32F4xx_HAL_Driver/Src/stm32f4xx_hal.o
                0x0000000008003258                HAL_Init
 .text.HAL_InitTick
                0x000000000800329c       0x60 ./Drivers/STM32F4xx_HAL_Driver/Src/stm32f4xx_hal.o
                0x000000000800329c                HAL_InitTick
 .text.HAL_IncTick
                0x00000000080032fc       0x28 ./Drivers/STM32F4xx_HAL_Driver/Src/stm32f4xx_hal.o
                0x00000000080032fc                HAL_IncTick
 .text.HAL_GetTick
                0x0000000008003324       0x18 ./Drivers/STM32F4xx_HAL_Driver/Src/stm32f4xx_hal.o
                0x0000000008003324                HAL_GetTick
 .text.HAL_Delay
                0x000000000800333c       0x48 ./Drivers/STM32F4xx_HAL_Driver/Src/stm32f4xx_hal.o
                0x000000000800333c                HAL_Delay
 .text.HAL_CAN_Init
                0x0000000008003384      0x1f6 ./Drivers/STM32F4xx_HAL_Driver/Src/stm32f4xx_hal_can.o
                0x0000000008003384                HAL_CAN_Init
 *fill*         0x000000000800357a        0x2 
 .text.__NVIC_SetPriorityGrouping
                0x000000000800357c       0x48 ./Drivers/STM32F4xx_HAL_Driver/Src/stm32f4xx_hal_cortex.o
 .text.__NVIC_GetPriorityGrouping
                0x00000000080035c4       0x1c ./Drivers/STM32F4xx_HAL_Driver/Src/stm32f4xx_hal_cortex.o
 .text.__NVIC_EnableIRQ
                0x00000000080035e0       0x3c ./Drivers/STM32F4xx_HAL_Driver/Src/stm32f4xx_hal_cortex.o
 .text.__NVIC_SetPriority
                0x000000000800361c       0x54 ./Drivers/STM32F4xx_HAL_Driver/Src/stm32f4xx_hal_cortex.o
 .text.NVIC_EncodePriority
                0x0000000008003670       0x66 ./Drivers/STM32F4xx_HAL_Driver/Src/stm32f4xx_hal_cortex.o
 *fill*         0x00000000080036d6        0x2 
 .text.SysTick_Config
                0x00000000080036d8       0x44 ./Drivers/STM32F4xx_HAL_Driver/Src/stm32f4xx_hal_cortex.o
 .text.HAL_NVIC_SetPriorityGrouping
                0x000000000800371c       0x16 ./Drivers/STM32F4xx_HAL_Driver/Src/stm32f4xx_hal_cortex.o
                0x000000000800371c                HAL_NVIC_SetPriorityGrouping
 .text.HAL_NVIC_SetPriority
                0x0000000008003732       0x38 ./Drivers/STM32F4xx_HAL_Driver/Src/stm32f4xx_hal_cortex.o
                0x0000000008003732                HAL_NVIC_SetPriority
 .text.HAL_NVIC_EnableIRQ
                0x000000000800376a       0x1c ./Drivers/STM32F4xx_HAL_Driver/Src/stm32f4xx_hal_cortex.o
                0x000000000800376a                HAL_NVIC_EnableIRQ
 .text.HAL_SYSTICK_Config
                0x0000000008003786       0x18 ./Drivers/STM32F4xx_HAL_Driver/Src/stm32f4xx_hal_cortex.o
                0x0000000008003786                HAL_SYSTICK_Config
 *fill*         0x000000000800379e        0x2 
 .text.HAL_GPIO_Init
                0x00000000080037a0      0x338 ./Drivers/STM32F4xx_HAL_Driver/Src/stm32f4xx_hal_gpio.o
                0x00000000080037a0                HAL_GPIO_Init
 .text.HAL_GPIO_WritePin
                0x0000000008003ad8       0x32 ./Drivers/STM32F4xx_HAL_Driver/Src/stm32f4xx_hal_gpio.o
                0x0000000008003ad8                HAL_GPIO_WritePin
 .text.HAL_HCD_Init
                0x0000000008003b0a       0xc4 ./Drivers/STM32F4xx_HAL_Driver/Src/stm32f4xx_hal_hcd.o
                0x0000000008003b0a                HAL_HCD_Init
 .text.HAL_HCD_HC_Init
                0x0000000008003bce      0x11e ./Drivers/STM32F4xx_HAL_Driver/Src/stm32f4xx_hal_hcd.o
                0x0000000008003bce                HAL_HCD_HC_Init
 .text.HAL_HCD_HC_Halt
                0x0000000008003cec       0x46 ./Drivers/STM32F4xx_HAL_Driver/Src/stm32f4xx_hal_hcd.o
                0x0000000008003cec                HAL_HCD_HC_Halt
 *fill*         0x0000000008003d32        0x2 
 .text.HAL_HCD_HC_SubmitRequest
                0x0000000008003d34      0x2ac ./Drivers/STM32F4xx_HAL_Driver/Src/stm32f4xx_hal_hcd.o
                0x0000000008003d34                HAL_HCD_HC_SubmitRequest
 .text.HAL_HCD_IRQHandler
                0x0000000008003fe0      0x216 ./Drivers/STM32F4xx_HAL_Driver/Src/stm32f4xx_hal_hcd.o
                0x0000000008003fe0                HAL_HCD_IRQHandler
 .text.HAL_HCD_Start
                0x00000000080041f6       0x46 ./Drivers/STM32F4xx_HAL_Driver/Src/stm32f4xx_hal_hcd.o
                0x00000000080041f6                HAL_HCD_Start
 .text.HAL_HCD_Stop
                0x000000000800423c       0x3a ./Drivers/STM32F4xx_HAL_Driver/Src/stm32f4xx_hal_hcd.o
                0x000000000800423c                HAL_HCD_Stop
 .text.HAL_HCD_ResetPort
                0x0000000008004276       0x1c ./Drivers/STM32F4xx_HAL_Driver/Src/stm32f4xx_hal_hcd.o
                0x0000000008004276                HAL_HCD_ResetPort
 .text.HAL_HCD_HC_GetURBState
                0x0000000008004292       0x28 ./Drivers/STM32F4xx_HAL_Driver/Src/stm32f4xx_hal_hcd.o
                0x0000000008004292                HAL_HCD_HC_GetURBState
 .text.HAL_HCD_HC_GetXferCount
                0x00000000080042ba       0x28 ./Drivers/STM32F4xx_HAL_Driver/Src/stm32f4xx_hal_hcd.o
                0x00000000080042ba                HAL_HCD_HC_GetXferCount
 .text.HAL_HCD_GetCurrentFrame
                0x00000000080042e2       0x1c ./Drivers/STM32F4xx_HAL_Driver/Src/stm32f4xx_hal_hcd.o
                0x00000000080042e2                HAL_HCD_GetCurrentFrame
 .text.HAL_HCD_GetCurrentSpeed
                0x00000000080042fe       0x1c ./Drivers/STM32F4xx_HAL_Driver/Src/stm32f4xx_hal_hcd.o
                0x00000000080042fe                HAL_HCD_GetCurrentSpeed
 .text.HCD_HC_IN_IRQHandler
                0x000000000800431a      0x6aa ./Drivers/STM32F4xx_HAL_Driver/Src/stm32f4xx_hal_hcd.o
 .text.HCD_HC_OUT_IRQHandler
                0x00000000080049c4      0x6d2 ./Drivers/STM32F4xx_HAL_Driver/Src/stm32f4xx_hal_hcd.o
 .text.HCD_RXQLVL_IRQHandler
                0x0000000008005096      0x1a4 ./Drivers/STM32F4xx_HAL_Driver/Src/stm32f4xx_hal_hcd.o
 .text.HCD_Port_IRQHandler
                0x000000000800523a       0xe6 ./Drivers/STM32F4xx_HAL_Driver/Src/stm32f4xx_hal_hcd.o
 .text.HAL_RCC_OscConfig
                0x0000000008005320      0x4f0 ./Drivers/STM32F4xx_HAL_Driver/Src/stm32f4xx_hal_rcc.o
                0x0000000008005320                HAL_RCC_OscConfig
 .text.HAL_RCC_ClockConfig
                0x0000000008005810      0x1cc ./Drivers/STM32F4xx_HAL_Driver/Src/stm32f4xx_hal_rcc.o
                0x0000000008005810                HAL_RCC_ClockConfig
 .text.HAL_RCC_GetSysClockFreq
                0x00000000080059dc      0x20c ./Drivers/STM32F4xx_HAL_Driver/Src/stm32f4xx_hal_rcc.o
                0x00000000080059dc                HAL_RCC_GetSysClockFreq
 .text.HAL_RCC_GetHCLKFreq
                0x0000000008005be8       0x18 ./Drivers/STM32F4xx_HAL_Driver/Src/stm32f4xx_hal_rcc.o
                0x0000000008005be8                HAL_RCC_GetHCLKFreq
 .text.HAL_RCC_GetPCLK1Freq
                0x0000000008005c00       0x28 ./Drivers/STM32F4xx_HAL_Driver/Src/stm32f4xx_hal_rcc.o
                0x0000000008005c00                HAL_RCC_GetPCLK1Freq
 .text.HAL_RCC_GetPCLK2Freq
                0x0000000008005c28       0x28 ./Drivers/STM32F4xx_HAL_Driver/Src/stm32f4xx_hal_rcc.o
                0x0000000008005c28                HAL_RCC_GetPCLK2Freq
 .text.HAL_SPI_Init
                0x0000000008005c50      0x112 ./Drivers/STM32F4xx_HAL_Driver/Src/stm32f4xx_hal_spi.o
                0x0000000008005c50                HAL_SPI_Init
 .text.HAL_SPI_Transmit
                0x0000000008005d62      0x278 ./Drivers/STM32F4xx_HAL_Driver/Src/stm32f4xx_hal_spi.o
                0x0000000008005d62                HAL_SPI_Transmit
 .text.HAL_SPI_TransmitReceive
                0x0000000008005fda      0x344 ./Drivers/STM32F4xx_HAL_Driver/Src/stm32f4xx_hal_spi.o
                0x0000000008005fda                HAL_SPI_TransmitReceive
 *fill*         0x000000000800631e        0x2 
 .text.SPI_WaitFlagStateUntilTimeout
                0x0000000008006320      0x110 ./Drivers/STM32F4xx_HAL_Driver/Src/stm32f4xx_hal_spi.o
 .text.SPI_EndRxTxTransaction
                0x0000000008006430       0x84 ./Drivers/STM32F4xx_HAL_Driver/Src/stm32f4xx_hal_spi.o
 .text.HAL_TIM_Base_Init
                0x00000000080064b4       0x9e ./Drivers/STM32F4xx_HAL_Driver/Src/stm32f4xx_hal_tim.o
                0x00000000080064b4                HAL_TIM_Base_Init
 .text.HAL_TIM_ConfigClockSource
                0x0000000008006552      0x18e ./Drivers/STM32F4xx_HAL_Driver/Src/stm32f4xx_hal_tim.o
                0x0000000008006552                HAL_TIM_ConfigClockSource
 .text.TIM_Base_SetConfig
                0x00000000080066e0      0x140 ./Drivers/STM32F4xx_HAL_Driver/Src/stm32f4xx_hal_tim.o
                0x00000000080066e0                TIM_Base_SetConfig
 .text.TIM_TI1_ConfigInputStage
                0x0000000008006820       0x5e ./Drivers/STM32F4xx_HAL_Driver/Src/stm32f4xx_hal_tim.o
 .text.TIM_TI2_ConfigInputStage
                0x000000000800687e       0x60 ./Drivers/STM32F4xx_HAL_Driver/Src/stm32f4xx_hal_tim.o
 .text.TIM_ITRx_SetConfig
                0x00000000080068de       0x36 ./Drivers/STM32F4xx_HAL_Driver/Src/stm32f4xx_hal_tim.o
 .text.TIM_ETR_SetConfig
                0x0000000008006914       0x40 ./Drivers/STM32F4xx_HAL_Driver/Src/stm32f4xx_hal_tim.o
                0x0000000008006914                TIM_ETR_SetConfig
 .text.HAL_TIMEx_MasterConfigSynchronization
                0x0000000008006954       0xf8 ./Drivers/STM32F4xx_HAL_Driver/Src/stm32f4xx_hal_tim_ex.o
                0x0000000008006954                HAL_TIMEx_MasterConfigSynchronization
 .text.HAL_UART_Init
                0x0000000008006a4c       0x9a ./Drivers/STM32F4xx_HAL_Driver/Src/stm32f4xx_hal_uart.o
                0x0000000008006a4c                HAL_UART_Init
 .text.HAL_UART_Transmit
                0x0000000008006ae6      0x124 ./Drivers/STM32F4xx_HAL_Driver/Src/stm32f4xx_hal_uart.o
                0x0000000008006ae6                HAL_UART_Transmit
 .text.UART_WaitOnFlagUntilTimeout
                0x0000000008006c0a       0xdc ./Drivers/STM32F4xx_HAL_Driver/Src/stm32f4xx_hal_uart.o
 *fill*         0x0000000008006ce6        0x2 
 .text.UART_SetConfig
                0x0000000008006ce8      0x4e8 ./Drivers/STM32F4xx_HAL_Driver/Src/stm32f4xx_hal_uart.o
 .text.USB_CoreInit
                0x00000000080071d0       0xc2 ./Drivers/STM32F4xx_HAL_Driver/Src/stm32f4xx_ll_usb.o
                0x00000000080071d0                USB_CoreInit
 .text.USB_EnableGlobalInt
                0x0000000008007292       0x22 ./Drivers/STM32F4xx_HAL_Driver/Src/stm32f4xx_ll_usb.o
                0x0000000008007292                USB_EnableGlobalInt
 .text.USB_DisableGlobalInt
                0x00000000080072b4       0x22 ./Drivers/STM32F4xx_HAL_Driver/Src/stm32f4xx_ll_usb.o
                0x00000000080072b4                USB_DisableGlobalInt
 .text.USB_SetCurrentMode
                0x00000000080072d6       0x98 ./Drivers/STM32F4xx_HAL_Driver/Src/stm32f4xx_ll_usb.o
                0x00000000080072d6                USB_SetCurrentMode
 *fill*         0x000000000800736e        0x2 
 .text.USB_FlushTxFifo
                0x0000000008007370       0x68 ./Drivers/STM32F4xx_HAL_Driver/Src/stm32f4xx_ll_usb.o
                0x0000000008007370                USB_FlushTxFifo
 .text.USB_FlushRxFifo
                0x00000000080073d8       0x60 ./Drivers/STM32F4xx_HAL_Driver/Src/stm32f4xx_ll_usb.o
                0x00000000080073d8                USB_FlushRxFifo
 .text.USB_WritePacket
                0x0000000008007438       0x7c ./Drivers/STM32F4xx_HAL_Driver/Src/stm32f4xx_ll_usb.o
                0x0000000008007438                USB_WritePacket
 .text.USB_ReadPacket
                0x00000000080074b4       0xb0 ./Drivers/STM32F4xx_HAL_Driver/Src/stm32f4xx_ll_usb.o
                0x00000000080074b4                USB_ReadPacket
 .text.USB_ReadInterrupts
                0x0000000008007564       0x26 ./Drivers/STM32F4xx_HAL_Driver/Src/stm32f4xx_ll_usb.o
                0x0000000008007564                USB_ReadInterrupts
 .text.USB_GetMode
                0x000000000800758a       0x1c ./Drivers/STM32F4xx_HAL_Driver/Src/stm32f4xx_ll_usb.o
                0x000000000800758a                USB_GetMode
 *fill*         0x00000000080075a6        0x2 
 .text.USB_CoreReset
                0x00000000080075a8       0x68 ./Drivers/STM32F4xx_HAL_Driver/Src/stm32f4xx_ll_usb.o
 .text.USB_HostInit
                0x0000000008007610      0x180 ./Drivers/STM32F4xx_HAL_Driver/Src/stm32f4xx_ll_usb.o
                0x0000000008007610                USB_HostInit
 .text.USB_InitFSLSPClkSel
                0x0000000008007790       0x74 ./Drivers/STM32F4xx_HAL_Driver/Src/stm32f4xx_ll_usb.o
                0x0000000008007790                USB_InitFSLSPClkSel
 .text.USB_ResetPort
                0x0000000008007804       0x54 ./Drivers/STM32F4xx_HAL_Driver/Src/stm32f4xx_ll_usb.o
                0x0000000008007804                USB_ResetPort
 .text.USB_DriveVbus
                0x0000000008007858       0x72 ./Drivers/STM32F4xx_HAL_Driver/Src/stm32f4xx_ll_usb.o
                0x0000000008007858                USB_DriveVbus
 .text.USB_GetHostSpeed
                0x00000000080078ca       0x2e ./Drivers/STM32F4xx_HAL_Driver/Src/stm32f4xx_ll_usb.o
                0x00000000080078ca                USB_GetHostSpeed
 .text.USB_GetCurrentFrame
                0x00000000080078f8       0x22 ./Drivers/STM32F4xx_HAL_Driver/Src/stm32f4xx_ll_usb.o
                0x00000000080078f8                USB_GetCurrentFrame
 *fill*         0x000000000800791a        0x2 
 .text.USB_HC_Init
                0x000000000800791c      0x244 ./Drivers/STM32F4xx_HAL_Driver/Src/stm32f4xx_ll_usb.o
                0x000000000800791c                USB_HC_Init
 .text.USB_HC_StartXfer
                0x0000000008007b60      0x284 ./Drivers/STM32F4xx_HAL_Driver/Src/stm32f4xx_ll_usb.o
                0x0000000008007b60                USB_HC_StartXfer
 .text.USB_HC_ReadInterrupt
                0x0000000008007de4       0x22 ./Drivers/STM32F4xx_HAL_Driver/Src/stm32f4xx_ll_usb.o
                0x0000000008007de4                USB_HC_ReadInterrupt
 .text.USB_HC_Halt
                0x0000000008007e06      0x1f8 ./Drivers/STM32F4xx_HAL_Driver/Src/stm32f4xx_ll_usb.o
                0x0000000008007e06                USB_HC_Halt
 *fill*         0x0000000008007ffe        0x2 
 .text.USB_DoPing
                0x0000000008008000       0x78 ./Drivers/STM32F4xx_HAL_Driver/Src/stm32f4xx_ll_usb.o
                0x0000000008008000                USB_DoPing
 .text.USB_StopHost
                0x0000000008008078      0x124 ./Drivers/STM32F4xx_HAL_Driver/Src/stm32f4xx_ll_usb.o
                0x0000000008008078                USB_StopHost
 .text.USBH_CDC_InterfaceInit
                0x000000000800819c      0x308 ./Middlewares/ST/STM32_USB_Host_Library/Class/CDC/Src/usbh_cdc.o
 .text.USBH_CDC_InterfaceDeInit
                0x00000000080084a4       0xb2 ./Middlewares/ST/STM32_USB_Host_Library/Class/CDC/Src/usbh_cdc.o
 *fill*         0x0000000008008556        0x2 
 .text.USBH_CDC_ClassRequest
                0x0000000008008558       0x60 ./Middlewares/ST/STM32_USB_Host_Library/Class/CDC/Src/usbh_cdc.o
 .text.USBH_CDC_Process
                0x00000000080085b8      0x12c ./Middlewares/ST/STM32_USB_Host_Library/Class/CDC/Src/usbh_cdc.o
 .text.USBH_CDC_SOFProcess
                0x00000000080086e4       0x16 ./Middlewares/ST/STM32_USB_Host_Library/Class/CDC/Src/usbh_cdc.o
 .text.GetLineCoding
                0x00000000080086fa       0x3e ./Middlewares/ST/STM32_USB_Host_Library/Class/CDC/Src/usbh_cdc.o
 .text.SetLineCoding
                0x0000000008008738       0x3e ./Middlewares/ST/STM32_USB_Host_Library/Class/CDC/Src/usbh_cdc.o
 .text.CDC_ProcessTransmission
                0x0000000008008776       0xec ./Middlewares/ST/STM32_USB_Host_Library/Class/CDC/Src/usbh_cdc.o
 .text.CDC_ProcessReception
                0x0000000008008862       0xb6 ./Middlewares/ST/STM32_USB_Host_Library/Class/CDC/Src/usbh_cdc.o
 .text.USBH_CDC_TransmitCallback
                0x0000000008008918       0x14 ./Middlewares/ST/STM32_USB_Host_Library/Class/CDC/Src/usbh_cdc.o
                0x0000000008008918                USBH_CDC_TransmitCallback
 .text.USBH_CDC_ReceiveCallback
                0x000000000800892c       0x14 ./Middlewares/ST/STM32_USB_Host_Library/Class/CDC/Src/usbh_cdc.o
                0x000000000800892c                USBH_CDC_ReceiveCallback
 .text.USBH_CDC_LineCodingChanged
                0x0000000008008940       0x14 ./Middlewares/ST/STM32_USB_Host_Library/Class/CDC/Src/usbh_cdc.o
                0x0000000008008940                USBH_CDC_LineCodingChanged
 .text.USBH_Init
                0x0000000008008954       0x90 ./Middlewares/ST/STM32_USB_Host_Library/Core/Src/usbh_core.o
                0x0000000008008954                USBH_Init
 .text.DeInitStateMachine
                0x00000000080089e4       0xa8 ./Middlewares/ST/STM32_USB_Host_Library/Core/Src/usbh_core.o
 .text.USBH_RegisterClass
                0x0000000008008a8c       0x80 ./Middlewares/ST/STM32_USB_Host_Library/Core/Src/usbh_core.o
                0x0000000008008a8c                USBH_RegisterClass
 .text.USBH_SelectInterface
                0x0000000008008b0c       0xd0 ./Middlewares/ST/STM32_USB_Host_Library/Core/Src/usbh_core.o
                0x0000000008008b0c                USBH_SelectInterface
 .text.USBH_FindInterface
                0x0000000008008bdc       0x8c ./Middlewares/ST/STM32_USB_Host_Library/Core/Src/usbh_core.o
                0x0000000008008bdc                USBH_FindInterface
 .text.USBH_Start
                0x0000000008008c68       0x20 ./Middlewares/ST/STM32_USB_Host_Library/Core/Src/usbh_core.o
                0x0000000008008c68                USBH_Start
 .text.USBH_Process
                0x0000000008008c88      0x4e8 ./Middlewares/ST/STM32_USB_Host_Library/Core/Src/usbh_core.o
                0x0000000008008c88                USBH_Process
 .text.USBH_HandleEnum
                0x0000000008009170      0x55c ./Middlewares/ST/STM32_USB_Host_Library/Core/Src/usbh_core.o
 .text.USBH_LL_SetTimer
                0x00000000080096cc       0x1e ./Middlewares/ST/STM32_USB_Host_Library/Core/Src/usbh_core.o
                0x00000000080096cc                USBH_LL_SetTimer
 .text.USBH_LL_IncTimer
                0x00000000080096ea       0x24 ./Middlewares/ST/STM32_USB_Host_Library/Core/Src/usbh_core.o
                0x00000000080096ea                USBH_LL_IncTimer
 .text.USBH_HandleSof
                0x000000000800970e       0x30 ./Middlewares/ST/STM32_USB_Host_Library/Core/Src/usbh_core.o
 .text.USBH_LL_PortEnabled
                0x000000000800973e       0x1c ./Middlewares/ST/STM32_USB_Host_Library/Core/Src/usbh_core.o
                0x000000000800973e                USBH_LL_PortEnabled
 .text.USBH_LL_PortDisabled
                0x000000000800975a       0x1c ./Middlewares/ST/STM32_USB_Host_Library/Core/Src/usbh_core.o
                0x000000000800975a                USBH_LL_PortDisabled
 .text.USBH_LL_Connect
                0x0000000008009776       0x2e ./Middlewares/ST/STM32_USB_Host_Library/Core/Src/usbh_core.o
                0x0000000008009776                USBH_LL_Connect
 .text.USBH_LL_Disconnect
                0x00000000080097a4       0x48 ./Middlewares/ST/STM32_USB_Host_Library/Core/Src/usbh_core.o
                0x00000000080097a4                USBH_LL_Disconnect
 .text.USBH_Get_DevDesc
                0x00000000080097ec       0x50 ./Middlewares/ST/STM32_USB_Host_Library/Core/Src/usbh_ctlreq.o
                0x00000000080097ec                USBH_Get_DevDesc
 .text.USBH_Get_CfgDesc
                0x000000000800983c       0x48 ./Middlewares/ST/STM32_USB_Host_Library/Core/Src/usbh_ctlreq.o
                0x000000000800983c                USBH_Get_CfgDesc
 .text.USBH_Get_StringDesc
                0x0000000008009884       0x56 ./Middlewares/ST/STM32_USB_Host_Library/Core/Src/usbh_ctlreq.o
                0x0000000008009884                USBH_Get_StringDesc
 .text.USBH_GetDescriptor
                0x00000000080098da       0x6a ./Middlewares/ST/STM32_USB_Host_Library/Core/Src/usbh_ctlreq.o
                0x00000000080098da                USBH_GetDescriptor
 .text.USBH_SetAddress
                0x0000000008009944       0x48 ./Middlewares/ST/STM32_USB_Host_Library/Core/Src/usbh_ctlreq.o
                0x0000000008009944                USBH_SetAddress
 .text.USBH_SetCfg
                0x000000000800998c       0x46 ./Middlewares/ST/STM32_USB_Host_Library/Core/Src/usbh_ctlreq.o
                0x000000000800998c                USBH_SetCfg
 .text.USBH_SetFeature
                0x00000000080099d2       0x48 ./Middlewares/ST/STM32_USB_Host_Library/Core/Src/usbh_ctlreq.o
                0x00000000080099d2                USBH_SetFeature
 .text.USBH_ClrFeature
                0x0000000008009a1a       0x48 ./Middlewares/ST/STM32_USB_Host_Library/Core/Src/usbh_ctlreq.o
                0x0000000008009a1a                USBH_ClrFeature
 .text.USBH_ParseDevDesc
                0x0000000008009a62      0x122 ./Middlewares/ST/STM32_USB_Host_Library/Core/Src/usbh_ctlreq.o
 .text.USBH_ParseCfgDesc
                0x0000000008009b84      0x1ec ./Middlewares/ST/STM32_USB_Host_Library/Core/Src/usbh_ctlreq.o
 .text.USBH_ParseInterfaceDesc
                0x0000000008009d70       0x5e ./Middlewares/ST/STM32_USB_Host_Library/Core/Src/usbh_ctlreq.o
 .text.USBH_ParseEPDesc
                0x0000000008009dce      0x14a ./Middlewares/ST/STM32_USB_Host_Library/Core/Src/usbh_ctlreq.o
 .text.USBH_ParseStringDesc
                0x0000000008009f18       0x66 ./Middlewares/ST/STM32_USB_Host_Library/Core/Src/usbh_ctlreq.o
 .text.USBH_GetNextDesc
                0x0000000008009f7e       0x36 ./Middlewares/ST/STM32_USB_Host_Library/Core/Src/usbh_ctlreq.o
                0x0000000008009f7e                USBH_GetNextDesc
 .text.USBH_CtlReq
                0x0000000008009fb4       0x7a ./Middlewares/ST/STM32_USB_Host_Library/Core/Src/usbh_ctlreq.o
                0x0000000008009fb4                USBH_CtlReq
 *fill*         0x000000000800a02e        0x2 
 .text.USBH_HandleControl
                0x000000000800a030      0x304 ./Middlewares/ST/STM32_USB_Host_Library/Core/Src/usbh_ctlreq.o
 .text.USBH_CtlSendSetup
                0x000000000800a334       0x34 ./Middlewares/ST/STM32_USB_Host_Library/Core/Src/usbh_ioreq.o
                0x000000000800a334                USBH_CtlSendSetup
 .text.USBH_CtlSendData
                0x000000000800a368       0x4a ./Middlewares/ST/STM32_USB_Host_Library/Core/Src/usbh_ioreq.o
                0x000000000800a368                USBH_CtlSendData
 .text.USBH_CtlReceiveData
                0x000000000800a3b2       0x3c ./Middlewares/ST/STM32_USB_Host_Library/Core/Src/usbh_ioreq.o
                0x000000000800a3b2                USBH_CtlReceiveData
 .text.USBH_BulkSendData
                0x000000000800a3ee       0x4a ./Middlewares/ST/STM32_USB_Host_Library/Core/Src/usbh_ioreq.o
                0x000000000800a3ee                USBH_BulkSendData
 .text.USBH_BulkReceiveData
                0x000000000800a438       0x3c ./Middlewares/ST/STM32_USB_Host_Library/Core/Src/usbh_ioreq.o
                0x000000000800a438                USBH_BulkReceiveData
 .text.USBH_OpenPipe
                0x000000000800a474       0x3e ./Middlewares/ST/STM32_USB_Host_Library/Core/Src/usbh_pipes.o
                0x000000000800a474                USBH_OpenPipe
 .text.USBH_ClosePipe
                0x000000000800a4b2       0x20 ./Middlewares/ST/STM32_USB_Host_Library/Core/Src/usbh_pipes.o
                0x000000000800a4b2                USBH_ClosePipe
 .text.USBH_AllocPipe
                0x000000000800a4d2       0x42 ./Middlewares/ST/STM32_USB_Host_Library/Core/Src/usbh_pipes.o
                0x000000000800a4d2                USBH_AllocPipe
 .text.USBH_FreePipe
                0x000000000800a514       0x3c ./Middlewares/ST/STM32_USB_Host_Library/Core/Src/usbh_pipes.o
                0x000000000800a514                USBH_FreePipe
 .text.USBH_GetFreePipe
                0x000000000800a550       0x48 ./Middlewares/ST/STM32_USB_Host_Library/Core/Src/usbh_pipes.o
 .text.MX_USB_HOST_Init
                0x000000000800a598       0x4c ./USB_HOST/App/usb_host.o
                0x000000000800a598                MX_USB_HOST_Init
 .text.MX_USB_HOST_Process
                0x000000000800a5e4       0x14 ./USB_HOST/App/usb_host.o
                0x000000000800a5e4                MX_USB_HOST_Process
 .text.USBH_UserProcess
                0x000000000800a5f8       0x5c ./USB_HOST/App/usb_host.o
 .text.HAL_HCD_MspInit
                0x000000000800a654       0xc4 ./USB_HOST/Target/usbh_conf.o
                0x000000000800a654                HAL_HCD_MspInit
 .text.HAL_HCD_SOF_Callback
                0x000000000800a718       0x1c ./USB_HOST/Target/usbh_conf.o
                0x000000000800a718                HAL_HCD_SOF_Callback
 .text.HAL_HCD_Connect_Callback
                0x000000000800a734       0x1c ./USB_HOST/Target/usbh_conf.o
                0x000000000800a734                HAL_HCD_Connect_Callback
 .text.HAL_HCD_Disconnect_Callback
                0x000000000800a750       0x1c ./USB_HOST/Target/usbh_conf.o
                0x000000000800a750                HAL_HCD_Disconnect_Callback
 .text.HAL_HCD_HC_NotifyURBChange_Callback
                0x000000000800a76c       0x1c ./USB_HOST/Target/usbh_conf.o
                0x000000000800a76c                HAL_HCD_HC_NotifyURBChange_Callback
 .text.HAL_HCD_PortEnabled_Callback
                0x000000000800a788       0x1c ./USB_HOST/Target/usbh_conf.o
                0x000000000800a788                HAL_HCD_PortEnabled_Callback
 .text.HAL_HCD_PortDisabled_Callback
                0x000000000800a7a4       0x1c ./USB_HOST/Target/usbh_conf.o
                0x000000000800a7a4                HAL_HCD_PortDisabled_Callback
 .text.USBH_LL_Init
                0x000000000800a7c0       0x78 ./USB_HOST/Target/usbh_conf.o
                0x000000000800a7c0                USBH_LL_Init
 .text.USBH_LL_Start
                0x000000000800a838       0x36 ./USB_HOST/Target/usbh_conf.o
                0x000000000800a838                USBH_LL_Start
 .text.USBH_LL_Stop
                0x000000000800a86e       0x36 ./USB_HOST/Target/usbh_conf.o
                0x000000000800a86e                USBH_LL_Stop
 .text.USBH_LL_GetSpeed
                0x000000000800a8a4       0x4e ./USB_HOST/Target/usbh_conf.o
                0x000000000800a8a4                USBH_LL_GetSpeed
 .text.USBH_LL_ResetPort
                0x000000000800a8f2       0x36 ./USB_HOST/Target/usbh_conf.o
                0x000000000800a8f2                USBH_LL_ResetPort
 .text.USBH_LL_GetLastXferSize
                0x000000000800a928       0x26 ./USB_HOST/Target/usbh_conf.o
                0x000000000800a928                USBH_LL_GetLastXferSize
 .text.USBH_LL_OpenPipe
                0x000000000800a94e       0x5e ./USB_HOST/Target/usbh_conf.o
                0x000000000800a94e                USBH_LL_OpenPipe
 .text.USBH_LL_ClosePipe
                0x000000000800a9ac       0x3e ./USB_HOST/Target/usbh_conf.o
                0x000000000800a9ac                USBH_LL_ClosePipe
 .text.USBH_LL_SubmitURB
                0x000000000800a9ea       0x62 ./USB_HOST/Target/usbh_conf.o
                0x000000000800a9ea                USBH_LL_SubmitURB
 .text.USBH_LL_GetURBState
                0x000000000800aa4c       0x26 ./USB_HOST/Target/usbh_conf.o
                0x000000000800aa4c                USBH_LL_GetURBState
 .text.USBH_LL_DriverVBUS
                0x000000000800aa72       0x2e ./USB_HOST/Target/usbh_conf.o
                0x000000000800aa72                USBH_LL_DriverVBUS
 .text.USBH_LL_SetToggle
                0x000000000800aaa0       0x60 ./USB_HOST/Target/usbh_conf.o
                0x000000000800aaa0                USBH_LL_SetToggle
 .text.USBH_Delay
                0x000000000800ab00       0x16 ./USB_HOST/Target/usbh_conf.o
                0x000000000800ab00                USBH_Delay
 *fill*         0x000000000800ab16        0x2 
 .text.USBH_Get_USB_Status
                0x000000000800ab18       0x58 ./USB_HOST/Target/usbh_conf.o
                0x000000000800ab18                USBH_Get_USB_Status
 .text.MX_DriverVbusFS
                0x000000000800ab70       0x38 ./USB_HOST/Target/usbh_platform.o
                0x000000000800ab70                MX_DriverVbusFS
 .text.__errno  0x000000000800aba8        0xc c:/st/stm32cubeide_1.11.2/stm32cubeide/plugins/com.st.stm32cube.ide.mcu.externaltools.gnu-tools-for-stm32.10.3-2021.10.win32_1.0.200.202301161003/tools/bin/../lib/gcc/arm-none-eabi/10.3.1/../../../../arm-none-eabi/lib/thumb/v7e-m+fp/hard\libc_nano.a(lib_a-errno.o)
                0x000000000800aba8                __errno
 .text.__libc_init_array
                0x000000000800abb4       0x48 c:/st/stm32cubeide_1.11.2/stm32cubeide/plugins/com.st.stm32cube.ide.mcu.externaltools.gnu-tools-for-stm32.10.3-2021.10.win32_1.0.200.202301161003/tools/bin/../lib/gcc/arm-none-eabi/10.3.1/../../../../arm-none-eabi/lib/thumb/v7e-m+fp/hard\libc_nano.a(lib_a-init.o)
                0x000000000800abb4                __libc_init_array
 .text.malloc   0x000000000800abfc       0x10 c:/st/stm32cubeide_1.11.2/stm32cubeide/plugins/com.st.stm32cube.ide.mcu.externaltools.gnu-tools-for-stm32.10.3-2021.10.win32_1.0.200.202301161003/tools/bin/../lib/gcc/arm-none-eabi/10.3.1/../../../../arm-none-eabi/lib/thumb/v7e-m+fp/hard\libc_nano.a(lib_a-malloc.o)
                0x000000000800abfc                malloc
 .text.free     0x000000000800ac0c       0x10 c:/st/stm32cubeide_1.11.2/stm32cubeide/plugins/com.st.stm32cube.ide.mcu.externaltools.gnu-tools-for-stm32.10.3-2021.10.win32_1.0.200.202301161003/tools/bin/../lib/gcc/arm-none-eabi/10.3.1/../../../../arm-none-eabi/lib/thumb/v7e-m+fp/hard\libc_nano.a(lib_a-malloc.o)
                0x000000000800ac0c                free
 .text.memset   0x000000000800ac1c       0x10 c:/st/stm32cubeide_1.11.2/stm32cubeide/plugins/com.st.stm32cube.ide.mcu.externaltools.gnu-tools-for-stm32.10.3-2021.10.win32_1.0.200.202301161003/tools/bin/../lib/gcc/arm-none-eabi/10.3.1/../../../../arm-none-eabi/lib/thumb/v7e-m+fp/hard\libc_nano.a(lib_a-memset.o)
                0x000000000800ac1c                memset
 .text._free_r  0x000000000800ac2c       0x98 c:/st/stm32cubeide_1.11.2/stm32cubeide/plugins/com.st.stm32cube.ide.mcu.externaltools.gnu-tools-for-stm32.10.3-2021.10.win32_1.0.200.202301161003/tools/bin/../lib/gcc/arm-none-eabi/10.3.1/../../../../arm-none-eabi/lib/thumb/v7e-m+fp/hard\libc_nano.a(lib_a-nano-freer.o)
                0x000000000800ac2c                _free_r
 .text.sbrk_aligned
                0x000000000800acc4       0x40 c:/st/stm32cubeide_1.11.2/stm32cubeide/plugins/com.st.stm32cube.ide.mcu.externaltools.gnu-tools-for-stm32.10.3-2021.10.win32_1.0.200.202301161003/tools/bin/../lib/gcc/arm-none-eabi/10.3.1/../../../../arm-none-eabi/lib/thumb/v7e-m+fp/hard\libc_nano.a(lib_a-nano-mallocr.o)
 .text._malloc_r
                0x000000000800ad04       0xe8 c:/st/stm32cubeide_1.11.2/stm32cubeide/plugins/com.st.stm32cube.ide.mcu.externaltools.gnu-tools-for-stm32.10.3-2021.10.win32_1.0.200.202301161003/tools/bin/../lib/gcc/arm-none-eabi/10.3.1/../../../../arm-none-eabi/lib/thumb/v7e-m+fp/hard\libc_nano.a(lib_a-nano-mallocr.o)
                0x000000000800ad04                _malloc_r
 .text.__cvt    0x000000000800adec       0xc4 c:/st/stm32cubeide_1.11.2/stm32cubeide/plugins/com.st.stm32cube.ide.mcu.externaltools.gnu-tools-for-stm32.10.3-2021.10.win32_1.0.200.202301161003/tools/bin/../lib/gcc/arm-none-eabi/10.3.1/../../../../arm-none-eabi/lib/thumb/v7e-m+fp/hard\libc_nano.a(lib_a-nano-vfprintf_float.o)
                0x000000000800adec                __cvt
 .text.__exponent
                0x000000000800aeb0       0x7c c:/st/stm32cubeide_1.11.2/stm32cubeide/plugins/com.st.stm32cube.ide.mcu.externaltools.gnu-tools-for-stm32.10.3-2021.10.win32_1.0.200.202301161003/tools/bin/../lib/gcc/arm-none-eabi/10.3.1/../../../../arm-none-eabi/lib/thumb/v7e-m+fp/hard\libc_nano.a(lib_a-nano-vfprintf_float.o)
                0x000000000800aeb0                __exponent
 .text._printf_float
                0x000000000800af2c      0x46c c:/st/stm32cubeide_1.11.2/stm32cubeide/plugins/com.st.stm32cube.ide.mcu.externaltools.gnu-tools-for-stm32.10.3-2021.10.win32_1.0.200.202301161003/tools/bin/../lib/gcc/arm-none-eabi/10.3.1/../../../../arm-none-eabi/lib/thumb/v7e-m+fp/hard\libc_nano.a(lib_a-nano-vfprintf_float.o)
                0x000000000800af2c                _printf_float
 .text._printf_common
                0x000000000800b398       0xda c:/st/stm32cubeide_1.11.2/stm32cubeide/plugins/com.st.stm32cube.ide.mcu.externaltools.gnu-tools-for-stm32.10.3-2021.10.win32_1.0.200.202301161003/tools/bin/../lib/gcc/arm-none-eabi/10.3.1/../../../../arm-none-eabi/lib/thumb/v7e-m+fp/hard\libc_nano.a(lib_a-nano-vfprintf_i.o)
                0x000000000800b398                _printf_common
 *fill*         0x000000000800b472        0x2 
 .text._printf_i
                0x000000000800b474      0x24c c:/st/stm32cubeide_1.11.2/stm32cubeide/plugins/com.st.stm32cube.ide.mcu.externaltools.gnu-tools-for-stm32.10.3-2021.10.win32_1.0.200.202301161003/tools/bin/../lib/gcc/arm-none-eabi/10.3.1/../../../../arm-none-eabi/lib/thumb/v7e-m+fp/hard\libc_nano.a(lib_a-nano-vfprintf_i.o)
                0x000000000800b474                _printf_i
 .text.printf   0x000000000800b6c0       0x30 c:/st/stm32cubeide_1.11.2/stm32cubeide/plugins/com.st.stm32cube.ide.mcu.externaltools.gnu-tools-for-stm32.10.3-2021.10.win32_1.0.200.202301161003/tools/bin/../lib/gcc/arm-none-eabi/10.3.1/../../../../arm-none-eabi/lib/thumb/v7e-m+fp/hard\libc_nano.a(lib_a-printf.o)
                0x000000000800b6c0                iprintf
                0x000000000800b6c0                printf
 .text.putchar  0x000000000800b6f0       0x2c c:/st/stm32cubeide_1.11.2/stm32cubeide/plugins/com.st.stm32cube.ide.mcu.externaltools.gnu-tools-for-stm32.10.3-2021.10.win32_1.0.200.202301161003/tools/bin/../lib/gcc/arm-none-eabi/10.3.1/../../../../arm-none-eabi/lib/thumb/v7e-m+fp/hard\libc_nano.a(lib_a-putchar.o)
                0x000000000800b6f0                putchar
 .text._puts_r  0x000000000800b71c       0xdc c:/st/stm32cubeide_1.11.2/stm32cubeide/plugins/com.st.stm32cube.ide.mcu.externaltools.gnu-tools-for-stm32.10.3-2021.10.win32_1.0.200.202301161003/tools/bin/../lib/gcc/arm-none-eabi/10.3.1/../../../../arm-none-eabi/lib/thumb/v7e-m+fp/hard\libc_nano.a(lib_a-puts.o)
                0x000000000800b71c                _puts_r
 .text.puts     0x000000000800b7f8       0x10 c:/st/stm32cubeide_1.11.2/stm32cubeide/plugins/com.st.stm32cube.ide.mcu.externaltools.gnu-tools-for-stm32.10.3-2021.10.win32_1.0.200.202301161003/tools/bin/../lib/gcc/arm-none-eabi/10.3.1/../../../../arm-none-eabi/lib/thumb/v7e-m+fp/hard\libc_nano.a(lib_a-puts.o)
                0x000000000800b7f8                puts
 .text._sbrk_r  0x000000000800b808       0x20 c:/st/stm32cubeide_1.11.2/stm32cubeide/plugins/com.st.stm32cube.ide.mcu.externaltools.gnu-tools-for-stm32.10.3-2021.10.win32_1.0.200.202301161003/tools/bin/../lib/gcc/arm-none-eabi/10.3.1/../../../../arm-none-eabi/lib/thumb/v7e-m+fp/hard\libc_nano.a(lib_a-sbrkr.o)
                0x000000000800b808                _sbrk_r
 .text.__swbuf_r
                0x000000000800b828       0xa4 c:/st/stm32cubeide_1.11.2/stm32cubeide/plugins/com.st.stm32cube.ide.mcu.externaltools.gnu-tools-for-stm32.10.3-2021.10.win32_1.0.200.202301161003/tools/bin/../lib/gcc/arm-none-eabi/10.3.1/../../../../arm-none-eabi/lib/thumb/v7e-m+fp/hard\libc_nano.a(lib_a-wbuf.o)
                0x000000000800b828                __swbuf_r
 .text.__swsetup_r
                0x000000000800b8cc       0xdc c:/st/stm32cubeide_1.11.2/stm32cubeide/plugins/com.st.stm32cube.ide.mcu.externaltools.gnu-tools-for-stm32.10.3-2021.10.win32_1.0.200.202301161003/tools/bin/../lib/gcc/arm-none-eabi/10.3.1/../../../../arm-none-eabi/lib/thumb/v7e-m+fp/hard\libc_nano.a(lib_a-wsetup.o)
                0x000000000800b8cc                __swsetup_r
 .text.quorem   0x000000000800b9a8      0x116 c:/st/stm32cubeide_1.11.2/stm32cubeide/plugins/com.st.stm32cube.ide.mcu.externaltools.gnu-tools-for-stm32.10.3-2021.10.win32_1.0.200.202301161003/tools/bin/../lib/gcc/arm-none-eabi/10.3.1/../../../../arm-none-eabi/lib/thumb/v7e-m+fp/hard\libc_nano.a(lib_a-dtoa.o)
 *fill*         0x000000000800babe        0x2 
 .text._dtoa_r  0x000000000800bac0      0xbdc c:/st/stm32cubeide_1.11.2/stm32cubeide/plugins/com.st.stm32cube.ide.mcu.externaltools.gnu-tools-for-stm32.10.3-2021.10.win32_1.0.200.202301161003/tools/bin/../lib/gcc/arm-none-eabi/10.3.1/../../../../arm-none-eabi/lib/thumb/v7e-m+fp/hard\libc_nano.a(lib_a-dtoa.o)
                0x000000000800bac0                _dtoa_r
 .text.__sflush_r
                0x000000000800c69c      0x10c c:/st/stm32cubeide_1.11.2/stm32cubeide/plugins/com.st.stm32cube.ide.mcu.externaltools.gnu-tools-for-stm32.10.3-2021.10.win32_1.0.200.202301161003/tools/bin/../lib/gcc/arm-none-eabi/10.3.1/../../../../arm-none-eabi/lib/thumb/v7e-m+fp/hard\libc_nano.a(lib_a-fflush.o)
                0x000000000800c69c                __sflush_r
 .text._fflush_r
                0x000000000800c7a8       0x78 c:/st/stm32cubeide_1.11.2/stm32cubeide/plugins/com.st.stm32cube.ide.mcu.externaltools.gnu-tools-for-stm32.10.3-2021.10.win32_1.0.200.202301161003/tools/bin/../lib/gcc/arm-none-eabi/10.3.1/../../../../arm-none-eabi/lib/thumb/v7e-m+fp/hard\libc_nano.a(lib_a-fflush.o)
                0x000000000800c7a8                _fflush_r
 .text.std      0x000000000800c820       0x48 c:/st/stm32cubeide_1.11.2/stm32cubeide/plugins/com.st.stm32cube.ide.mcu.externaltools.gnu-tools-for-stm32.10.3-2021.10.win32_1.0.200.202301161003/tools/bin/../lib/gcc/arm-none-eabi/10.3.1/../../../../arm-none-eabi/lib/thumb/v7e-m+fp/hard\libc_nano.a(lib_a-findfp.o)
 .text._cleanup_r
                0x000000000800c868        0xc c:/st/stm32cubeide_1.11.2/stm32cubeide/plugins/com.st.stm32cube.ide.mcu.externaltools.gnu-tools-for-stm32.10.3-2021.10.win32_1.0.200.202301161003/tools/bin/../lib/gcc/arm-none-eabi/10.3.1/../../../../arm-none-eabi/lib/thumb/v7e-m+fp/hard\libc_nano.a(lib_a-findfp.o)
                0x000000000800c868                _cleanup_r
 .text.__sfmoreglue
                0x000000000800c874       0x2c c:/st/stm32cubeide_1.11.2/stm32cubeide/plugins/com.st.stm32cube.ide.mcu.externaltools.gnu-tools-for-stm32.10.3-2021.10.win32_1.0.200.202301161003/tools/bin/../lib/gcc/arm-none-eabi/10.3.1/../../../../arm-none-eabi/lib/thumb/v7e-m+fp/hard\libc_nano.a(lib_a-findfp.o)
                0x000000000800c874                __sfmoreglue
 .text.__sfp_lock_acquire
                0x000000000800c8a0        0xc c:/st/stm32cubeide_1.11.2/stm32cubeide/plugins/com.st.stm32cube.ide.mcu.externaltools.gnu-tools-for-stm32.10.3-2021.10.win32_1.0.200.202301161003/tools/bin/../lib/gcc/arm-none-eabi/10.3.1/../../../../arm-none-eabi/lib/thumb/v7e-m+fp/hard\libc_nano.a(lib_a-findfp.o)
                0x000000000800c8a0                __sfp_lock_acquire
 .text.__sfp_lock_release
                0x000000000800c8ac        0xc c:/st/stm32cubeide_1.11.2/stm32cubeide/plugins/com.st.stm32cube.ide.mcu.externaltools.gnu-tools-for-stm32.10.3-2021.10.win32_1.0.200.202301161003/tools/bin/../lib/gcc/arm-none-eabi/10.3.1/../../../../arm-none-eabi/lib/thumb/v7e-m+fp/hard\libc_nano.a(lib_a-findfp.o)
                0x000000000800c8ac                __sfp_lock_release
 .text.__sinit_lock_acquire
                0x000000000800c8b8        0xc c:/st/stm32cubeide_1.11.2/stm32cubeide/plugins/com.st.stm32cube.ide.mcu.externaltools.gnu-tools-for-stm32.10.3-2021.10.win32_1.0.200.202301161003/tools/bin/../lib/gcc/arm-none-eabi/10.3.1/../../../../arm-none-eabi/lib/thumb/v7e-m+fp/hard\libc_nano.a(lib_a-findfp.o)
                0x000000000800c8b8                __sinit_lock_acquire
 .text.__sinit_lock_release
                0x000000000800c8c4        0xc c:/st/stm32cubeide_1.11.2/stm32cubeide/plugins/com.st.stm32cube.ide.mcu.externaltools.gnu-tools-for-stm32.10.3-2021.10.win32_1.0.200.202301161003/tools/bin/../lib/gcc/arm-none-eabi/10.3.1/../../../../arm-none-eabi/lib/thumb/v7e-m+fp/hard\libc_nano.a(lib_a-findfp.o)
                0x000000000800c8c4                __sinit_lock_release
 .text.__sinit  0x000000000800c8d0       0x70 c:/st/stm32cubeide_1.11.2/stm32cubeide/plugins/com.st.stm32cube.ide.mcu.externaltools.gnu-tools-for-stm32.10.3-2021.10.win32_1.0.200.202301161003/tools/bin/../lib/gcc/arm-none-eabi/10.3.1/../../../../arm-none-eabi/lib/thumb/v7e-m+fp/hard\libc_nano.a(lib_a-findfp.o)
                0x000000000800c8d0                __sinit
 .text.__sfp    0x000000000800c940       0x8c c:/st/stm32cubeide_1.11.2/stm32cubeide/plugins/com.st.stm32cube.ide.mcu.externaltools.gnu-tools-for-stm32.10.3-2021.10.win32_1.0.200.202301161003/tools/bin/../lib/gcc/arm-none-eabi/10.3.1/../../../../arm-none-eabi/lib/thumb/v7e-m+fp/hard\libc_nano.a(lib_a-findfp.o)
                0x000000000800c940                __sfp
 .text._fwalk_reent
                0x000000000800c9cc       0x3e c:/st/stm32cubeide_1.11.2/stm32cubeide/plugins/com.st.stm32cube.ide.mcu.externaltools.gnu-tools-for-stm32.10.3-2021.10.win32_1.0.200.202301161003/tools/bin/../lib/gcc/arm-none-eabi/10.3.1/../../../../arm-none-eabi/lib/thumb/v7e-m+fp/hard\libc_nano.a(lib_a-fwalk.o)
                0x000000000800c9cc                _fwalk_reent
 *fill*         0x000000000800ca0a        0x2 
 .text._localeconv_r
                0x000000000800ca0c        0x8 c:/st/stm32cubeide_1.11.2/stm32cubeide/plugins/com.st.stm32cube.ide.mcu.externaltools.gnu-tools-for-stm32.10.3-2021.10.win32_1.0.200.202301161003/tools/bin/../lib/gcc/arm-none-eabi/10.3.1/../../../../arm-none-eabi/lib/thumb/v7e-m+fp/hard\libc_nano.a(lib_a-localeconv.o)
                0x000000000800ca0c                _localeconv_r
 .text.__retarget_lock_init_recursive
                0x000000000800ca14        0x2 c:/st/stm32cubeide_1.11.2/stm32cubeide/plugins/com.st.stm32cube.ide.mcu.externaltools.gnu-tools-for-stm32.10.3-2021.10.win32_1.0.200.202301161003/tools/bin/../lib/gcc/arm-none-eabi/10.3.1/../../../../arm-none-eabi/lib/thumb/v7e-m+fp/hard\libc_nano.a(lib_a-lock.o)
                0x000000000800ca14                __retarget_lock_init_recursive
 .text.__retarget_lock_acquire_recursive
                0x000000000800ca16        0x2 c:/st/stm32cubeide_1.11.2/stm32cubeide/plugins/com.st.stm32cube.ide.mcu.externaltools.gnu-tools-for-stm32.10.3-2021.10.win32_1.0.200.202301161003/tools/bin/../lib/gcc/arm-none-eabi/10.3.1/../../../../arm-none-eabi/lib/thumb/v7e-m+fp/hard\libc_nano.a(lib_a-lock.o)
                0x000000000800ca16                __retarget_lock_acquire_recursive
 .text.__retarget_lock_release_recursive
                0x000000000800ca18        0x2 c:/st/stm32cubeide_1.11.2/stm32cubeide/plugins/com.st.stm32cube.ide.mcu.externaltools.gnu-tools-for-stm32.10.3-2021.10.win32_1.0.200.202301161003/tools/bin/../lib/gcc/arm-none-eabi/10.3.1/../../../../arm-none-eabi/lib/thumb/v7e-m+fp/hard\libc_nano.a(lib_a-lock.o)
                0x000000000800ca18                __retarget_lock_release_recursive
 .text.__swhatbuf_r
                0x000000000800ca1a       0x4a c:/st/stm32cubeide_1.11.2/stm32cubeide/plugins/com.st.stm32cube.ide.mcu.externaltools.gnu-tools-for-stm32.10.3-2021.10.win32_1.0.200.202301161003/tools/bin/../lib/gcc/arm-none-eabi/10.3.1/../../../../arm-none-eabi/lib/thumb/v7e-m+fp/hard\libc_nano.a(lib_a-makebuf.o)
                0x000000000800ca1a                __swhatbuf_r
 .text.__smakebuf_r
                0x000000000800ca64       0x80 c:/st/stm32cubeide_1.11.2/stm32cubeide/plugins/com.st.stm32cube.ide.mcu.externaltools.gnu-tools-for-stm32.10.3-2021.10.win32_1.0.200.202301161003/tools/bin/../lib/gcc/arm-none-eabi/10.3.1/../../../../arm-none-eabi/lib/thumb/v7e-m+fp/hard\libc_nano.a(lib_a-makebuf.o)
                0x000000000800ca64                __smakebuf_r
 .text.memcpy   0x000000000800cae4       0x1c c:/st/stm32cubeide_1.11.2/stm32cubeide/plugins/com.st.stm32cube.ide.mcu.externaltools.gnu-tools-for-stm32.10.3-2021.10.win32_1.0.200.202301161003/tools/bin/../lib/gcc/arm-none-eabi/10.3.1/../../../../arm-none-eabi/lib/thumb/v7e-m+fp/hard\libc_nano.a(lib_a-memcpy-stub.o)
                0x000000000800cae4                memcpy
 .text.__malloc_lock
                0x000000000800cb00        0xc c:/st/stm32cubeide_1.11.2/stm32cubeide/plugins/com.st.stm32cube.ide.mcu.externaltools.gnu-tools-for-stm32.10.3-2021.10.win32_1.0.200.202301161003/tools/bin/../lib/gcc/arm-none-eabi/10.3.1/../../../../arm-none-eabi/lib/thumb/v7e-m+fp/hard\libc_nano.a(lib_a-mlock.o)
                0x000000000800cb00                __malloc_lock
 .text.__malloc_unlock
                0x000000000800cb0c        0xc c:/st/stm32cubeide_1.11.2/stm32cubeide/plugins/com.st.stm32cube.ide.mcu.externaltools.gnu-tools-for-stm32.10.3-2021.10.win32_1.0.200.202301161003/tools/bin/../lib/gcc/arm-none-eabi/10.3.1/../../../../arm-none-eabi/lib/thumb/v7e-m+fp/hard\libc_nano.a(lib_a-mlock.o)
                0x000000000800cb0c                __malloc_unlock
 .text._Balloc  0x000000000800cb18       0x80 c:/st/stm32cubeide_1.11.2/stm32cubeide/plugins/com.st.stm32cube.ide.mcu.externaltools.gnu-tools-for-stm32.10.3-2021.10.win32_1.0.200.202301161003/tools/bin/../lib/gcc/arm-none-eabi/10.3.1/../../../../arm-none-eabi/lib/thumb/v7e-m+fp/hard\libc_nano.a(lib_a-mprec.o)
                0x000000000800cb18                _Balloc
 .text._Bfree   0x000000000800cb98       0x44 c:/st/stm32cubeide_1.11.2/stm32cubeide/plugins/com.st.stm32cube.ide.mcu.externaltools.gnu-tools-for-stm32.10.3-2021.10.win32_1.0.200.202301161003/tools/bin/../lib/gcc/arm-none-eabi/10.3.1/../../../../arm-none-eabi/lib/thumb/v7e-m+fp/hard\libc_nano.a(lib_a-mprec.o)
                0x000000000800cb98                _Bfree
 .text.__multadd
                0x000000000800cbdc       0x8c c:/st/stm32cubeide_1.11.2/stm32cubeide/plugins/com.st.stm32cube.ide.mcu.externaltools.gnu-tools-for-stm32.10.3-2021.10.win32_1.0.200.202301161003/tools/bin/../lib/gcc/arm-none-eabi/10.3.1/../../../../arm-none-eabi/lib/thumb/v7e-m+fp/hard\libc_nano.a(lib_a-mprec.o)
                0x000000000800cbdc                __multadd
 .text.__hi0bits
                0x000000000800cc68       0x40 c:/st/stm32cubeide_1.11.2/stm32cubeide/plugins/com.st.stm32cube.ide.mcu.externaltools.gnu-tools-for-stm32.10.3-2021.10.win32_1.0.200.202301161003/tools/bin/../lib/gcc/arm-none-eabi/10.3.1/../../../../arm-none-eabi/lib/thumb/v7e-m+fp/hard\libc_nano.a(lib_a-mprec.o)
                0x000000000800cc68                __hi0bits
 .text.__lo0bits
                0x000000000800cca8       0x5e c:/st/stm32cubeide_1.11.2/stm32cubeide/plugins/com.st.stm32cube.ide.mcu.externaltools.gnu-tools-for-stm32.10.3-2021.10.win32_1.0.200.202301161003/tools/bin/../lib/gcc/arm-none-eabi/10.3.1/../../../../arm-none-eabi/lib/thumb/v7e-m+fp/hard\libc_nano.a(lib_a-mprec.o)
                0x000000000800cca8                __lo0bits
 *fill*         0x000000000800cd06        0x2 
 .text.__i2b    0x000000000800cd08       0x2c c:/st/stm32cubeide_1.11.2/stm32cubeide/plugins/com.st.stm32cube.ide.mcu.externaltools.gnu-tools-for-stm32.10.3-2021.10.win32_1.0.200.202301161003/tools/bin/../lib/gcc/arm-none-eabi/10.3.1/../../../../arm-none-eabi/lib/thumb/v7e-m+fp/hard\libc_nano.a(lib_a-mprec.o)
                0x000000000800cd08                __i2b
 .text.__multiply
                0x000000000800cd34      0x154 c:/st/stm32cubeide_1.11.2/stm32cubeide/plugins/com.st.stm32cube.ide.mcu.externaltools.gnu-tools-for-stm32.10.3-2021.10.win32_1.0.200.202301161003/tools/bin/../lib/gcc/arm-none-eabi/10.3.1/../../../../arm-none-eabi/lib/thumb/v7e-m+fp/hard\libc_nano.a(lib_a-mprec.o)
                0x000000000800cd34                __multiply
 .text.__pow5mult
                0x000000000800ce88       0xb4 c:/st/stm32cubeide_1.11.2/stm32cubeide/plugins/com.st.stm32cube.ide.mcu.externaltools.gnu-tools-for-stm32.10.3-2021.10.win32_1.0.200.202301161003/tools/bin/../lib/gcc/arm-none-eabi/10.3.1/../../../../arm-none-eabi/lib/thumb/v7e-m+fp/hard\libc_nano.a(lib_a-mprec.o)
                0x000000000800ce88                __pow5mult
 .text.__lshift
                0x000000000800cf3c       0xe0 c:/st/stm32cubeide_1.11.2/stm32cubeide/plugins/com.st.stm32cube.ide.mcu.externaltools.gnu-tools-for-stm32.10.3-2021.10.win32_1.0.200.202301161003/tools/bin/../lib/gcc/arm-none-eabi/10.3.1/../../../../arm-none-eabi/lib/thumb/v7e-m+fp/hard\libc_nano.a(lib_a-mprec.o)
                0x000000000800cf3c                __lshift
 .text.__mcmp   0x000000000800d01c       0x38 c:/st/stm32cubeide_1.11.2/stm32cubeide/plugins/com.st.stm32cube.ide.mcu.externaltools.gnu-tools-for-stm32.10.3-2021.10.win32_1.0.200.202301161003/tools/bin/../lib/gcc/arm-none-eabi/10.3.1/../../../../arm-none-eabi/lib/thumb/v7e-m+fp/hard\libc_nano.a(lib_a-mprec.o)
                0x000000000800d01c                __mcmp
 .text.__mdiff  0x000000000800d054      0x114 c:/st/stm32cubeide_1.11.2/stm32cubeide/plugins/com.st.stm32cube.ide.mcu.externaltools.gnu-tools-for-stm32.10.3-2021.10.win32_1.0.200.202301161003/tools/bin/../lib/gcc/arm-none-eabi/10.3.1/../../../../arm-none-eabi/lib/thumb/v7e-m+fp/hard\libc_nano.a(lib_a-mprec.o)
                0x000000000800d054                __mdiff
 .text.__d2b    0x000000000800d168       0xb8 c:/st/stm32cubeide_1.11.2/stm32cubeide/plugins/com.st.stm32cube.ide.mcu.externaltools.gnu-tools-for-stm32.10.3-2021.10.win32_1.0.200.202301161003/tools/bin/../lib/gcc/arm-none-eabi/10.3.1/../../../../arm-none-eabi/lib/thumb/v7e-m+fp/hard\libc_nano.a(lib_a-mprec.o)
                0x000000000800d168                __d2b
 .text._calloc_r
                0x000000000800d220       0x2c c:/st/stm32cubeide_1.11.2/stm32cubeide/plugins/com.st.stm32cube.ide.mcu.externaltools.gnu-tools-for-stm32.10.3-2021.10.win32_1.0.200.202301161003/tools/bin/../lib/gcc/arm-none-eabi/10.3.1/../../../../arm-none-eabi/lib/thumb/v7e-m+fp/hard\libc_nano.a(lib_a-nano-callocr.o)
                0x000000000800d220                _calloc_r
 .text.__sfputc_r
                0x000000000800d24c       0x2e c:/st/stm32cubeide_1.11.2/stm32cubeide/plugins/com.st.stm32cube.ide.mcu.externaltools.gnu-tools-for-stm32.10.3-2021.10.win32_1.0.200.202301161003/tools/bin/../lib/gcc/arm-none-eabi/10.3.1/../../../../arm-none-eabi/lib/thumb/v7e-m+fp/hard\libc_nano.a(lib_a-nano-vfprintf.o)
 .text.__sfputs_r
                0x000000000800d27a       0x24 c:/st/stm32cubeide_1.11.2/stm32cubeide/plugins/com.st.stm32cube.ide.mcu.externaltools.gnu-tools-for-stm32.10.3-2021.10.win32_1.0.200.202301161003/tools/bin/../lib/gcc/arm-none-eabi/10.3.1/../../../../arm-none-eabi/lib/thumb/v7e-m+fp/hard\libc_nano.a(lib_a-nano-vfprintf.o)
                0x000000000800d27a                __sfputs_r
 *fill*         0x000000000800d29e        0x2 
 .text._vfprintf_r
                0x000000000800d2a0      0x260 c:/st/stm32cubeide_1.11.2/stm32cubeide/plugins/com.st.stm32cube.ide.mcu.externaltools.gnu-tools-for-stm32.10.3-2021.10.win32_1.0.200.202301161003/tools/bin/../lib/gcc/arm-none-eabi/10.3.1/../../../../arm-none-eabi/lib/thumb/v7e-m+fp/hard\libc_nano.a(lib_a-nano-vfprintf.o)
                0x000000000800d2a0                _vfprintf_r
                0x000000000800d2a0                _vfiprintf_r
 .text._putc_r  0x000000000800d500       0x90 c:/st/stm32cubeide_1.11.2/stm32cubeide/plugins/com.st.stm32cube.ide.mcu.externaltools.gnu-tools-for-stm32.10.3-2021.10.win32_1.0.200.202301161003/tools/bin/../lib/gcc/arm-none-eabi/10.3.1/../../../../arm-none-eabi/lib/thumb/v7e-m+fp/hard\libc_nano.a(lib_a-putc.o)
                0x000000000800d500                _putc_r
 .text.__sread  0x000000000800d590       0x22 c:/st/stm32cubeide_1.11.2/stm32cubeide/plugins/com.st.stm32cube.ide.mcu.externaltools.gnu-tools-for-stm32.10.3-2021.10.win32_1.0.200.202301161003/tools/bin/../lib/gcc/arm-none-eabi/10.3.1/../../../../arm-none-eabi/lib/thumb/v7e-m+fp/hard\libc_nano.a(lib_a-stdio.o)
                0x000000000800d590                __sread
 .text.__swrite
                0x000000000800d5b2       0x38 c:/st/stm32cubeide_1.11.2/stm32cubeide/plugins/com.st.stm32cube.ide.mcu.externaltools.gnu-tools-for-stm32.10.3-2021.10.win32_1.0.200.202301161003/tools/bin/../lib/gcc/arm-none-eabi/10.3.1/../../../../arm-none-eabi/lib/thumb/v7e-m+fp/hard\libc_nano.a(lib_a-stdio.o)
                0x000000000800d5b2                __swrite
 .text.__sseek  0x000000000800d5ea       0x24 c:/st/stm32cubeide_1.11.2/stm32cubeide/plugins/com.st.stm32cube.ide.mcu.externaltools.gnu-tools-for-stm32.10.3-2021.10.win32_1.0.200.202301161003/tools/bin/../lib/gcc/arm-none-eabi/10.3.1/../../../../arm-none-eabi/lib/thumb/v7e-m+fp/hard\libc_nano.a(lib_a-stdio.o)
                0x000000000800d5ea                __sseek
 .text.__sclose
                0x000000000800d60e        0x8 c:/st/stm32cubeide_1.11.2/stm32cubeide/plugins/com.st.stm32cube.ide.mcu.externaltools.gnu-tools-for-stm32.10.3-2021.10.win32_1.0.200.202301161003/tools/bin/../lib/gcc/arm-none-eabi/10.3.1/../../../../arm-none-eabi/lib/thumb/v7e-m+fp/hard\libc_nano.a(lib_a-stdio.o)
                0x000000000800d60e                __sclose
 *fill*         0x000000000800d616        0x2 
 .text._write_r
                0x000000000800d618       0x24 c:/st/stm32cubeide_1.11.2/stm32cubeide/plugins/com.st.stm32cube.ide.mcu.externaltools.gnu-tools-for-stm32.10.3-2021.10.win32_1.0.200.202301161003/tools/bin/../lib/gcc/arm-none-eabi/10.3.1/../../../../arm-none-eabi/lib/thumb/v7e-m+fp/hard\libc_nano.a(lib_a-writer.o)
                0x000000000800d618                _write_r
 .text.__assert_func
                0x000000000800d63c       0x3c c:/st/stm32cubeide_1.11.2/stm32cubeide/plugins/com.st.stm32cube.ide.mcu.externaltools.gnu-tools-for-stm32.10.3-2021.10.win32_1.0.200.202301161003/tools/bin/../lib/gcc/arm-none-eabi/10.3.1/../../../../arm-none-eabi/lib/thumb/v7e-m+fp/hard\libc_nano.a(lib_a-assert.o)
                0x000000000800d63c                __assert_func
 .text._close_r
                0x000000000800d678       0x20 c:/st/stm32cubeide_1.11.2/stm32cubeide/plugins/com.st.stm32cube.ide.mcu.externaltools.gnu-tools-for-stm32.10.3-2021.10.win32_1.0.200.202301161003/tools/bin/../lib/gcc/arm-none-eabi/10.3.1/../../../../arm-none-eabi/lib/thumb/v7e-m+fp/hard\libc_nano.a(lib_a-closer.o)
                0x000000000800d678                _close_r
 .text.fprintf  0x000000000800d698       0x24 c:/st/stm32cubeide_1.11.2/stm32cubeide/plugins/com.st.stm32cube.ide.mcu.externaltools.gnu-tools-for-stm32.10.3-2021.10.win32_1.0.200.202301161003/tools/bin/../lib/gcc/arm-none-eabi/10.3.1/../../../../arm-none-eabi/lib/thumb/v7e-m+fp/hard\libc_nano.a(lib_a-fprintf.o)
                0x000000000800d698                fiprintf
                0x000000000800d698                fprintf
 .text._fstat_r
                0x000000000800d6bc       0x24 c:/st/stm32cubeide_1.11.2/stm32cubeide/plugins/com.st.stm32cube.ide.mcu.externaltools.gnu-tools-for-stm32.10.3-2021.10.win32_1.0.200.202301161003/tools/bin/../lib/gcc/arm-none-eabi/10.3.1/../../../../arm-none-eabi/lib/thumb/v7e-m+fp/hard\libc_nano.a(lib_a-fstatr.o)
                0x000000000800d6bc                _fstat_r
 .text._isatty_r
                0x000000000800d6e0       0x20 c:/st/stm32cubeide_1.11.2/stm32cubeide/plugins/com.st.stm32cube.ide.mcu.externaltools.gnu-tools-for-stm32.10.3-2021.10.win32_1.0.200.202301161003/tools/bin/../lib/gcc/arm-none-eabi/10.3.1/../../../../arm-none-eabi/lib/thumb/v7e-m+fp/hard\libc_nano.a(lib_a-isattyr.o)
                0x000000000800d6e0                _isatty_r
 .text._lseek_r
                0x000000000800d700       0x24 c:/st/stm32cubeide_1.11.2/stm32cubeide/plugins/com.st.stm32cube.ide.mcu.externaltools.gnu-tools-for-stm32.10.3-2021.10.win32_1.0.200.202301161003/tools/bin/../lib/gcc/arm-none-eabi/10.3.1/../../../../arm-none-eabi/lib/thumb/v7e-m+fp/hard\libc_nano.a(lib_a-lseekr.o)
                0x000000000800d700                _lseek_r
 .text.__ascii_mbtowc
                0x000000000800d724       0x24 c:/st/stm32cubeide_1.11.2/stm32cubeide/plugins/com.st.stm32cube.ide.mcu.externaltools.gnu-tools-for-stm32.10.3-2021.10.win32_1.0.200.202301161003/tools/bin/../lib/gcc/arm-none-eabi/10.3.1/../../../../arm-none-eabi/lib/thumb/v7e-m+fp/hard\libc_nano.a(lib_a-mbtowc_r.o)
                0x000000000800d724                __ascii_mbtowc
 .text._read_r  0x000000000800d748       0x24 c:/st/stm32cubeide_1.11.2/stm32cubeide/plugins/com.st.stm32cube.ide.mcu.externaltools.gnu-tools-for-stm32.10.3-2021.10.win32_1.0.200.202301161003/tools/bin/../lib/gcc/arm-none-eabi/10.3.1/../../../../arm-none-eabi/lib/thumb/v7e-m+fp/hard\libc_nano.a(lib_a-readr.o)
                0x000000000800d748                _read_r
 .text.__ascii_wctomb
                0x000000000800d76c       0x1a c:/st/stm32cubeide_1.11.2/stm32cubeide/plugins/com.st.stm32cube.ide.mcu.externaltools.gnu-tools-for-stm32.10.3-2021.10.win32_1.0.200.202301161003/tools/bin/../lib/gcc/arm-none-eabi/10.3.1/../../../../arm-none-eabi/lib/thumb/v7e-m+fp/hard\libc_nano.a(lib_a-wctomb_r.o)
                0x000000000800d76c                __ascii_wctomb
 .text.abort    0x000000000800d786        0xe c:/st/stm32cubeide_1.11.2/stm32cubeide/plugins/com.st.stm32cube.ide.mcu.externaltools.gnu-tools-for-stm32.10.3-2021.10.win32_1.0.200.202301161003/tools/bin/../lib/gcc/arm-none-eabi/10.3.1/../../../../arm-none-eabi/lib/thumb/v7e-m+fp/hard\libc_nano.a(lib_a-abort.o)
                0x000000000800d786                abort
 .text._raise_r
                0x000000000800d794       0x50 c:/st/stm32cubeide_1.11.2/stm32cubeide/plugins/com.st.stm32cube.ide.mcu.externaltools.gnu-tools-for-stm32.10.3-2021.10.win32_1.0.200.202301161003/tools/bin/../lib/gcc/arm-none-eabi/10.3.1/../../../../arm-none-eabi/lib/thumb/v7e-m+fp/hard\libc_nano.a(lib_a-signal.o)
                0x000000000800d794                _raise_r
 .text.raise    0x000000000800d7e4       0x10 c:/st/stm32cubeide_1.11.2/stm32cubeide/plugins/com.st.stm32cube.ide.mcu.externaltools.gnu-tools-for-stm32.10.3-2021.10.win32_1.0.200.202301161003/tools/bin/../lib/gcc/arm-none-eabi/10.3.1/../../../../arm-none-eabi/lib/thumb/v7e-m+fp/hard\libc_nano.a(lib_a-signal.o)
                0x000000000800d7e4                raise
 .text._kill_r  0x000000000800d7f4       0x24 c:/st/stm32cubeide_1.11.2/stm32cubeide/plugins/com.st.stm32cube.ide.mcu.externaltools.gnu-tools-for-stm32.10.3-2021.10.win32_1.0.200.202301161003/tools/bin/../lib/gcc/arm-none-eabi/10.3.1/../../../../arm-none-eabi/lib/thumb/v7e-m+fp/hard\libc_nano.a(lib_a-signalr.o)
                0x000000000800d7f4                _kill_r
 .text._getpid_r
                0x000000000800d818        0x4 c:/st/stm32cubeide_1.11.2/stm32cubeide/plugins/com.st.stm32cube.ide.mcu.externaltools.gnu-tools-for-stm32.10.3-2021.10.win32_1.0.200.202301161003/tools/bin/../lib/gcc/arm-none-eabi/10.3.1/../../../../arm-none-eabi/lib/thumb/v7e-m+fp/hard\libc_nano.a(lib_a-signalr.o)
                0x000000000800d818                _getpid_r
 *(.glue_7)
 .glue_7        0x000000000800d81c        0x0 linker stubs
 *(.glue_7t)
 .glue_7t       0x000000000800d81c        0x0 linker stubs
 *(.eh_frame)
 .eh_frame      0x000000000800d81c        0x0 c:/st/stm32cubeide_1.11.2/stm32cubeide/plugins/com.st.stm32cube.ide.mcu.externaltools.gnu-tools-for-stm32.10.3-2021.10.win32_1.0.200.202301161003/tools/bin/../lib/gcc/arm-none-eabi/10.3.1/thumb/v7e-m+fp/hard/crtbegin.o
 *(.init)
 .init          0x000000000800d81c        0x4 c:/st/stm32cubeide_1.11.2/stm32cubeide/plugins/com.st.stm32cube.ide.mcu.externaltools.gnu-tools-for-stm32.10.3-2021.10.win32_1.0.200.202301161003/tools/bin/../lib/gcc/arm-none-eabi/10.3.1/thumb/v7e-m+fp/hard/crti.o
                0x000000000800d81c                _init
 .init          0x000000000800d820        0x8 c:/st/stm32cubeide_1.11.2/stm32cubeide/plugins/com.st.stm32cube.ide.mcu.externaltools.gnu-tools-for-stm32.10.3-2021.10.win32_1.0.200.202301161003/tools/bin/../lib/gcc/arm-none-eabi/10.3.1/thumb/v7e-m+fp/hard/crtn.o
 *(.fini)
 .fini          0x000000000800d828        0x4 c:/st/stm32cubeide_1.11.2/stm32cubeide/plugins/com.st.stm32cube.ide.mcu.externaltools.gnu-tools-for-stm32.10.3-2021.10.win32_1.0.200.202301161003/tools/bin/../lib/gcc/arm-none-eabi/10.3.1/thumb/v7e-m+fp/hard/crti.o
                0x000000000800d828                _fini
 .fini          0x000000000800d82c        0x8 c:/st/stm32cubeide_1.11.2/stm32cubeide/plugins/com.st.stm32cube.ide.mcu.externaltools.gnu-tools-for-stm32.10.3-2021.10.win32_1.0.200.202301161003/tools/bin/../lib/gcc/arm-none-eabi/10.3.1/thumb/v7e-m+fp/hard/crtn.o
                0x000000000800d834                . = ALIGN (0x4)
                0x000000000800d834                _etext = .

.vfp11_veneer   0x000000000800d834        0x0
 .vfp11_veneer  0x000000000800d834        0x0 linker stubs

.v4_bx          0x000000000800d834        0x0
 .v4_bx         0x000000000800d834        0x0 linker stubs

.iplt           0x000000000800d834        0x0
 .iplt          0x000000000800d834        0x0 c:/st/stm32cubeide_1.11.2/stm32cubeide/plugins/com.st.stm32cube.ide.mcu.externaltools.gnu-tools-for-stm32.10.3-2021.10.win32_1.0.200.202301161003/tools/bin/../lib/gcc/arm-none-eabi/10.3.1/thumb/v7e-m+fp/hard/crtbegin.o

.rodata         0x000000000800d838      0xcdc
                0x000000000800d838                . = ALIGN (0x4)
 *(.rodata)
 .rodata        0x000000000800d838       0xb7 ./Core/Src/LTC681x.o
 *fill*         0x000000000800d8ef        0x1 
 .rodata        0x000000000800d8f0       0xac ./Core/Src/main.o
 .rodata        0x000000000800d99c       0xf4 ./Middlewares/ST/STM32_USB_Host_Library/Class/CDC/Src/usbh_cdc.o
 .rodata        0x000000000800da90      0x460 ./Middlewares/ST/STM32_USB_Host_Library/Core/Src/usbh_core.o
 .rodata        0x000000000800def0       0x2d ./Middlewares/ST/STM32_USB_Host_Library/Core/Src/usbh_ctlreq.o
 *(.rodata*)
 *fill*         0x000000000800df1d        0x3 
 .rodata.crc15Table
                0x000000000800df20      0x200 ./Core/Src/LTC681x.o
                0x000000000800df20                crc15Table
 .rodata.AHBPrescTable
                0x000000000800e120       0x10 ./Core/Src/system_stm32f4xx.o
                0x000000000800e120                AHBPrescTable
 .rodata.APBPrescTable
                0x000000000800e130        0x8 ./Core/Src/system_stm32f4xx.o
                0x000000000800e130                APBPrescTable
 .rodata._global_impure_ptr
                0x000000000800e138        0x4 c:/st/stm32cubeide_1.11.2/stm32cubeide/plugins/com.st.stm32cube.ide.mcu.externaltools.gnu-tools-for-stm32.10.3-2021.10.win32_1.0.200.202301161003/tools/bin/../lib/gcc/arm-none-eabi/10.3.1/../../../../arm-none-eabi/lib/thumb/v7e-m+fp/hard\libc_nano.a(lib_a-impure.o)
                0x000000000800e138                _global_impure_ptr
 .rodata._printf_float.str1.1
                0x000000000800e13c       0x12 c:/st/stm32cubeide_1.11.2/stm32cubeide/plugins/com.st.stm32cube.ide.mcu.externaltools.gnu-tools-for-stm32.10.3-2021.10.win32_1.0.200.202301161003/tools/bin/../lib/gcc/arm-none-eabi/10.3.1/../../../../arm-none-eabi/lib/thumb/v7e-m+fp/hard\libc_nano.a(lib_a-nano-vfprintf_float.o)
 .rodata._printf_i.str1.1
                0x000000000800e14e       0x22 c:/st/stm32cubeide_1.11.2/stm32cubeide/plugins/com.st.stm32cube.ide.mcu.externaltools.gnu-tools-for-stm32.10.3-2021.10.win32_1.0.200.202301161003/tools/bin/../lib/gcc/arm-none-eabi/10.3.1/../../../../arm-none-eabi/lib/thumb/v7e-m+fp/hard\libc_nano.a(lib_a-nano-vfprintf_i.o)
 .rodata._dtoa_r.str1.1
                0x000000000800e170       0x90 c:/st/stm32cubeide_1.11.2/stm32cubeide/plugins/com.st.stm32cube.ide.mcu.externaltools.gnu-tools-for-stm32.10.3-2021.10.win32_1.0.200.202301161003/tools/bin/../lib/gcc/arm-none-eabi/10.3.1/../../../../arm-none-eabi/lib/thumb/v7e-m+fp/hard\libc_nano.a(lib_a-dtoa.o)
                                         0x92 (size before relaxing)
 .rodata.__sf_fake_stderr
                0x000000000800e200       0x20 c:/st/stm32cubeide_1.11.2/stm32cubeide/plugins/com.st.stm32cube.ide.mcu.externaltools.gnu-tools-for-stm32.10.3-2021.10.win32_1.0.200.202301161003/tools/bin/../lib/gcc/arm-none-eabi/10.3.1/../../../../arm-none-eabi/lib/thumb/v7e-m+fp/hard\libc_nano.a(lib_a-findfp.o)
                0x000000000800e200                __sf_fake_stderr
 .rodata.__sf_fake_stdin
                0x000000000800e220       0x20 c:/st/stm32cubeide_1.11.2/stm32cubeide/plugins/com.st.stm32cube.ide.mcu.externaltools.gnu-tools-for-stm32.10.3-2021.10.win32_1.0.200.202301161003/tools/bin/../lib/gcc/arm-none-eabi/10.3.1/../../../../arm-none-eabi/lib/thumb/v7e-m+fp/hard\libc_nano.a(lib_a-findfp.o)
                0x000000000800e220                __sf_fake_stdin