Archive member included to satisfy reference by file (symbol)

c:/st/stm32cubeide_1.11.2/stm32cubeide/plugins/com.st.stm32cube.ide.mcu.externaltools.gnu-tools-for-stm32.10.3-2021.10.win32_1.0.200.202301161003/tools/bin/../lib/gcc/arm-none-eabi/10.3.1/../../../../arm-none-eabi/lib/thumb/v7e-m+fp/hard\libc_nano.a(lib_a-errno.o)
                              ./Core/Src/syscalls.o (__errno)
c:/st/stm32cubeide_1.11.2/stm32cubeide/plugins/com.st.stm32cube.ide.mcu.externaltools.gnu-tools-for-stm32.10.3-2021.10.win32_1.0.200.202301161003/tools/bin/../lib/gcc/arm-none-eabi/10.3.1/../../../../arm-none-eabi/lib/thumb/v7e-m+fp/hard\libc_nano.a(lib_a-exit.o)
                              c:/st/stm32cubeide_1.11.2/stm32cubeide/plugins/com.st.stm32cube.ide.mcu.externaltools.gnu-tools-for-stm32.10.3-2021.10.win32_1.0.200.202301161003/tools/bin/../lib/gcc/arm-none-eabi/10.3.1/../../../../arm-none-eabi/lib/thumb/v7e-m+fp/hard/crt0.o (exit)
c:/st/stm32cubeide_1.11.2/stm32cubeide/plugins/com.st.stm32cube.ide.mcu.externaltools.gnu-tools-for-stm32.10.3-2021.10.win32_1.0.200.202301161003/tools/bin/../lib/gcc/arm-none-eabi/10.3.1/../../../../arm-none-eabi/lib/thumb/v7e-m+fp/hard\libc_nano.a(lib_a-impure.o)
                              c:/st/stm32cubeide_1.11.2/stm32cubeide/plugins/com.st.stm32cube.ide.mcu.externaltools.gnu-tools-for-stm32.10.3-2021.10.win32_1.0.200.202301161003/tools/bin/../lib/gcc/arm-none-eabi/10.3.1/../../../../arm-none-eabi/lib/thumb/v7e-m+fp/hard\libc_nano.a(lib_a-exit.o) (_global_impure_ptr)
c:/st/stm32cubeide_1.11.2/stm32cubeide/plugins/com.st.stm32cube.ide.mcu.externaltools.gnu-tools-for-stm32.10.3-2021.10.win32_1.0.200.202301161003/tools/bin/../lib/gcc/arm-none-eabi/10.3.1/../../../../arm-none-eabi/lib/thumb/v7e-m+fp/hard\libc_nano.a(lib_a-init.o)
                              c:/st/stm32cubeide_1.11.2/stm32cubeide/plugins/com.st.stm32cube.ide.mcu.externaltools.gnu-tools-for-stm32.10.3-2021.10.win32_1.0.200.202301161003/tools/bin/../lib/gcc/arm-none-eabi/10.3.1/../../../../arm-none-eabi/lib/thumb/v7e-m+fp/hard/crt0.o (__libc_init_array)
c:/st/stm32cubeide_1.11.2/stm32cubeide/plugins/com.st.stm32cube.ide.mcu.externaltools.gnu-tools-for-stm32.10.3-2021.10.win32_1.0.200.202301161003/tools/bin/../lib/gcc/arm-none-eabi/10.3.1/../../../../arm-none-eabi/lib/thumb/v7e-m+fp/hard\libc_nano.a(lib_a-malloc.o)
                              ./Core/Src/LTC681x.o (malloc)
c:/st/stm32cubeide_1.11.2/stm32cubeide/plugins/com.st.stm32cube.ide.mcu.externaltools.gnu-tools-for-stm32.10.3-2021.10.win32_1.0.200.202301161003/tools/bin/../lib/gcc/arm-none-eabi/10.3.1/../../../../arm-none-eabi/lib/thumb/v7e-m+fp/hard\libc_nano.a(lib_a-memset.o)
                              c:/st/stm32cubeide_1.11.2/stm32cubeide/plugins/com.st.stm32cube.ide.mcu.externaltools.gnu-tools-for-stm32.10.3-2021.10.win32_1.0.200.202301161003/tools/bin/../lib/gcc/arm-none-eabi/10.3.1/../../../../arm-none-eabi/lib/thumb/v7e-m+fp/hard/crt0.o (memset)
c:/st/stm32cubeide_1.11.2/stm32cubeide/plugins/com.st.stm32cube.ide.mcu.externaltools.gnu-tools-for-stm32.10.3-2021.10.win32_1.0.200.202301161003/tools/bin/../lib/gcc/arm-none-eabi/10.3.1/../../../../arm-none-eabi/lib/thumb/v7e-m+fp/hard\libc_nano.a(lib_a-nano-freer.o)
                              c:/st/stm32cubeide_1.11.2/stm32cubeide/plugins/com.st.stm32cube.ide.mcu.externaltools.gnu-tools-for-stm32.10.3-2021.10.win32_1.0.200.202301161003/tools/bin/../lib/gcc/arm-none-eabi/10.3.1/../../../../arm-none-eabi/lib/thumb/v7e-m+fp/hard\libc_nano.a(lib_a-malloc.o) (_free_r)
c:/st/stm32cubeide_1.11.2/stm32cubeide/plugins/com.st.stm32cube.ide.mcu.externaltools.gnu-tools-for-stm32.10.3-2021.10.win32_1.0.200.202301161003/tools/bin/../lib/gcc/arm-none-eabi/10.3.1/../../../../arm-none-eabi/lib/thumb/v7e-m+fp/hard\libc_nano.a(lib_a-nano-mallocr.o)
                              c:/st/stm32cubeide_1.11.2/stm32cubeide/plugins/com.st.stm32cube.ide.mcu.externaltools.gnu-tools-for-stm32.10.3-2021.10.win32_1.0.200.202301161003/tools/bin/../lib/gcc/arm-none-eabi/10.3.1/../../../../arm-none-eabi/lib/thumb/v7e-m+fp/hard\libc_nano.a(lib_a-malloc.o) (_malloc_r)
c:/st/stm32cubeide_1.11.2/stm32cubeide/plugins/com.st.stm32cube.ide.mcu.externaltools.gnu-tools-for-stm32.10.3-2021.10.win32_1.0.200.202301161003/tools/bin/../lib/gcc/arm-none-eabi/10.3.1/../../../../arm-none-eabi/lib/thumb/v7e-m+fp/hard\libc_nano.a(lib_a-nano-vfprintf_float.o)
                              (_printf_float)
c:/st/stm32cubeide_1.11.2/stm32cubeide/plugins/com.st.stm32cube.ide.mcu.externaltools.gnu-tools-for-stm32.10.3-2021.10.win32_1.0.200.202301161003/tools/bin/../lib/gcc/arm-none-eabi/10.3.1/../../../../arm-none-eabi/lib/thumb/v7e-m+fp/hard\libc_nano.a(lib_a-nano-vfprintf_i.o)
[...]
Memory Configuration

Name             Origin             Length             Attributes
CCMRAM           0x0000000010000000 0x0000000000010000 xrw
RAM              0x0000000020000000 0x0000000000020000 xrw
FLASH            0x0000000008000000 0x0000000000100000 xr
*default*        0x0000000000000000 0xffffffffffffffff

Linker script and memory map

LOAD c:/st/stm32cubeide_1.11.2/stm32cubeide/plugins/com.st.stm32cube.ide.mcu.externaltools.gnu-tools-for-stm32.10.3-2021.10.win32_1.0.200.202301161003/tools/bin/../lib/gcc/arm-none-eabi/10.3.1/thumb/v7e-m+fp/hard/crti.o
LOAD c:/st/stm32cubeide_1.11.2/stm32cubeide/plugins/com.st.stm32cube.ide.mcu.externaltools.gnu-tools-for-stm32.10.3-2021.10.win32_1.0.200.202301161003/tools/bin/../lib/gcc/arm-none-eabi/10.3.1/thumb/v7e-m+fp/hard/crtbegin.o
LOAD c:/st/stm32cubeide_1.11.2/stm32cubeide/plugins/com.st.stm32cube.ide.mcu.externaltools.gnu-tools-for-stm32.10.3-2021.10.win32_1.0.200.202301161003/tools/bin/../lib/gcc/arm-none-eabi/10.3.1/../../../../arm-none-eabi/lib/thumb/v7e-m+fp/hard/crt0.o
LOAD ./Core/Src/LTC6813.o
LOAD ./Core/Src/LTC681x.o
LOAD ./Core/Src/help.o
LOAD ./Core/Src/main.o
LOAD ./Core/Src/stm32f4xx_hal_msp.o
LOAD ./Core/Src/stm32f4xx_it.o
LOAD ./Core/Src/syscalls.o
LOAD ./Core/Src/sysmem.o
LOAD ./Core/Src/system_stm32f4xx.o
LOAD ./Core/Startup/startup_stm32f407vgtx.o
LOAD ./Drivers/STM32F4xx_HAL_Driver/Src/stm32f4xx_hal.o
LOAD ./Drivers/STM32F4xx_HAL_Driver/Src/stm32f4xx_hal_can.o
LOAD ./Drivers/STM32F4xx_HAL_Driver/Src/stm32f4xx_hal_cortex.o
LOAD ./Drivers/STM32F4xx_HAL_Driver/Src/stm32f4xx_hal_dma.o
LOAD ./Drivers/STM32F4xx_HAL_Driver/Src/stm32f4xx_hal_dma_ex.o
LOAD ./Drivers/STM32F4xx_HAL_Driver/Src/stm32f4xx_hal_exti.o
LOAD ./Drivers/STM32F4xx_HAL_Driver/Src/stm32f4xx_hal_flash.o
LOAD ./Drivers/STM32F4xx_HAL_Driver/Src/stm32f4xx_hal_flash_ex.o
LOAD ./Drivers/STM32F4xx_HAL_Driver/Src/stm32f4xx_hal_flash_ramfunc.o
LOAD ./Drivers/STM32F4xx_HAL_Driver/Src/stm32f4xx_hal_gpio.o
LOAD ./Drivers/STM32F4xx_HAL_Driver/Src/stm32f4xx_hal_hcd.o
LOAD ./Drivers/STM32F4xx_HAL_Driver/Src/stm32f4xx_hal_pwr.o
LOAD ./Drivers/STM32F4xx_HAL_Driver/Src/stm32f4xx_hal_pwr_ex.o
LOAD ./Drivers/STM32F4xx_HAL_Driver/Src/stm32f4xx_hal_rcc.o
LOAD ./Drivers/STM32F4xx_HAL_Driver/Src/stm32f4xx_hal_rcc_ex.o
LOAD ./Drivers/STM32F4xx_HAL_Driver/Src/stm32f4xx_hal_spi.o
LOAD ./Drivers/STM32F4xx_HAL_Driver/Src/stm32f4xx_hal_tim.o
LOAD ./Drivers/STM32F4xx_HAL_Driver/Src/stm32f4xx_hal_tim_ex.o
LOAD ./Drivers/STM32F4xx_HAL_Driver/Src/stm32f4xx_hal_uart.o
LOAD ./Drivers/STM32F4xx_HAL_Driver/Src/stm32f4xx_ll_usb.o
LOAD ./Middlewares/ST/STM32_USB_Host_Library/Class/CDC/Src/usbh_cdc.o
LOAD ./Middlewares/ST/STM32_USB_Host_Library/Core/Src/usbh_core.o
LOAD ./Middlewares/ST/STM32_USB_Host_Library/Core/Src/usbh_ctlreq.o
LOAD ./Middlewares/ST/STM32_USB_Host_Library/Core/Src/usbh_ioreq.o
LOAD ./Middlewares/ST/STM32_USB_Host_Library/Core/Src/usbh_pipes.o
LOAD ./USB_HOST/App/usb_host.o
LOAD ./USB_HOST/Target/usbh_conf.o
LOAD ./USB_HOST/Target/usbh_platform.o
START GROUP
LOAD c:/st/stm32cubeide_1.11.2/stm32cubeide/plugins/com.st.stm32cube.ide.mcu.externaltools.gnu-tools-for-stm32.10.3-2021.10.win32_1.0.200.202301161003/tools/bin/../lib/gcc/arm-none-eabi/10.3.1/../../../../arm-none-eabi/lib/thumb/v7e-m+fp/hard\libc_nano.a
LOAD c:/st/stm32cubeide_1.11.2/stm32cubeide/plugins/com.st.stm32cube.ide.mcu.externaltools.gnu-tools-for-stm32.10.3-2021.10.win32_1.0.200.202301161003/tools/bin/../lib/gcc/arm-none-eabi/10.3.1/../../../../arm-none-eabi/lib/thumb/v7e-m+fp/hard\libm.a
END GROUP
START GROUP
LOAD c:/st/stm32cubeide_1.11.2/stm32cubeide/plugins/com.st.stm32cube.ide.mcu.externaltools.gnu-tools-for-stm32.10.3-2021.10.win32_1.0.200.202301161003/tools/bin/../lib/gcc/arm-none-eabi/10.3.1/thumb/v7e-m+fp/hard\libgcc.a
LOAD c:/st/stm32cubeide_1.11.2/stm32cubeide/plugins/com.st.stm32cube.ide.mcu.externaltools.gnu-tools-for-stm32.10.3-2021.10.win32_1.0.200.202301161003/tools/bin/../lib/gcc/arm-none-eabi/10.3.1/../../../../arm-none-eabi/lib/thumb/v7e-m+fp/hard\libc_nano.a
END GROUP
START GROUP
LOAD c:/st/stm32cubeide_1.11.2/stm32cubeide/plugins/com.st.stm32cube.ide.mcu.externaltools.gnu-tools-for-stm32.10.3-2021.10.win32_1.0.200.202301161003/tools/bin/../lib/gcc/arm-none-eabi/10.3.1/thumb/v7e-m+fp/hard\libgcc.a
LOAD c:/st/stm32cubeide_1.11.2/stm32cubeide/plugins/com.st.stm32cube.ide.mcu.externaltools.gnu-tools-for-stm32.10.3-2021.10.win32_1.0.200.202301161003/tools/bin/../lib/gcc/arm-none-eabi/10.3.1/../../../../arm-none-eabi/lib/thumb/v7e-m+fp/hard\libc_nano.a
LOAD c:/st/stm32cubeide_1.11.2/stm32cubeide/plugins/com.st.stm32cube.ide.mcu.externaltools.gnu-tools-for-stm32.10.3-2021.10.win32_1.0.200.202301161003/tools/bin/../lib/gcc/arm-none-eabi/10.3.1/../../../../arm-none-eabi/lib/thumb/v7e-m+fp/hard\libnosys.a
END GROUP
START GROUP
LOAD c:/st/stm32cubeide_1.11.2/stm32cubeide/plugins/com.st.stm32cube.ide.mcu.externaltools.gnu-tools-for-stm32.10.3-2021.10.win32_1.0.200.202301161003/tools/bin/../lib/gcc/arm-none-eabi/10.3.1/thumb/v7e-m+fp/hard\libgcc.a
LOAD c:/st/stm32cubeide_1.11.2/stm32cubeide/plugins/com.st.stm32cube.ide.mcu.externaltools.gnu-tools-for-stm32.10.3-2021.10.win32_1.0.200.202301161003/tools/bin/../lib/gcc/arm-none-eabi/10.3.1/../../../../arm-none-eabi/lib/thumb/v7e-m+fp/hard\libc_nano.a
LOAD c:/st/stm32cubeide_1.11.2/stm32cubeide/plugins/com.st.stm32cube.ide.mcu.externaltools.gnu-tools-for-stm32.10.3-2021.10.win32_1.0.200.202301161003/tools/bin/../lib/gcc/arm-none-eabi/10.3.1/../../../../arm-none-eabi/lib/thumb/v7e-m+fp/hard\libnosys.a
END GROUP
LOAD c:/st/stm32cubeide_1.11.2/stm32cubeide/plugins/com.st.stm32cube.ide.mcu.externaltools.gnu-tools-for-stm32.10.3-2021.10.win32_1.0.200.202301161003/tools/bin/../lib/gcc/arm-none-eabi/10.3.1/thumb/v7e-m+fp/hard/crtend.o
LOAD c:/st/stm32cubeide_1.11.2/stm32cubeide/plugins/com.st.stm32cube.ide.mcu.externaltools.gnu-tools-for-stm32.10.3-2021.10.win32_1.0.200.202301161003/tools/bin/../lib/gcc/arm-none-eabi/10.3.1/thumb/v7e-m+fp/hard/crtn.o
                0x0000000020020000                _estack = (ORIGIN (RAM) + LENGTH (RAM))
                0x0000000000000200                _Min_Heap_Size = 0x200
                0x0000000000000400                _Min_Stack_Size = 0x400

.isr_vector     0x0000000008000000      0x188
                0x0000000008000000                . = ALIGN (0x4)
 *(.isr_vector)
 .isr_vector    0x0000000008000000      0x188 ./Core/Startup/startup_stm32f407vgtx.o
                0x0000000008000000                g_pfnVectors
                0x0000000008000188                . = ALIGN (0x4)

.text           0x0000000008000190     0xd8cc
                0x0000000008000190                . = ALIGN (0x4)
 *(.text)
 .text          0x0000000008000190       0x40 c:/st/stm32cubeide_1.11.2/stm32cubeide/plugins/com.st.stm32cube.ide.mcu.externaltools.gnu-tools-for-stm32.10.3-2021.10.win32_1.0.200.202301161003/tools/bin/../lib/gcc/arm-none-eabi/10.3.1/thumb/v7e-m+fp/hard/crtbegin.o
 .text          0x00000000080001d0       0x10 c:/st/stm32cubeide_1.11.2/stm32cubeide/plugins/com.st.stm32cube.ide.mcu.externaltools.gnu-tools-for-stm32.10.3-2021.10.win32_1.0.200.202301161003/tools/bin/../lib/gcc/arm-none-eabi/10.3.1/../../../../arm-none-eabi/lib/thumb/v7e-m+fp/hard\libc_nano.a(lib_a-strlen.o)
                0x00000000080001d0                strlen
 .text          0x00000000080001e0       0xa0 c:/st/stm32cubeide_1.11.2/stm32cubeide/plugins/com.st.stm32cube.ide.mcu.externaltools.gnu-tools-for-stm32.10.3-2021.10.win32_1.0.200.202301161003/tools/bin/../lib/gcc/arm-none-eabi/10.3.1/../../../../arm-none-eabi/lib/thumb/v7e-m+fp/hard\libc_nano.a(lib_a-memchr.o)
                0x00000000080001e0                memchr
 .text          0x0000000008000280      0x378 c:/st/stm32cubeide_1.11.2/stm32cubeide/plugins/com.st.stm32cube.ide.mcu.externaltools.gnu-tools-for-stm32.10.3-2021.10.win32_1.0.200.202301161003/tools/bin/../lib/gcc/arm-none-eabi/10.3.1/thumb/v7e-m+fp/hard\libgcc.a(_arm_addsubdf3.o)
                0x0000000008000280                __aeabi_drsub
                0x0000000008000288                __aeabi_dsub
                0x0000000008000288                __subdf3
                0x000000000800028c                __aeabi_dadd
                0x000000000800028c                __adddf3
                0x0000000008000504                __floatunsidf
                0x0000000008000504                __aeabi_ui2d
                0x0000000008000524                __floatsidf
                0x0000000008000524                __aeabi_i2d
                0x0000000008000548                __aeabi_f2d
                0x0000000008000548                __extendsfdf2
                0x000000000800058c                __floatundidf
                0x000000000800058c                __aeabi_ul2d
                0x000000000800059c                __floatdidf
                0x000000000800059c                __aeabi_l2d
 .text          0x00000000080005f8      0x424 c:/st/stm32cubeide_1.11.2/stm32cubeide/plugins/com.st.stm32cube.ide.mcu.externaltools.gnu-tools-for-stm32.10.3-2021.10.win32_1.0.200.202301161003/tools/bin/../lib/gcc/arm-none-eabi/10.3.1/thumb/v7e-m+fp/hard\libgcc.a(_arm_muldivdf3.o)
                0x00000000080005f8                __aeabi_dmul
                0x00000000080005f8                __muldf3
                0x000000000800084c                __divdf3
                0x000000000800084c                __aeabi_ddiv
 .text          0x0000000008000a1c      0x110 c:/st/stm32cubeide_1.11.2/stm32cubeide/plugins/com.st.stm32cube.ide.mcu.externaltools.gnu-tools-for-stm32.10.3-2021.10.win32_1.0.200.202301161003/tools/bin/../lib/gcc/arm-none-eabi/10.3.1/thumb/v7e-m+fp/hard\libgcc.a(_arm_cmpdf2.o)
                0x0000000008000a1c                __gtdf2
                0x0000000008000a1c                __gedf2
                0x0000000008000a24                __ltdf2
                0x0000000008000a24                __ledf2
                0x0000000008000a2c                __nedf2
                0x0000000008000a2c                __eqdf2
                0x0000000008000a2c                __cmpdf2
                0x0000000008000aa8                __aeabi_cdrcmple
                0x0000000008000ab8                __aeabi_cdcmpeq
                0x0000000008000ab8                __aeabi_cdcmple
                0x0000000008000ac8                __aeabi_dcmpeq
                0x0000000008000adc                __aeabi_dcmplt
                0x0000000008000af0                __aeabi_dcmple
                0x0000000008000b04                __aeabi_dcmpge
                0x0000000008000b18                __aeabi_dcmpgt
 .text          0x0000000008000b2c       0x2c c:/st/stm32cubeide_1.11.2/stm32cubeide/plugins/com.st.stm32cube.ide.mcu.externaltools.gnu-tools-for-stm32.10.3-2021.10.win32_1.0.200.202301161003/tools/bin/../lib/gcc/arm-none-eabi/10.3.1/thumb/v7e-m+fp/hard\libgcc.a(_arm_unorddf2.o)
                0x0000000008000b2c                __unorddf2
                0x0000000008000b2c                __aeabi_dcmpun
 .text          0x0000000008000b58       0x50 c:/st/stm32cubeide_1.11.2/stm32cubeide/plugins/com.st.stm32cube.ide.mcu.externaltools.gnu-tools-for-stm32.10.3-2021.10.win32_1.0.200.202301161003/tools/bin/../lib/gcc/arm-none-eabi/10.3.1/thumb/v7e-m+fp/hard\libgcc.a(_arm_fixdfsi.o)
                0x0000000008000b58                __aeabi_d2iz
                0x0000000008000b58                __fixdfsi
 .text          0x0000000008000ba8       0x30 c:/st/stm32cubeide_1.11.2/stm32cubeide/plugins/com.st.stm32cube.ide.mcu.externaltools.gnu-tools-for-stm32.10.3-2021.10.win32_1.0.200.202301161003/tools/bin/../lib/gcc/arm-none-eabi/10.3.1/thumb/v7e-m+fp/hard\libgcc.a(_aeabi_uldivmod.o)
                0x0000000008000ba8                __aeabi_uldivmod
 .text          0x0000000008000bd8      0x2d0 c:/st/stm32cubeide_1.11.2/stm32cubeide/plugins/com.st.stm32cube.ide.mcu.externaltools.gnu-tools-for-stm32.10.3-2021.10.win32_1.0.200.202301161003/tools/bin/../lib/gcc/arm-none-eabi/10.3.1/thumb/v7e-m+fp/hard\libgcc.a(_udivmoddi4.o)
                0x0000000008000bd8                __udivmoddi4
 .text          0x0000000008000ea8        0x4 c:/st/stm32cubeide_1.11.2/stm32cubeide/plugins/com.st.stm32cube.ide.mcu.externaltools.gnu-tools-for-stm32.10.3-2021.10.win32_1.0.200.202301161003/tools/bin/../lib/gcc/arm-none-eabi/10.3.1/thumb/v7e-m+fp/hard\libgcc.a(_dvmd_tls.o)
                0x0000000008000ea8                __aeabi_idiv0
                0x0000000008000ea8                __aeabi_ldiv0
 *(.text*)
 .text.LTC6813_init_reg_limits
                0x0000000008000eac       0x9a ./Core/Src/LTC6813.o
                0x0000000008000eac                LTC6813_init_reg_limits
 .text.LTC6813_adcv
                0x0000000008000f46       0x26 ./Core/Src/LTC6813.o
                0x0000000008000f46                LTC6813_adcv
 .text.LTC6813_rdcv
                0x0000000008000f6c       0x2e ./Core/Src/LTC6813.o
                0x0000000008000f6c                LTC6813_rdcv
 .text.LTC6813_pollAdc
                0x0000000008000f9a        0xe ./Core/Src/LTC6813.o
                0x0000000008000f9a                LTC6813_pollAdc
 .text.LTC6813_reset_crc_count
                0x0000000008000fa8       0x1e ./Core/Src/LTC6813.o
                0x0000000008000fa8                LTC6813_reset_crc_count
 .text.LTC6813_init_cfg
                0x0000000008000fc6       0x1e ./Core/Src/LTC6813.o
                0x0000000008000fc6                LTC6813_init_cfg
 .text.LTC6813_set_cfgr
                0x0000000008000fe4       0x74 ./Core/Src/LTC6813.o
                0x0000000008000fe4                LTC6813_set_cfgr
 .text.LTC6813_init_cfgb
                0x0000000008001058       0x56 ./Core/Src/LTC6813.o
                0x0000000008001058                LTC6813_init_cfgb
 .text.LTC6813_set_cfgrb
                0x00000000080010ae       0x5c ./Core/Src/LTC6813.o
                0x00000000080010ae                LTC6813_set_cfgrb
 .text.LTC6813_set_cfgrb_fdrf
                0x000000000800110a       0x68 ./Core/Src/LTC6813.o
                0x000000000800110a                LTC6813_set_cfgrb_fdrf
 .text.LTC6813_set_cfgrb_dtmen
                0x0000000008001172       0x68 ./Core/Src/LTC6813.o
                0x0000000008001172                LTC6813_set_cfgrb_dtmen
 .text.LTC6813_set_cfgrb_ps
                0x00000000080011da       0xa0 ./Core/Src/LTC6813.o
                0x00000000080011da                LTC6813_set_cfgrb_ps
 .text.LTC6813_set_cfgrb_gpio_b
                0x000000000800127a       0x9c ./Core/Src/LTC6813.o
                0x000000000800127a                LTC6813_set_cfgrb_gpio_b
 .text.LTC6813_set_cfgrb_dcc_b
                0x0000000008001316      0x184 ./Core/Src/LTC6813.o
                0x0000000008001316                LTC6813_set_cfgrb_dcc_b
 *fill*         0x000000000800149a        0x2 
 .text.init_app_data_6813
                0x000000000800149c       0xd4 ./Core/Src/LTC6813.o
                0x000000000800149c                init_app_data_6813
 .text.cmd_68   0x0000000008001570       0x60 ./Core/Src/LTC681x.o
                0x0000000008001570                cmd_68
 .text.pec15_calc
                0x00000000080015d0       0x68 ./Core/Src/LTC681x.o
                0x00000000080015d0                pec15_calc
 .text.LTC681x_adcv
                0x0000000008001638       0x56 ./Core/Src/LTC681x.o
                0x0000000008001638                LTC681x_adcv
 .text.LTC681x_rdcv
                0x000000000800168e      0x15c ./Core/Src/LTC681x.o
                0x000000000800168e                LTC681x_rdcv
 *fill*         0x00000000080017ea        0x2 
 .text.LTC681x_rdcv_reg
                0x00000000080017ec       0xc8 ./Core/Src/LTC681x.o
                0x00000000080017ec                LTC681x_rdcv_reg
 .text.parse_cells
                0x00000000080018b4       0xe2 ./Core/Src/LTC681x.o
                0x00000000080018b4                parse_cells
 *fill*         0x0000000008001996        0x2 
 .text.LTC681x_pollAdc
                0x0000000008001998       0x54 ./Core/Src/LTC681x.o
                0x0000000008001998                LTC681x_pollAdc
 .text.LTC681x_check_pec
                0x00000000080019ec      0x348 ./Core/Src/LTC681x.o
                0x00000000080019ec                LTC681x_check_pec
 .text.LTC681x_reset_crc_count
                0x0000000008001d34       0xcc ./Core/Src/LTC681x.o
                0x0000000008001d34                LTC681x_reset_crc_count
 .text.LTC681x_init_cfg
                0x0000000008001e00       0x54 ./Core/Src/LTC681x.o
                0x0000000008001e00                LTC681x_init_cfg
 .text.LTC681x_set_cfgr_refon
                0x0000000008001e54       0x68 ./Core/Src/LTC681x.o
                0x0000000008001e54                LTC681x_set_cfgr_refon
 .text.LTC681x_set_cfgr_adcopt
                0x0000000008001ebc       0x68 ./Core/Src/LTC681x.o
                0x0000000008001ebc                LTC681x_set_cfgr_adcopt
 .text.LTC681x_set_cfgr_gpio
                0x0000000008001f24       0xa0 ./Core/Src/LTC681x.o
                0x0000000008001f24                LTC681x_set_cfgr_gpio
 .text.LTC681x_set_cfgr_dis
                0x0000000008001fc4      0x11e ./Core/Src/LTC681x.o
                0x0000000008001fc4                LTC681x_set_cfgr_dis
 .text.LTC681x_set_cfgr_dcto
                0x00000000080020e2       0xa0 ./Core/Src/LTC681x.o
                0x00000000080020e2                LTC681x_set_cfgr_dcto
 .text.LTC681x_set_cfgr_uv
                0x0000000008002182       0x8c ./Core/Src/LTC681x.o
                0x0000000008002182                LTC681x_set_cfgr_uv
 .text.LTC681x_set_cfgr_ov
                0x000000000800220e       0x84 ./Core/Src/LTC681x.o
                0x000000000800220e                LTC681x_set_cfgr_ov
 *fill*         0x0000000008002292        0x2 
 .text.spi_write_array
                0x0000000008002294       0x68 ./Core/Src/LTC681x.o
                0x0000000008002294                spi_write_array
 .text.spi_write_read
                0x00000000080022fc       0xd0 ./Core/Src/LTC681x.o
                0x00000000080022fc                spi_write_read
 .text.init_app_data_681x
                0x00000000080023cc       0x98 ./Core/Src/LTC681x.o
                0x00000000080023cc                init_app_data_681x
 .text.init_app_data_help
                0x0000000008002464       0xbc ./Core/Src/help.o
                0x0000000008002464                init_app_data_help
 .text.main     0x0000000008002520      0x234 ./Core/Src/main.o
                0x0000000008002520                main
 .text.SystemClock_Config
                0x0000000008002754       0xd4 ./Core/Src/main.o
                0x0000000008002754                SystemClock_Config
 .text.MX_CAN1_Init
                0x0000000008002828       0x6c ./Core/Src/main.o
 .text.MX_SPI1_Init
                0x0000000008002894       0x6c ./Core/Src/main.o
 .text.MX_SPI2_Init
                0x0000000008002900       0x6c ./Core/Src/main.o
 .text.MX_TIM1_Init
                0x000000000800296c       0xa0 ./Core/Src/main.o
 .text.MX_USART2_UART_Init
                0x0000000008002a0c       0x54 ./Core/Src/main.o
 .text.MX_GPIO_Init
                0x0000000008002a60      0x264 ./Core/Src/main.o
 .text.__io_putchar
                0x0000000008002cc4       0x24 ./Core/Src/main.o
                0x0000000008002cc4                __io_putchar
 .text.print_conv_time
                0x0000000008002ce8       0x44 ./Core/Src/main.o
                0x0000000008002ce8                print_conv_time
 .text.check_error
                0x0000000008002d2c       0x24 ./Core/Src/main.o
                0x0000000008002d2c                check_error
 .text.print_cells
                0x0000000008002d50      0x108 ./Core/Src/main.o
                0x0000000008002d50                print_cells
 .text.init_appdata
                0x0000000008002e58       0xc0 ./Core/Src/main.o
                0x0000000008002e58                init_appdata
 .text.Error_Handler
                0x0000000008002f18        0xa ./Core/Src/main.o
                0x0000000008002f18                Error_Handler
 *fill*         0x0000000008002f22        0x2 
 .text.HAL_MspInit
                0x0000000008002f24       0x50 ./Core/Src/stm32f4xx_hal_msp.o
                0x0000000008002f24                HAL_MspInit
 .text.HAL_CAN_MspInit
                0x0000000008002f74       0x90 ./Core/Src/stm32f4xx_hal_msp.o
                0x0000000008002f74                HAL_CAN_MspInit
 .text.HAL_SPI_MspInit
                0x0000000008003004      0x13c ./Core/Src/stm32f4xx_hal_msp.o
                0x0000000008003004                HAL_SPI_MspInit
 .text.HAL_TIM_Base_MspInit
                0x0000000008003140       0x44 ./Core/Src/stm32f4xx_hal_msp.o
                0x0000000008003140                HAL_TIM_Base_MspInit
 .text.HAL_UART_MspInit
                0x0000000008003184       0x90 ./Core/Src/stm32f4xx_hal_msp.o
                0x0000000008003184                HAL_UART_MspInit
 .text.NMI_Handler
                0x0000000008003214        0x6 ./Core/Src/stm32f4xx_it.o
                0x0000000008003214                NMI_Handler
 .text.HardFault_Handler
                0x000000000800321a        0x6 ./Core/Src/stm32f4xx_it.o
                0x000000000800321a                HardFault_Handler
 .text.MemManage_Handler
                0x0000000008003220        0x6 ./Core/Src/stm32f4xx_it.o
                0x0000000008003220                MemManage_Handler
 .text.BusFault_Handler
                0x0000000008003226        0x6 ./Core/Src/stm32f4xx_it.o
                0x0000000008003226                BusFault_Handler
 .text.UsageFault_Handler
                0x000000000800322c        0x6 ./Core/Src/stm32f4xx_it.o
                0x000000000800322c                UsageFault_Handler
 .text.SVC_Handler
                0x0000000008003232        0xe ./Core/Src/stm32f4xx_it.o
                0x0000000008003232                SVC_Handler
 .text.DebugMon_Handler
                0x0000000008003240        0xe ./Core/Src/stm32f4xx_it.o
                0x0000000008003240                DebugMon_Handler
 .text.PendSV_Handler
                0x000000000800324e        0xe ./Core/Src/stm32f4xx_it.o
                0x000000000800324e                PendSV_Handler
 .text.SysTick_Handler
                0x000000000800325c        0xc ./Core/Src/stm32f4xx_it.o
                0x000000000800325c                SysTick_Handler
 .text.OTG_FS_IRQHandler
                0x0000000008003268       0x14 ./Core/Src/stm32f4xx_it.o
                0x0000000008003268                OTG_FS_IRQHandler
 .text._getpid  0x000000000800327c       0x10 ./Core/Src/syscalls.o
                0x000000000800327c                _getpid
 .text._kill    0x000000000800328c       0x20 ./Core/Src/syscalls.o
                0x000000000800328c                _kill
 .text._exit    0x00000000080032ac       0x14 ./Core/Src/syscalls.o
                0x00000000080032ac                _exit
 .text._read    0x00000000080032c0       0x3a ./Core/Src/syscalls.o
                0x00000000080032c0                _read
 .text._write   0x00000000080032fa       0x38 ./Core/Src/syscalls.o
                0x00000000080032fa                _write
 .text._close   0x0000000008003332       0x18 ./Core/Src/syscalls.o
                0x0000000008003332                _close
 .text._fstat   0x000000000800334a       0x20 ./Core/Src/syscalls.o
                0x000000000800334a                _fstat
 .text._isatty  0x000000000800336a       0x16 ./Core/Src/syscalls.o
                0x000000000800336a                _isatty
 .text._lseek   0x0000000008003380       0x1a ./Core/Src/syscalls.o
                0x0000000008003380                _lseek
 *fill*         0x000000000800339a        0x2 
 .text._sbrk    0x000000000800339c       0x6c ./Core/Src/sysmem.o
                0x000000000800339c                _sbrk
 .text.SystemInit
                0x0000000008003408       0x24 ./Core/Src/system_stm32f4xx.o
                0x0000000008003408                SystemInit
 .text.Reset_Handler
                0x000000000800342c       0x50 ./Core/Startup/startup_stm32f407vgtx.o
                0x000000000800342c                Reset_Handler
 .text.Default_Handler
                0x000000000800347c        0x2 ./Core/Startup/startup_stm32f407vgtx.o
                0x000000000800347c                RTC_Alarm_IRQHandler
                0x000000000800347c                HASH_RNG_IRQHandler
                0x000000000800347c                EXTI2_IRQHandler
                0x000000000800347c                TIM8_CC_IRQHandler
                0x000000000800347c                TIM1_CC_IRQHandler
                0x000000000800347c                DMA2_Stream5_IRQHandler
                0x000000000800347c                DMA1_Stream5_IRQHandler
                0x000000000800347c                PVD_IRQHandler
                0x000000000800347c                SDIO_IRQHandler
                0x000000000800347c                TAMP_STAMP_IRQHandler
                0x000000000800347c                CAN2_RX1_IRQHandler
                0x000000000800347c                EXTI3_IRQHandler
                0x000000000800347c                TIM8_TRG_COM_TIM14_IRQHandler
                0x000000000800347c                TIM1_UP_TIM10_IRQHandler
                0x000000000800347c                TIM8_UP_TIM13_IRQHandler
                0x000000000800347c                I2C3_ER_IRQHandler
                0x000000000800347c                EXTI0_IRQHandler
                0x000000000800347c                I2C2_EV_IRQHandler
                0x000000000800347c                DMA1_Stream2_IRQHandler
                0x000000000800347c                CAN1_RX0_IRQHandler
                0x000000000800347c                FPU_IRQHandler
                0x000000000800347c                OTG_HS_WKUP_IRQHandler
                0x000000000800347c                CAN2_SCE_IRQHandler
                0x000000000800347c                DMA2_Stream2_IRQHandler
                0x000000000800347c                SPI1_IRQHandler
                0x000000000800347c                TIM6_DAC_IRQHandler
                0x000000000800347c                TIM1_BRK_TIM9_IRQHandler
                0x000000000800347c                DCMI_IRQHandler
                0x000000000800347c                CAN2_RX0_IRQHandler
                0x000000000800347c                DMA2_Stream3_IRQHandler
                0x000000000800347c                USART6_IRQHandler
                0x000000000800347c                USART3_IRQHandler
                0x000000000800347c                CAN1_RX1_IRQHandler
                0x000000000800347c                UART5_IRQHandler
                0x000000000800347c                DMA2_Stream0_IRQHandler
                0x000000000800347c                TIM4_IRQHandler
                0x000000000800347c                I2C1_EV_IRQHandler
                0x000000000800347c                DMA1_Stream6_IRQHandler
                0x000000000800347c                DMA1_Stream1_IRQHandler
                0x000000000800347c                UART4_IRQHandler
                0x000000000800347c                TIM3_IRQHandler
                0x000000000800347c                RCC_IRQHandler
                0x000000000800347c                TIM8_BRK_TIM12_IRQHandler
                0x000000000800347c                Default_Handler
                0x000000000800347c                EXTI15_10_IRQHandler
                0x000000000800347c                ADC_IRQHandler
                0x000000000800347c                DMA1_Stream7_IRQHandler
                0x000000000800347c                TIM7_IRQHandler
                0x000000000800347c                CAN2_TX_IRQHandler
                0x000000000800347c                TIM5_IRQHandler
                0x000000000800347c                DMA2_Stream7_IRQHandler
                0x000000000800347c                I2C3_EV_IRQHandler
                0x000000000800347c                EXTI9_5_IRQHandler
                0x000000000800347c                RTC_WKUP_IRQHandler
                0x000000000800347c                ETH_WKUP_IRQHandler
                0x000000000800347c                SPI2_IRQHandler
                0x000000000800347c                OTG_HS_EP1_IN_IRQHandler
                0x000000000800347c                DMA1_Stream0_IRQHandler
                0x000000000800347c                CAN1_TX_IRQHandler
                0x000000000800347c                EXTI4_IRQHandler
                0x000000000800347c                FSMC_IRQHandler
                0x000000000800347c                ETH_IRQHandler
                0x000000000800347c                OTG_HS_EP1_OUT_IRQHandler
                0x000000000800347c                WWDG_IRQHandler
                0x000000000800347c                TIM2_IRQHandler
                0x000000000800347c                OTG_FS_WKUP_IRQHandler
                0x000000000800347c                TIM1_TRG_COM_TIM11_IRQHandler
                0x000000000800347c                OTG_HS_IRQHandler
                0x000000000800347c                EXTI1_IRQHandler
                0x000000000800347c                USART2_IRQHandler
                0x000000000800347c                I2C2_ER_IRQHandler
                0x000000000800347c                DMA2_Stream1_IRQHandler
                0x000000000800347c                CAN1_SCE_IRQHandler
                0x000000000800347c                FLASH_IRQHandler
                0x000000000800347c                DMA2_Stream4_IRQHandler
                0x000000000800347c                USART1_IRQHandler
                0x000000000800347c                SPI3_IRQHandler
                0x000000000800347c                DMA1_Stream4_IRQHandler
                0x000000000800347c                I2C1_ER_IRQHandler
                0x000000000800347c                DMA2_Stream6_IRQHandler
                0x000000000800347c                DMA1_Stream3_IRQHandler
 *fill*         0x000000000800347e        0x2 
 .text.HAL_Init
                0x0000000008003480       0x44 ./Drivers/STM32F4xx_HAL_Driver/Src/stm32f4xx_hal.o
                0x0000000008003480                HAL_Init
 .text.HAL_InitTick
                0x00000000080034c4       0x60 ./Drivers/STM32F4xx_HAL_Driver/Src/stm32f4xx_hal.o
                0x00000000080034c4                HAL_InitTick
 .text.HAL_IncTick
                0x0000000008003524       0x28 ./Drivers/STM32F4xx_HAL_Driver/Src/stm32f4xx_hal.o
                0x0000000008003524                HAL_IncTick
 .text.HAL_GetTick
                0x000000000800354c       0x18 ./Drivers/STM32F4xx_HAL_Driver/Src/stm32f4xx_hal.o
                0x000000000800354c                HAL_GetTick
 .text.HAL_Delay
                0x0000000008003564       0x48 ./Drivers/STM32F4xx_HAL_Driver/Src/stm32f4xx_hal.o
                0x0000000008003564                HAL_Delay
 .text.HAL_CAN_Init
                0x00000000080035ac      0x1f6 ./Drivers/STM32F4xx_HAL_Driver/Src/stm32f4xx_hal_can.o
                0x00000000080035ac                HAL_CAN_Init
 *fill*         0x00000000080037a2        0x2 
 .text.__NVIC_SetPriorityGrouping
                0x00000000080037a4       0x48 ./Drivers/STM32F4xx_HAL_Driver/Src/stm32f4xx_hal_cortex.o
 .text.__NVIC_GetPriorityGrouping
                0x00000000080037ec       0x1c ./Drivers/STM32F4xx_HAL_Driver/Src/stm32f4xx_hal_cortex.o
 .text.__NVIC_EnableIRQ
                0x0000000008003808       0x3c ./Drivers/STM32F4xx_HAL_Driver/Src/stm32f4xx_hal_cortex.o
 .text.__NVIC_SetPriority
                0x0000000008003844       0x54 ./Drivers/STM32F4xx_HAL_Driver/Src/stm32f4xx_hal_cortex.o
 .text.NVIC_EncodePriority
                0x0000000008003898       0x66 ./Drivers/STM32F4xx_HAL_Driver/Src/stm32f4xx_hal_cortex.o
 *fill*         0x00000000080038fe        0x2 
 .text.SysTick_Config
                0x0000000008003900       0x44 ./Drivers/STM32F4xx_HAL_Driver/Src/stm32f4xx_hal_cortex.o
 .text.HAL_NVIC_SetPriorityGrouping
                0x0000000008003944       0x16 ./Drivers/STM32F4xx_HAL_Driver/Src/stm32f4xx_hal_cortex.o
                0x0000000008003944                HAL_NVIC_SetPriorityGrouping
 .text.HAL_NVIC_SetPriority
                0x000000000800395a       0x38 ./Drivers/STM32F4xx_HAL_Driver/Src/stm32f4xx_hal_cortex.o
                0x000000000800395a                HAL_NVIC_SetPriority
 .text.HAL_NVIC_EnableIRQ
                0x0000000008003992       0x1c ./Drivers/STM32F4xx_HAL_Driver/Src/stm32f4xx_hal_cortex.o
                0x0000000008003992                HAL_NVIC_EnableIRQ
 .text.HAL_SYSTICK_Config
                0x00000000080039ae       0x18 ./Drivers/STM32F4xx_HAL_Driver/Src/stm32f4xx_hal_cortex.o
                0x00000000080039ae                HAL_SYSTICK_Config
 *fill*         0x00000000080039c6        0x2 
 .text.HAL_GPIO_Init
                0x00000000080039c8      0x338 ./Drivers/STM32F4xx_HAL_Driver/Src/stm32f4xx_hal_gpio.o
                0x00000000080039c8                HAL_GPIO_Init
 .text.HAL_GPIO_WritePin
                0x0000000008003d00       0x32 ./Drivers/STM32F4xx_HAL_Driver/Src/stm32f4xx_hal_gpio.o
                0x0000000008003d00                HAL_GPIO_WritePin
 .text.HAL_HCD_Init
                0x0000000008003d32       0xc4 ./Drivers/STM32F4xx_HAL_Driver/Src/stm32f4xx_hal_hcd.o
                0x0000000008003d32                HAL_HCD_Init
 .text.HAL_HCD_HC_Init
                0x0000000008003df6      0x11e ./Drivers/STM32F4xx_HAL_Driver/Src/stm32f4xx_hal_hcd.o
                0x0000000008003df6                HAL_HCD_HC_Init
 .text.HAL_HCD_HC_Halt
                0x0000000008003f14       0x46 ./Drivers/STM32F4xx_HAL_Driver/Src/stm32f4xx_hal_hcd.o
                0x0000000008003f14                HAL_HCD_HC_Halt
 *fill*         0x0000000008003f5a        0x2 
 .text.HAL_HCD_HC_SubmitRequest
                0x0000000008003f5c      0x2ac ./Drivers/STM32F4xx_HAL_Driver/Src/stm32f4xx_hal_hcd.o
                0x0000000008003f5c                HAL_HCD_HC_SubmitRequest
 .text.HAL_HCD_IRQHandler
                0x0000000008004208      0x216 ./Drivers/STM32F4xx_HAL_Driver/Src/stm32f4xx_hal_hcd.o
                0x0000000008004208                HAL_HCD_IRQHandler
 .text.HAL_HCD_Start
                0x000000000800441e       0x46 ./Drivers/STM32F4xx_HAL_Driver/Src/stm32f4xx_hal_hcd.o
                0x000000000800441e                HAL_HCD_Start
 .text.HAL_HCD_Stop
                0x0000000008004464       0x3a ./Drivers/STM32F4xx_HAL_Driver/Src/stm32f4xx_hal_hcd.o
                0x0000000008004464                HAL_HCD_Stop
 .text.HAL_HCD_ResetPort
                0x000000000800449e       0x1c ./Drivers/STM32F4xx_HAL_Driver/Src/stm32f4xx_hal_hcd.o
                0x000000000800449e                HAL_HCD_ResetPort
 .text.HAL_HCD_HC_GetURBState
                0x00000000080044ba       0x28 ./Drivers/STM32F4xx_HAL_Driver/Src/stm32f4xx_hal_hcd.o
                0x00000000080044ba                HAL_HCD_HC_GetURBState
 .text.HAL_HCD_HC_GetXferCount
                0x00000000080044e2       0x28 ./Drivers/STM32F4xx_HAL_Driver/Src/stm32f4xx_hal_hcd.o
                0x00000000080044e2                HAL_HCD_HC_GetXferCount
 .text.HAL_HCD_GetCurrentFrame
                0x000000000800450a       0x1c ./Drivers/STM32F4xx_HAL_Driver/Src/stm32f4xx_hal_hcd.o
                0x000000000800450a                HAL_HCD_GetCurrentFrame
 .text.HAL_HCD_GetCurrentSpeed
                0x0000000008004526       0x1c ./Drivers/STM32F4xx_HAL_Driver/Src/stm32f4xx_hal_hcd.o
                0x0000000008004526                HAL_HCD_GetCurrentSpeed
 .text.HCD_HC_IN_IRQHandler
                0x0000000008004542      0x6aa ./Drivers/STM32F4xx_HAL_Driver/Src/stm32f4xx_hal_hcd.o
 .text.HCD_HC_OUT_IRQHandler
                0x0000000008004bec      0x6d2 ./Drivers/STM32F4xx_HAL_Driver/Src/stm32f4xx_hal_hcd.o
 .text.HCD_RXQLVL_IRQHandler
                0x00000000080052be      0x1a4 ./Drivers/STM32F4xx_HAL_Driver/Src/stm32f4xx_hal_hcd.o
 .text.HCD_Port_IRQHandler
                0x0000000008005462       0xe6 ./Drivers/STM32F4xx_HAL_Driver/Src/stm32f4xx_hal_hcd.o
 .text.HAL_RCC_OscConfig
                0x0000000008005548      0x4f0 ./Drivers/STM32F4xx_HAL_Driver/Src/stm32f4xx_hal_rcc.o
                0x0000000008005548                HAL_RCC_OscConfig
 .text.HAL_RCC_ClockConfig
                0x0000000008005a38      0x1cc ./Drivers/STM32F4xx_HAL_Driver/Src/stm32f4xx_hal_rcc.o
                0x0000000008005a38                HAL_RCC_ClockConfig
 .text.HAL_RCC_GetSysClockFreq
                0x0000000008005c04      0x20c ./Drivers/STM32F4xx_HAL_Driver/Src/stm32f4xx_hal_rcc.o
                0x0000000008005c04                HAL_RCC_GetSysClockFreq
 .text.HAL_RCC_GetHCLKFreq
                0x0000000008005e10       0x18 ./Drivers/STM32F4xx_HAL_Driver/Src/stm32f4xx_hal_rcc.o
                0x0000000008005e10                HAL_RCC_GetHCLKFreq
 .text.HAL_RCC_GetPCLK1Freq
                0x0000000008005e28       0x28 ./Drivers/STM32F4xx_HAL_Driver/Src/stm32f4xx_hal_rcc.o
                0x0000000008005e28                HAL_RCC_GetPCLK1Freq
 .text.HAL_RCC_GetPCLK2Freq
                0x0000000008005e50       0x28 ./Drivers/STM32F4xx_HAL_Driver/Src/stm32f4xx_hal_rcc.o
                0x0000000008005e50                HAL_RCC_GetPCLK2Freq
 .text.HAL_SPI_Init
                0x0000000008005e78      0x112 ./Drivers/STM32F4xx_HAL_Driver/Src/stm32f4xx_hal_spi.o
                0x0000000008005e78                HAL_SPI_Init
 .text.HAL_SPI_Transmit
                0x0000000008005f8a      0x278 ./Drivers/STM32F4xx_HAL_Driver/Src/stm32f4xx_hal_spi.o
                0x0000000008005f8a                HAL_SPI_Transmit
 .text.HAL_SPI_TransmitReceive
                0x0000000008006202      0x344 ./Drivers/STM32F4xx_HAL_Driver/Src/stm32f4xx_hal_spi.o
                0x0000000008006202                HAL_SPI_TransmitReceive
 *fill*         0x0000000008006546        0x2 
 .text.SPI_WaitFlagStateUntilTimeout
                0x0000000008006548      0x110 ./Drivers/STM32F4xx_HAL_Driver/Src/stm32f4xx_hal_spi.o
 .text.SPI_EndRxTxTransaction
                0x0000000008006658       0x84 ./Drivers/STM32F4xx_HAL_Driver/Src/stm32f4xx_hal_spi.o
 .text.HAL_TIM_Base_Init
                0x00000000080066dc       0x9e ./Drivers/STM32F4xx_HAL_Driver/Src/stm32f4xx_hal_tim.o
                0x00000000080066dc                HAL_TIM_Base_Init
 .text.HAL_TIM_ConfigClockSource
                0x000000000800677a      0x18e ./Drivers/STM32F4xx_HAL_Driver/Src/stm32f4xx_hal_tim.o
                0x000000000800677a                HAL_TIM_ConfigClockSource
 .text.TIM_Base_SetConfig
                0x0000000008006908      0x140 ./Drivers/STM32F4xx_HAL_Driver/Src/stm32f4xx_hal_tim.o
                0x0000000008006908                TIM_Base_SetConfig
 .text.TIM_TI1_ConfigInputStage
                0x0000000008006a48       0x5e ./Drivers/STM32F4xx_HAL_Driver/Src/stm32f4xx_hal_tim.o
 .text.TIM_TI2_ConfigInputStage
                0x0000000008006aa6       0x60 ./Drivers/STM32F4xx_HAL_Driver/Src/stm32f4xx_hal_tim.o
 .text.TIM_ITRx_SetConfig
                0x0000000008006b06       0x36 ./Drivers/STM32F4xx_HAL_Driver/Src/stm32f4xx_hal_tim.o
 .text.TIM_ETR_SetConfig
                0x0000000008006b3c       0x40 ./Drivers/STM32F4xx_HAL_Driver/Src/stm32f4xx_hal_tim.o
                0x0000000008006b3c                TIM_ETR_SetConfig
 .text.HAL_TIMEx_MasterConfigSynchronization
                0x0000000008006b7c       0xf8 ./Drivers/STM32F4xx_HAL_Driver/Src/stm32f4xx_hal_tim_ex.o
                0x0000000008006b7c                HAL_TIMEx_MasterConfigSynchronization
 .text.HAL_UART_Init
                0x0000000008006c74       0x9a ./Drivers/STM32F4xx_HAL_Driver/Src/stm32f4xx_hal_uart.o
                0x0000000008006c74                HAL_UART_Init
 .text.HAL_UART_Transmit
                0x0000000008006d0e      0x124 ./Drivers/STM32F4xx_HAL_Driver/Src/stm32f4xx_hal_uart.o
                0x0000000008006d0e                HAL_UART_Transmit
 .text.UART_WaitOnFlagUntilTimeout
                0x0000000008006e32       0xdc ./Drivers/STM32F4xx_HAL_Driver/Src/stm32f4xx_hal_uart.o
 *fill*         0x0000000008006f0e        0x2 
 .text.UART_SetConfig
                0x0000000008006f10      0x4e8 ./Drivers/STM32F4xx_HAL_Driver/Src/stm32f4xx_hal_uart.o
 .text.USB_CoreInit
                0x00000000080073f8       0xc2 ./Drivers/STM32F4xx_HAL_Driver/Src/stm32f4xx_ll_usb.o
                0x00000000080073f8                USB_CoreInit
 .text.USB_EnableGlobalInt
                0x00000000080074ba       0x22 ./Drivers/STM32F4xx_HAL_Driver/Src/stm32f4xx_ll_usb.o
                0x00000000080074ba                USB_EnableGlobalInt
 .text.USB_DisableGlobalInt
                0x00000000080074dc       0x22 ./Drivers/STM32F4xx_HAL_Driver/Src/stm32f4xx_ll_usb.o
                0x00000000080074dc                USB_DisableGlobalInt
 .text.USB_SetCurrentMode
                0x00000000080074fe       0x98 ./Drivers/STM32F4xx_HAL_Driver/Src/stm32f4xx_ll_usb.o
                0x00000000080074fe                USB_SetCurrentMode
 *fill*         0x0000000008007596        0x2 
 .text.USB_FlushTxFifo
                0x0000000008007598       0x68 ./Drivers/STM32F4xx_HAL_Driver/Src/stm32f4xx_ll_usb.o
                0x0000000008007598                USB_FlushTxFifo
 .text.USB_FlushRxFifo
                0x0000000008007600       0x60 ./Drivers/STM32F4xx_HAL_Driver/Src/stm32f4xx_ll_usb.o
                0x0000000008007600                USB_FlushRxFifo
 .text.USB_WritePacket
                0x0000000008007660       0x7c ./Drivers/STM32F4xx_HAL_Driver/Src/stm32f4xx_ll_usb.o
                0x0000000008007660                USB_WritePacket
 .text.USB_ReadPacket
                0x00000000080076dc       0xb0 ./Drivers/STM32F4xx_HAL_Driver/Src/stm32f4xx_ll_usb.o
                0x00000000080076dc                USB_ReadPacket
 .text.USB_ReadInterrupts
                0x000000000800778c       0x26 ./Drivers/STM32F4xx_HAL_Driver/Src/stm32f4xx_ll_usb.o
                0x000000000800778c                USB_ReadInterrupts
 .text.USB_GetMode
                0x00000000080077b2       0x1c ./Drivers/STM32F4xx_HAL_Driver/Src/stm32f4xx_ll_usb.o
                0x00000000080077b2                USB_GetMode
 *fill*         0x00000000080077ce        0x2 
 .text.USB_CoreReset
                0x00000000080077d0       0x68 ./Drivers/STM32F4xx_HAL_Driver/Src/stm32f4xx_ll_usb.o
 .text.USB_HostInit
                0x0000000008007838      0x180 ./Drivers/STM32F4xx_HAL_Driver/Src/stm32f4xx_ll_usb.o
                0x0000000008007838                USB_HostInit
 .text.USB_InitFSLSPClkSel
                0x00000000080079b8       0x74 ./Drivers/STM32F4xx_HAL_Driver/Src/stm32f4xx_ll_usb.o
                0x00000000080079b8                USB_InitFSLSPClkSel
 .text.USB_ResetPort
                0x0000000008007a2c       0x54 ./Drivers/STM32F4xx_HAL_Driver/Src/stm32f4xx_ll_usb.o
                0x0000000008007a2c                USB_ResetPort
 .text.USB_DriveVbus
                0x0000000008007a80       0x72 ./Drivers/STM32F4xx_HAL_Driver/Src/stm32f4xx_ll_usb.o
                0x0000000008007a80                USB_DriveVbus
 .text.USB_GetHostSpeed
                0x0000000008007af2       0x2e ./Drivers/STM32F4xx_HAL_Driver/Src/stm32f4xx_ll_usb.o
                0x0000000008007af2                USB_GetHostSpeed
 .text.USB_GetCurrentFrame
                0x0000000008007b20       0x22 ./Drivers/STM32F4xx_HAL_Driver/Src/stm32f4xx_ll_usb.o
                0x0000000008007b20                USB_GetCurrentFrame
 *fill*         0x0000000008007b42        0x2 
 .text.USB_HC_Init
                0x0000000008007b44      0x244 ./Drivers/STM32F4xx_HAL_Driver/Src/stm32f4xx_ll_usb.o
                0x0000000008007b44                USB_HC_Init
 .text.USB_HC_StartXfer
                0x0000000008007d88      0x284 ./Drivers/STM32F4xx_HAL_Driver/Src/stm32f4xx_ll_usb.o
                0x0000000008007d88                USB_HC_StartXfer
 .text.USB_HC_ReadInterrupt
                0x000000000800800c       0x22 ./Drivers/STM32F4xx_HAL_Driver/Src/stm32f4xx_ll_usb.o
                0x000000000800800c                USB_HC_ReadInterrupt
 .text.USB_HC_Halt
                0x000000000800802e      0x1f8 ./Drivers/STM32F4xx_HAL_Driver/Src/stm32f4xx_ll_usb.o
                0x000000000800802e                USB_HC_Halt
 *fill*         0x0000000008008226        0x2 
 .text.USB_DoPing
                0x0000000008008228       0x78 ./Drivers/STM32F4xx_HAL_Driver/Src/stm32f4xx_ll_usb.o
                0x0000000008008228                USB_DoPing
 .text.USB_StopHost
                0x00000000080082a0      0x124 ./Drivers/STM32F4xx_HAL_Driver/Src/stm32f4xx_ll_usb.o
                0x00000000080082a0                USB_StopHost
 .text.USBH_CDC_InterfaceInit
                0x00000000080083c4      0x308 ./Middlewares/ST/STM32_USB_Host_Library/Class/CDC/Src/usbh_cdc.o
 .text.USBH_CDC_InterfaceDeInit
                0x00000000080086cc       0xb2 ./Middlewares/ST/STM32_USB_Host_Library/Class/CDC/Src/usbh_cdc.o
 *fill*         0x000000000800877e        0x2 
 .text.USBH_CDC_ClassRequest
                0x0000000008008780       0x60 ./Middlewares/ST/STM32_USB_Host_Library/Class/CDC/Src/usbh_cdc.o
 .text.USBH_CDC_Process
                0x00000000080087e0      0x12c ./Middlewares/ST/STM32_USB_Host_Library/Class/CDC/Src/usbh_cdc.o
 .text.USBH_CDC_SOFProcess
                0x000000000800890c       0x16 ./Middlewares/ST/STM32_USB_Host_Library/Class/CDC/Src/usbh_cdc.o
 .text.GetLineCoding
                0x0000000008008922       0x3e ./Middlewares/ST/STM32_USB_Host_Library/Class/CDC/Src/usbh_cdc.o
 .text.SetLineCoding
                0x0000000008008960       0x3e ./Middlewares/ST/STM32_USB_Host_Library/Class/CDC/Src/usbh_cdc.o
 .text.CDC_ProcessTransmission
                0x000000000800899e       0xec ./Middlewares/ST/STM32_USB_Host_Library/Class/CDC/Src/usbh_cdc.o
 .text.CDC_ProcessReception
                0x0000000008008a8a       0xb6 ./Middlewares/ST/STM32_USB_Host_Library/Class/CDC/Src/usbh_cdc.o
 .text.USBH_CDC_TransmitCallback
                0x0000000008008b40       0x14 ./Middlewares/ST/STM32_USB_Host_Library/Class/CDC/Src/usbh_cdc.o
                0x0000000008008b40                USBH_CDC_TransmitCallback
 .text.USBH_CDC_ReceiveCallback
                0x0000000008008b54       0x14 ./Middlewares/ST/STM32_USB_Host_Library/Class/CDC/Src/usbh_cdc.o
                0x0000000008008b54                USBH_CDC_ReceiveCallback
 .text.USBH_CDC_LineCodingChanged
                0x0000000008008b68       0x14 ./Middlewares/ST/STM32_USB_Host_Library/Class/CDC/Src/usbh_cdc.o
                0x0000000008008b68                USBH_CDC_LineCodingChanged
 .text.USBH_Init
                0x0000000008008b7c       0x90 ./Middlewares/ST/STM32_USB_Host_Library/Core/Src/usbh_core.o
                0x0000000008008b7c                USBH_Init
 .text.DeInitStateMachine
                0x0000000008008c0c       0xa8 ./Middlewares/ST/STM32_USB_Host_Library/Core/Src/usbh_core.o
 .text.USBH_RegisterClass
                0x0000000008008cb4       0x80 ./Middlewares/ST/STM32_USB_Host_Library/Core/Src/usbh_core.o
                0x0000000008008cb4                USBH_RegisterClass
 .text.USBH_SelectInterface
                0x0000000008008d34       0xd0 ./Middlewares/ST/STM32_USB_Host_Library/Core/Src/usbh_core.o
                0x0000000008008d34                USBH_SelectInterface
 .text.USBH_FindInterface
                0x0000000008008e04       0x8c ./Middlewares/ST/STM32_USB_Host_Library/Core/Src/usbh_core.o
                0x0000000008008e04                USBH_FindInterface
 .text.USBH_Start
                0x0000000008008e90       0x20 ./Middlewares/ST/STM32_USB_Host_Library/Core/Src/usbh_core.o
                0x0000000008008e90                USBH_Start
 .text.USBH_Process
                0x0000000008008eb0      0x4e8 ./Middlewares/ST/STM32_USB_Host_Library/Core/Src/usbh_core.o
                0x0000000008008eb0                USBH_Process
 .text.USBH_HandleEnum
                0x0000000008009398      0x55c ./Middlewares/ST/STM32_USB_Host_Library/Core/Src/usbh_core.o
 .text.USBH_LL_SetTimer
                0x00000000080098f4       0x1e ./Middlewares/ST/STM32_USB_Host_Library/Core/Src/usbh_core.o
                0x00000000080098f4                USBH_LL_SetTimer
 .text.USBH_LL_IncTimer
                0x0000000008009912       0x24 ./Middlewares/ST/STM32_USB_Host_Library/Core/Src/usbh_core.o
                0x0000000008009912                USBH_LL_IncTimer
 .text.USBH_HandleSof
                0x0000000008009936       0x30 ./Middlewares/ST/STM32_USB_Host_Library/Core/Src/usbh_core.o
 .text.USBH_LL_PortEnabled
                0x0000000008009966       0x1c ./Middlewares/ST/STM32_USB_Host_Library/Core/Src/usbh_core.o
                0x0000000008009966                USBH_LL_PortEnabled
 .text.USBH_LL_PortDisabled
                0x0000000008009982       0x1c ./Middlewares/ST/STM32_USB_Host_Library/Core/Src/usbh_core.o
                0x0000000008009982                USBH_LL_PortDisabled
 .text.USBH_LL_Connect
                0x000000000800999e       0x2e ./Middlewares/ST/STM32_USB_Host_Library/Core/Src/usbh_core.o
                0x000000000800999e                USBH_LL_Connect
 .text.USBH_LL_Disconnect
                0x00000000080099cc       0x48 ./Middlewares/ST/STM32_USB_Host_Library/Core/Src/usbh_core.o
                0x00000000080099cc                USBH_LL_Disconnect
 .text.USBH_Get_DevDesc
                0x0000000008009a14       0x50 ./Middlewares/ST/STM32_USB_Host_Library/Core/Src/usbh_ctlreq.o
                0x0000000008009a14                USBH_Get_DevDesc
 .text.USBH_Get_CfgDesc
                0x0000000008009a64       0x48 ./Middlewares/ST/STM32_USB_Host_Library/Core/Src/usbh_ctlreq.o
                0x0000000008009a64                USBH_Get_CfgDesc
 .text.USBH_Get_StringDesc
                0x0000000008009aac       0x56 ./Middlewares/ST/STM32_USB_Host_Library/Core/Src/usbh_ctlreq.o
                0x0000000008009aac                USBH_Get_StringDesc
 .text.USBH_GetDescriptor
                0x0000000008009b02       0x6a ./Middlewares/ST/STM32_USB_Host_Library/Core/Src/usbh_ctlreq.o
                0x0000000008009b02                USBH_GetDescriptor
 .text.USBH_SetAddress
                0x0000000008009b6c       0x48 ./Middlewares/ST/STM32_USB_Host_Library/Core/Src/usbh_ctlreq.o
                0x0000000008009b6c                USBH_SetAddress
 .text.USBH_SetCfg
                0x0000000008009bb4       0x46 ./Middlewares/ST/STM32_USB_Host_Library/Core/Src/usbh_ctlreq.o
                0x0000000008009bb4                USBH_SetCfg
 .text.USBH_SetFeature
                0x0000000008009bfa       0x48 ./Middlewares/ST/STM32_USB_Host_Library/Core/Src/usbh_ctlreq.o
                0x0000000008009bfa                USBH_SetFeature
 .text.USBH_ClrFeature
                0x0000000008009c42       0x48 ./Middlewares/ST/STM32_USB_Host_Library/Core/Src/usbh_ctlreq.o
                0x0000000008009c42                USBH_ClrFeature
 .text.USBH_ParseDevDesc
                0x0000000008009c8a      0x122 ./Middlewares/ST/STM32_USB_Host_Library/Core/Src/usbh_ctlreq.o
 .text.USBH_ParseCfgDesc
                0x0000000008009dac      0x1ec ./Middlewares/ST/STM32_USB_Host_Library/Core/Src/usbh_ctlreq.o
 .text.USBH_ParseInterfaceDesc
                0x0000000008009f98       0x5e ./Middlewares/ST/STM32_USB_Host_Library/Core/Src/usbh_ctlreq.o
 .text.USBH_ParseEPDesc
                0x0000000008009ff6      0x14a ./Middlewares/ST/STM32_USB_Host_Library/Core/Src/usbh_ctlreq.o
 .text.USBH_ParseStringDesc
                0x000000000800a140       0x66 ./Middlewares/ST/STM32_USB_Host_Library/Core/Src/usbh_ctlreq.o
 .text.USBH_GetNextDesc
                0x000000000800a1a6       0x36 ./Middlewares/ST/STM32_USB_Host_Library/Core/Src/usbh_ctlreq.o
                0x000000000800a1a6                USBH_GetNextDesc
 .text.USBH_CtlReq
                0x000000000800a1dc       0x7a ./Middlewares/ST/STM32_USB_Host_Library/Core/Src/usbh_ctlreq.o
                0x000000000800a1dc                USBH_CtlReq
 *fill*         0x000000000800a256        0x2 
 .text.USBH_HandleControl
                0x000000000800a258      0x304 ./Middlewares/ST/STM32_USB_Host_Library/Core/Src/usbh_ctlreq.o
 .text.USBH_CtlSendSetup
                0x000000000800a55c       0x34 ./Middlewares/ST/STM32_USB_Host_Library/Core/Src/usbh_ioreq.o
                0x000000000800a55c                USBH_CtlSendSetup
 .text.USBH_CtlSendData
                0x000000000800a590       0x4a ./Middlewares/ST/STM32_USB_Host_Library/Core/Src/usbh_ioreq.o
                0x000000000800a590                USBH_CtlSendData
 .text.USBH_CtlReceiveData
                0x000000000800a5da       0x3c ./Middlewares/ST/STM32_USB_Host_Library/Core/Src/usbh_ioreq.o
                0x000000000800a5da                USBH_CtlReceiveData
 .text.USBH_BulkSendData
                0x000000000800a616       0x4a ./Middlewares/ST/STM32_USB_Host_Library/Core/Src/usbh_ioreq.o
                0x000000000800a616                USBH_BulkSendData
 .text.USBH_BulkReceiveData
                0x000000000800a660       0x3c ./Middlewares/ST/STM32_USB_Host_Library/Core/Src/usbh_ioreq.o
                0x000000000800a660                USBH_BulkReceiveData
 .text.USBH_OpenPipe
                0x000000000800a69c       0x3e ./Middlewares/ST/STM32_USB_Host_Library/Core/Src/usbh_pipes.o
                0x000000000800a69c                USBH_OpenPipe
 .text.USBH_ClosePipe
                0x000000000800a6da       0x20 ./Middlewares/ST/STM32_USB_Host_Library/Core/Src/usbh_pipes.o
                0x000000000800a6da                USBH_ClosePipe
 .text.USBH_AllocPipe
                0x000000000800a6fa       0x42 ./Middlewares/ST/STM32_USB_Host_Library/Core/Src/usbh_pipes.o
                0x000000000800a6fa                USBH_AllocPipe
 .text.USBH_FreePipe
                0x000000000800a73c       0x3c ./Middlewares/ST/STM32_USB_Host_Library/Core/Src/usbh_pipes.o
                0x000000000800a73c                USBH_FreePipe
 .text.USBH_GetFreePipe
                0x000000000800a778       0x48 ./Middlewares/ST/STM32_USB_Host_Library/Core/Src/usbh_pipes.o
 .text.MX_USB_HOST_Init
                0x000000000800a7c0       0x4c ./USB_HOST/App/usb_host.o
                0x000000000800a7c0                MX_USB_HOST_Init
 .text.MX_USB_HOST_Process
                0x000000000800a80c       0x14 ./USB_HOST/App/usb_host.o
                0x000000000800a80c                MX_USB_HOST_Process
 .text.USBH_UserProcess
                0x000000000800a820       0x5c ./USB_HOST/App/usb_host.o
 .text.HAL_HCD_MspInit
                0x000000000800a87c       0xc4 ./USB_HOST/Target/usbh_conf.o
                0x000000000800a87c                HAL_HCD_MspInit
 .text.HAL_HCD_SOF_Callback
                0x000000000800a940       0x1c ./USB_HOST/Target/usbh_conf.o
                0x000000000800a940                HAL_HCD_SOF_Callback
 .text.HAL_HCD_Connect_Callback
                0x000000000800a95c       0x1c ./USB_HOST/Target/usbh_conf.o
                0x000000000800a95c                HAL_HCD_Connect_Callback
 .text.HAL_HCD_Disconnect_Callback
                0x000000000800a978       0x1c ./USB_HOST/Target/usbh_conf.o
                0x000000000800a978                HAL_HCD_Disconnect_Callback
 .text.HAL_HCD_HC_NotifyURBChange_Callback
                0x000000000800a994       0x1c ./USB_HOST/Target/usbh_conf.o
                0x000000000800a994                HAL_HCD_HC_NotifyURBChange_Callback
 .text.HAL_HCD_PortEnabled_Callback
                0x000000000800a9b0       0x1c ./USB_HOST/Target/usbh_conf.o
                0x000000000800a9b0                HAL_HCD_PortEnabled_Callback
 .text.HAL_HCD_PortDisabled_Callback
                0x000000000800a9cc       0x1c ./USB_HOST/Target/usbh_conf.o
                0x000000000800a9cc                HAL_HCD_PortDisabled_Callback
 .text.USBH_LL_Init
                0x000000000800a9e8       0x78 ./USB_HOST/Target/usbh_conf.o
                0x000000000800a9e8                USBH_LL_Init
 .text.USBH_LL_Start
                0x000000000800aa60       0x36 ./USB_HOST/Target/usbh_conf.o
                0x000000000800aa60                USBH_LL_Start
 .text.USBH_LL_Stop
                0x000000000800aa96       0x36 ./USB_HOST/Target/usbh_conf.o
                0x000000000800aa96                USBH_LL_Stop
 .text.USBH_LL_GetSpeed
                0x000000000800aacc       0x4e ./USB_HOST/Target/usbh_conf.o
                0x000000000800aacc                USBH_LL_GetSpeed
 .text.USBH_LL_ResetPort
                0x000000000800ab1a       0x36 ./USB_HOST/Target/usbh_conf.o
                0x000000000800ab1a                USBH_LL_ResetPort
 .text.USBH_LL_GetLastXferSize
                0x000000000800ab50       0x26 ./USB_HOST/Target/usbh_conf.o
                0x000000000800ab50                USBH_LL_GetLastXferSize
 .text.USBH_LL_OpenPipe
                0x000000000800ab76       0x5e ./USB_HOST/Target/usbh_conf.o
                0x000000000800ab76                USBH_LL_OpenPipe
 .text.USBH_LL_ClosePipe
                0x000000000800abd4       0x3e ./USB_HOST/Target/usbh_conf.o
                0x000000000800abd4                USBH_LL_ClosePipe
 .text.USBH_LL_SubmitURB
                0x000000000800ac12       0x62 ./USB_HOST/Target/usbh_conf.o
                0x000000000800ac12                USBH_LL_SubmitURB
 .text.USBH_LL_GetURBState
                0x000000000800ac74       0x26 ./USB_HOST/Target/usbh_conf.o
                0x000000000800ac74                USBH_LL_GetURBState
 .text.USBH_LL_DriverVBUS
                0x000000000800ac9a       0x2e ./USB_HOST/Target/usbh_conf.o
                0x000000000800ac9a                USBH_LL_DriverVBUS
 .text.USBH_LL_SetToggle
                0x000000000800acc8       0x60 ./USB_HOST/Target/usbh_conf.o
                0x000000000800acc8                USBH_LL_SetToggle
 .text.USBH_Delay
                0x000000000800ad28       0x16 ./USB_HOST/Target/usbh_conf.o
                0x000000000800ad28                USBH_Delay
 *fill*         0x000000000800ad3e        0x2 
 .text.USBH_Get_USB_Status
                0x000000000800ad40       0x58 ./USB_HOST/Target/usbh_conf.o
                0x000000000800ad40                USBH_Get_USB_Status
 .text.MX_DriverVbusFS
                0x000000000800ad98       0x38 ./USB_HOST/Target/usbh_platform.o
                0x000000000800ad98                MX_DriverVbusFS
 .text.__errno  0x000000000800add0        0xc c:/st/stm32cubeide_1.11.2/stm32cubeide/plugins/com.st.stm32cube.ide.mcu.externaltools.gnu-tools-for-stm32.10.3-2021.10.win32_1.0.200.202301161003/tools/bin/../lib/gcc/arm-none-eabi/10.3.1/../../../../arm-none-eabi/lib/thumb/v7e-m+fp/hard\libc_nano.a(lib_a-errno.o)
                0x000000000800add0                __errno
 .text.__libc_init_array
                0x000000000800addc       0x48 c:/st/stm32cubeide_1.11.2/stm32cubeide/plugins/com.st.stm32cube.ide.mcu.externaltools.gnu-tools-for-stm32.10.3-2021.10.win32_1.0.200.202301161003/tools/bin/../lib/gcc/arm-none-eabi/10.3.1/../../../../arm-none-eabi/lib/thumb/v7e-m+fp/hard\libc_nano.a(lib_a-init.o)
                0x000000000800addc                __libc_init_array
 .text.malloc   0x000000000800ae24       0x10 c:/st/stm32cubeide_1.11.2/stm32cubeide/plugins/com.st.stm32cube.ide.mcu.externaltools.gnu-tools-for-stm32.10.3-2021.10.win32_1.0.200.202301161003/tools/bin/../lib/gcc/arm-none-eabi/10.3.1/../../../../arm-none-eabi/lib/thumb/v7e-m+fp/hard\libc_nano.a(lib_a-malloc.o)
                0x000000000800ae24                malloc
 .text.free     0x000000000800ae34       0x10 c:/st/stm32cubeide_1.11.2/stm32cubeide/plugins/com.st.stm32cube.ide.mcu.externaltools.gnu-tools-for-stm32.10.3-2021.10.win32_1.0.200.202301161003/tools/bin/../lib/gcc/arm-none-eabi/10.3.1/../../../../arm-none-eabi/lib/thumb/v7e-m+fp/hard\libc_nano.a(lib_a-malloc.o)
                0x000000000800ae34                free
 .text.memset   0x000000000800ae44       0x10 c:/st/stm32cubeide_1.11.2/stm32cubeide/plugins/com.st.stm32cube.ide.mcu.externaltools.gnu-tools-for-stm32.10.3-2021.10.win32_1.0.200.202301161003/tools/bin/../lib/gcc/arm-none-eabi/10.3.1/../../../../arm-none-eabi/lib/thumb/v7e-m+fp/hard\libc_nano.a(lib_a-memset.o)
                0x000000000800ae44                memset
 .text._free_r  0x000000000800ae54       0x98 c:/st/stm32cubeide_1.11.2/stm32cubeide/plugins/com.st.stm32cube.ide.mcu.externaltools.gnu-tools-for-stm32.10.3-2021.10.win32_1.0.200.202301161003/tools/bin/../lib/gcc/arm-none-eabi/10.3.1/../../../../arm-none-eabi/lib/thumb/v7e-m+fp/hard\libc_nano.a(lib_a-nano-freer.o)
                0x000000000800ae54                _free_r
 .text.sbrk_aligned
                0x000000000800aeec       0x40 c:/st/stm32cubeide_1.11.2/stm32cubeide/plugins/com.st.stm32cube.ide.mcu.externaltools.gnu-tools-for-stm32.10.3-2021.10.win32_1.0.200.202301161003/tools/bin/../lib/gcc/arm-none-eabi/10.3.1/../../../../arm-none-eabi/lib/thumb/v7e-m+fp/hard\libc_nano.a(lib_a-nano-mallocr.o)
 .text._malloc_r
                0x000000000800af2c       0xe8 c:/st/stm32cubeide_1.11.2/stm32cubeide/plugins/com.st.stm32cube.ide.mcu.externaltools.gnu-tools-for-stm32.10.3-2021.10.win32_1.0.200.202301161003/tools/bin/../lib/gcc/arm-none-eabi/10.3.1/../../../../arm-none-eabi/lib/thumb/v7e-m+fp/hard\libc_nano.a(lib_a-nano-mallocr.o)
                0x000000000800af2c                _malloc_r
 .text.__cvt    0x000000000800b014       0xc4 c:/st/stm32cubeide_1.11.2/stm32cubeide/plugins/com.st.stm32cube.ide.mcu.externaltools.gnu-tools-for-stm32.10.3-2021.10.win32_1.0.200.202301161003/tools/bin/../lib/gcc/arm-none-eabi/10.3.1/../../../../arm-none-eabi/lib/thumb/v7e-m+fp/hard\libc_nano.a(lib_a-nano-vfprintf_float.o)
                0x000000000800b014                __cvt
 .text.__exponent
                0x000000000800b0d8       0x7c c:/st/stm32cubeide_1.11.2/stm32cubeide/plugins/com.st.stm32cube.ide.mcu.externaltools.gnu-tools-for-stm32.10.3-2021.10.win32_1.0.200.202301161003/tools/bin/../lib/gcc/arm-none-eabi/10.3.1/../../../../arm-none-eabi/lib/thumb/v7e-m+fp/hard\libc_nano.a(lib_a-nano-vfprintf_float.o)
                0x000000000800b0d8                __exponent
 .text._printf_float
                0x000000000800b154      0x46c c:/st/stm32cubeide_1.11.2/stm32cubeide/plugins/com.st.stm32cube.ide.mcu.externaltools.gnu-tools-for-stm32.10.3-2021.10.win32_1.0.200.202301161003/tools/bin/../lib/gcc/arm-none-eabi/10.3.1/../../../../arm-none-eabi/lib/thumb/v7e-m+fp/hard\libc_nano.a(lib_a-nano-vfprintf_float.o)
                0x000000000800b154                _printf_float
 .text._printf_common
                0x000000000800b5c0       0xda c:/st/stm32cubeide_1.11.2/stm32cubeide/plugins/com.st.stm32cube.ide.mcu.externaltools.gnu-tools-for-stm32.10.3-2021.10.win32_1.0.200.202301161003/tools/bin/../lib/gcc/arm-none-eabi/10.3.1/../../../../arm-none-eabi/lib/thumb/v7e-m+fp/hard\libc_nano.a(lib_a-nano-vfprintf_i.o)
                0x000000000800b5c0                _printf_common
 *fill*         0x000000000800b69a        0x2 
 .text._printf_i
                0x000000000800b69c      0x24c c:/st/stm32cubeide_1.11.2/stm32cubeide/plugins/com.st.stm32cube.ide.mcu.externaltools.gnu-tools-for-stm32.10.3-2021.10.win32_1.0.200.202301161003/tools/bin/../lib/gcc/arm-none-eabi/10.3.1/../../../../arm-none-eabi/lib/thumb/v7e-m+fp/hard\libc_nano.a(lib_a-nano-vfprintf_i.o)
                0x000000000800b69c                _printf_i
 .text.printf   0x000000000800b8e8       0x30 c:/st/stm32cubeide_1.11.2/stm32cubeide/plugins/com.st.stm32cube.ide.mcu.externaltools.gnu-tools-for-stm32.10.3-2021.10.win32_1.0.200.202301161003/tools/bin/../lib/gcc/arm-none-eabi/10.3.1/../../../../arm-none-eabi/lib/thumb/v7e-m+fp/hard\libc_nano.a(lib_a-printf.o)
                0x000000000800b8e8                iprintf
                0x000000000800b8e8                printf
 .text.putchar  0x000000000800b918       0x2c c:/st/stm32cubeide_1.11.2/stm32cubeide/plugins/com.st.stm32cube.ide.mcu.externaltools.gnu-tools-for-stm32.10.3-2021.10.win32_1.0.200.202301161003/tools/bin/../lib/gcc/arm-none-eabi/10.3.1/../../../../arm-none-eabi/lib/thumb/v7e-m+fp/hard\libc_nano.a(lib_a-putchar.o)
                0x000000000800b918                putchar
 .text._puts_r  0x000000000800b944       0xdc c:/st/stm32cubeide_1.11.2/stm32cubeide/plugins/com.st.stm32cube.ide.mcu.externaltools.gnu-tools-for-stm32.10.3-2021.10.win32_1.0.200.202301161003/tools/bin/../lib/gcc/arm-none-eabi/10.3.1/../../../../arm-none-eabi/lib/thumb/v7e-m+fp/hard\libc_nano.a(lib_a-puts.o)
                0x000000000800b944                _puts_r
 .text.puts     0x000000000800ba20       0x10 c:/st/stm32cubeide_1.11.2/stm32cubeide/plugins/com.st.stm32cube.ide.mcu.externaltools.gnu-tools-for-stm32.10.3-2021.10.win32_1.0.200.202301161003/tools/bin/../lib/gcc/arm-none-eabi/10.3.1/../../../../arm-none-eabi/lib/thumb/v7e-m+fp/hard\libc_nano.a(lib_a-puts.o)
                0x000000000800ba20                puts
 .text._sbrk_r  0x000000000800ba30       0x20 c:/st/stm32cubeide_1.11.2/stm32cubeide/plugins/com.st.stm32cube.ide.mcu.externaltools.gnu-tools-for-stm32.10.3-2021.10.win32_1.0.200.202301161003/tools/bin/../lib/gcc/arm-none-eabi/10.3.1/../../../../arm-none-eabi/lib/thumb/v7e-m+fp/hard\libc_nano.a(lib_a-sbrkr.o)
                0x000000000800ba30                _sbrk_r
 .text.__swbuf_r
                0x000000000800ba50       0xa4 c:/st/stm32cubeide_1.11.2/stm32cubeide/plugins/com.st.stm32cube.ide.mcu.externaltools.gnu-tools-for-stm32.10.3-2021.10.win32_1.0.200.202301161003/tools/bin/../lib/gcc/arm-none-eabi/10.3.1/../../../../arm-none-eabi/lib/thumb/v7e-m+fp/hard\libc_nano.a(lib_a-wbuf.o)
                0x000000000800ba50                __swbuf_r
 .text.__swsetup_r
                0x000000000800baf4       0xdc c:/st/stm32cubeide_1.11.2/stm32cubeide/plugins/com.st.stm32cube.ide.mcu.externaltools.gnu-tools-for-stm32.10.3-2021.10.win32_1.0.200.202301161003/tools/bin/../lib/gcc/arm-none-eabi/10.3.1/../../../../arm-none-eabi/lib/thumb/v7e-m+fp/hard\libc_nano.a(lib_a-wsetup.o)
                0x000000000800baf4                __swsetup_r
 .text.quorem   0x000000000800bbd0      0x116 c:/st/stm32cubeide_1.11.2/stm32cubeide/plugins/com.st.stm32cube.ide.mcu.externaltools.gnu-tools-for-stm32.10.3-2021.10.win32_1.0.200.202301161003/tools/bin/../lib/gcc/arm-none-eabi/10.3.1/../../../../arm-none-eabi/lib/thumb/v7e-m+fp/hard\libc_nano.a(lib_a-dtoa.o)
 *fill*         0x000000000800bce6        0x2 
 .text._dtoa_r  0x000000000800bce8      0xbdc c:/st/stm32cubeide_1.11.2/stm32cubeide/plugins/com.st.stm32cube.ide.mcu.externaltools.gnu-tools-for-stm32.10.3-2021.10.win32_1.0.200.202301161003/tools/bin/../lib/gcc/arm-none-eabi/10.3.1/../../../../arm-none-eabi/lib/thumb/v7e-m+fp/hard\libc_nano.a(lib_a-dtoa.o)
                0x000000000800bce8                _dtoa_r
 .text.__sflush_r
                0x000000000800c8c4      0x10c c:/st/stm32cubeide_1.11.2/stm32cubeide/plugins/com.st.stm32cube.ide.mcu.externaltools.gnu-tools-for-stm32.10.3-2021.10.win32_1.0.200.202301161003/tools/bin/../lib/gcc/arm-none-eabi/10.3.1/../../../../arm-none-eabi/lib/thumb/v7e-m+fp/hard\libc_nano.a(lib_a-fflush.o)
                0x000000000800c8c4                __sflush_r
 .text._fflush_r
                0x000000000800c9d0       0x78 c:/st/stm32cubeide_1.11.2/stm32cubeide/plugins/com.st.stm32cube.ide.mcu.externaltools.gnu-tools-for-stm32.10.3-2021.10.win32_1.0.200.202301161003/tools/bin/../lib/gcc/arm-none-eabi/10.3.1/../../../../arm-none-eabi/lib/thumb/v7e-m+fp/hard\libc_nano.a(lib_a-fflush.o)
                0x000000000800c9d0                _fflush_r
 .text.std      0x000000000800ca48       0x48 c:/st/stm32cubeide_1.11.2/stm32cubeide/plugins/com.st.stm32cube.ide.mcu.externaltools.gnu-tools-for-stm32.10.3-2021.10.win32_1.0.200.202301161003/tools/bin/../lib/gcc/arm-none-eabi/10.3.1/../../../../arm-none-eabi/lib/thumb/v7e-m+fp/hard\libc_nano.a(lib_a-findfp.o)
 .text._cleanup_r
                0x000000000800ca90        0xc c:/st/stm32cubeide_1.11.2/stm32cubeide/plugins/com.st.stm32cube.ide.mcu.externaltools.gnu-tools-for-stm32.10.3-2021.10.win32_1.0.200.202301161003/tools/bin/../lib/gcc/arm-none-eabi/10.3.1/../../../../arm-none-eabi/lib/thumb/v7e-m+fp/hard\libc_nano.a(lib_a-findfp.o)
                0x000000000800ca90                _cleanup_r
 .text.__sfmoreglue
                0x000000000800ca9c       0x2c c:/st/stm32cubeide_1.11.2/stm32cubeide/plugins/com.st.stm32cube.ide.mcu.externaltools.gnu-tools-for-stm32.10.3-2021.10.win32_1.0.200.202301161003/tools/bin/../lib/gcc/arm-none-eabi/10.3.1/../../../../arm-none-eabi/lib/thumb/v7e-m+fp/hard\libc_nano.a(lib_a-findfp.o)
                0x000000000800ca9c                __sfmoreglue
 .text.__sfp_lock_acquire
                0x000000000800cac8        0xc c:/st/stm32cubeide_1.11.2/stm32cubeide/plugins/com.st.stm32cube.ide.mcu.externaltools.gnu-tools-for-stm32.10.3-2021.10.win32_1.0.200.202301161003/tools/bin/../lib/gcc/arm-none-eabi/10.3.1/../../../../arm-none-eabi/lib/thumb/v7e-m+fp/hard\libc_nano.a(lib_a-findfp.o)
                0x000000000800cac8                __sfp_lock_acquire
 .text.__sfp_lock_release
                0x000000000800cad4        0xc c:/st/stm32cubeide_1.11.2/stm32cubeide/plugins/com.st.stm32cube.ide.mcu.externaltools.gnu-tools-for-stm32.10.3-2021.10.win32_1.0.200.202301161003/tools/bin/../lib/gcc/arm-none-eabi/10.3.1/../../../../arm-none-eabi/lib/thumb/v7e-m+fp/hard\libc_nano.a(lib_a-findfp.o)
                0x000000000800cad4                __sfp_lock_release
 .text.__sinit_lock_acquire
                0x000000000800cae0        0xc c:/st/stm32cubeide_1.11.2/stm32cubeide/plugins/com.st.stm32cube.ide.mcu.externaltools.gnu-tools-for-stm32.10.3-2021.10.win32_1.0.200.202301161003/tools/bin/../lib/gcc/arm-none-eabi/10.3.1/../../../../arm-none-eabi/lib/thumb/v7e-m+fp/hard\libc_nano.a(lib_a-findfp.o)
                0x000000000800cae0                __sinit_lock_acquire
 .text.__sinit_lock_release
                0x000000000800caec        0xc c:/st/stm32cubeide_1.11.2/stm32cubeide/plugins/com.st.stm32cube.ide.mcu.externaltools.gnu-tools-for-stm32.10.3-2021.10.win32_1.0.200.202301161003/tools/bin/../lib/gcc/arm-none-eabi/10.3.1/../../../../arm-none-eabi/lib/thumb/v7e-m+fp/hard\libc_nano.a(lib_a-findfp.o)
                0x000000000800caec                __sinit_lock_release
 .text.__sinit  0x000000000800caf8       0x70 c:/st/stm32cubeide_1.11.2/stm32cubeide/plugins/com.st.stm32cube.ide.mcu.externaltools.gnu-tools-for-stm32.10.3-2021.10.win32_1.0.200.202301161003/tools/bin/../lib/gcc/arm-none-eabi/10.3.1/../../../../arm-none-eabi/lib/thumb/v7e-m+fp/hard\libc_nano.a(lib_a-findfp.o)
                0x000000000800caf8                __sinit
 .text.__sfp    0x000000000800cb68       0x8c c:/st/stm32cubeide_1.11.2/stm32cubeide/plugins/com.st.stm32cube.ide.mcu.externaltools.gnu-tools-for-stm32.10.3-2021.10.win32_1.0.200.202301161003/tools/bin/../lib/gcc/arm-none-eabi/10.3.1/../../../../arm-none-eabi/lib/thumb/v7e-m+fp/hard\libc_nano.a(lib_a-findfp.o)
                0x000000000800cb68                __sfp
 .text._fwalk_reent
                0x000000000800cbf4       0x3e c:/st/stm32cubeide_1.11.2/stm32cubeide/plugins/com.st.stm32cube.ide.mcu.externaltools.gnu-tools-for-stm32.10.3-2021.10.win32_1.0.200.202301161003/tools/bin/../lib/gcc/arm-none-eabi/10.3.1/../../../../arm-none-eabi/lib/thumb/v7e-m+fp/hard\libc_nano.a(lib_a-fwalk.o)
                0x000000000800cbf4                _fwalk_reent
 *fill*         0x000000000800cc32        0x2 
 .text._localeconv_r
                0x000000000800cc34        0x8 c:/st/stm32cubeide_1.11.2/stm32cubeide/plugins/com.st.stm32cube.ide.mcu.externaltools.gnu-tools-for-stm32.10.3-2021.10.win32_1.0.200.202301161003/tools/bin/../lib/gcc/arm-none-eabi/10.3.1/../../../../arm-none-eabi/lib/thumb/v7e-m+fp/hard\libc_nano.a(lib_a-localeconv.o)
                0x000000000800cc34                _localeconv_r
 .text.__retarget_lock_init_recursive
                0x000000000800cc3c        0x2 c:/st/stm32cubeide_1.11.2/stm32cubeide/plugins/com.st.stm32cube.ide.mcu.externaltools.gnu-tools-for-stm32.10.3-2021.10.win32_1.0.200.202301161003/tools/bin/../lib/gcc/arm-none-eabi/10.3.1/../../../../arm-none-eabi/lib/thumb/v7e-m+fp/hard\libc_nano.a(lib_a-lock.o)
                0x000000000800cc3c                __retarget_lock_init_recursive
 .text.__retarget_lock_acquire_recursive
                0x000000000800cc3e        0x2 c:/st/stm32cubeide_1.11.2/stm32cubeide/plugins/com.st.stm32cube.ide.mcu.externaltools.gnu-tools-for-stm32.10.3-2021.10.win32_1.0.200.202301161003/tools/bin/../lib/gcc/arm-none-eabi/10.3.1/../../../../arm-none-eabi/lib/thumb/v7e-m+fp/hard\libc_nano.a(lib_a-lock.o)
                0x000000000800cc3e                __retarget_lock_acquire_recursive
 .text.__retarget_lock_release_recursive
                0x000000000800cc40        0x2 c:/st/stm32cubeide_1.11.2/stm32cubeide/plugins/com.st.stm32cube.ide.mcu.externaltools.gnu-tools-for-stm32.10.3-2021.10.win32_1.0.200.202301161003/tools/bin/../lib/gcc/arm-none-eabi/10.3.1/../../../../arm-none-eabi/lib/thumb/v7e-m+fp/hard\libc_nano.a(lib_a-lock.o)
                0x000000000800cc40                __retarget_lock_release_recursive
 .text.__swhatbuf_r
                0x000000000800cc42       0x4a c:/st/stm32cubeide_1.11.2/stm32cubeide/plugins/com.st.stm32cube.ide.mcu.externaltools.gnu-tools-for-stm32.10.3-2021.10.win32_1.0.200.202301161003/tools/bin/../lib/gcc/arm-none-eabi/10.3.1/../../../../arm-none-eabi/lib/thumb/v7e-m+fp/hard\libc_nano.a(lib_a-makebuf.o)
                0x000000000800cc42                __swhatbuf_r
 .text.__smakebuf_r
                0x000000000800cc8c       0x80 c:/st/stm32cubeide_1.11.2/stm32cubeide/plugins/com.st.stm32cube.ide.mcu.externaltools.gnu-tools-for-stm32.10.3-2021.10.win32_1.0.200.202301161003/tools/bin/../lib/gcc/arm-none-eabi/10.3.1/../../../../arm-none-eabi/lib/thumb/v7e-m+fp/hard\libc_nano.a(lib_a-makebuf.o)
                0x000000000800cc8c                __smakebuf_r
 .text.memcpy   0x000000000800cd0c       0x1c c:/st/stm32cubeide_1.11.2/stm32cubeide/plugins/com.st.stm32cube.ide.mcu.externaltools.gnu-tools-for-stm32.10.3-2021.10.win32_1.0.200.202301161003/tools/bin/../lib/gcc/arm-none-eabi/10.3.1/../../../../arm-none-eabi/lib/thumb/v7e-m+fp/hard\libc_nano.a(lib_a-memcpy-stub.o)
                0x000000000800cd0c                memcpy
 .text.__malloc_lock
                0x000000000800cd28        0xc c:/st/stm32cubeide_1.11.2/stm32cubeide/plugins/com.st.stm32cube.ide.mcu.externaltools.gnu-tools-for-stm32.10.3-2021.10.win32_1.0.200.202301161003/tools/bin/../lib/gcc/arm-none-eabi/10.3.1/../../../../arm-none-eabi/lib/thumb/v7e-m+fp/hard\libc_nano.a(lib_a-mlock.o)
                0x000000000800cd28                __malloc_lock
 .text.__malloc_unlock
                0x000000000800cd34        0xc c:/st/stm32cubeide_1.11.2/stm32cubeide/plugins/com.st.stm32cube.ide.mcu.externaltools.gnu-tools-for-stm32.10.3-2021.10.win32_1.0.200.202301161003/tools/bin/../lib/gcc/arm-none-eabi/10.3.1/../../../../arm-none-eabi/lib/thumb/v7e-m+fp/hard\libc_nano.a(lib_a-mlock.o)
                0x000000000800cd34                __malloc_unlock
 .text._Balloc  0x000000000800cd40       0x80 c:/st/stm32cubeide_1.11.2/stm32cubeide/plugins/com.st.stm32cube.ide.mcu.externaltools.gnu-tools-for-stm32.10.3-2021.10.win32_1.0.200.202301161003/tools/bin/../lib/gcc/arm-none-eabi/10.3.1/../../../../arm-none-eabi/lib/thumb/v7e-m+fp/hard\libc_nano.a(lib_a-mprec.o)
                0x000000000800cd40                _Balloc
 .text._Bfree   0x000000000800cdc0       0x44 c:/st/stm32cubeide_1.11.2/stm32cubeide/plugins/com.st.stm32cube.ide.mcu.externaltools.gnu-tools-for-stm32.10.3-2021.10.win32_1.0.200.202301161003/tools/bin/../lib/gcc/arm-none-eabi/10.3.1/../../../../arm-none-eabi/lib/thumb/v7e-m+fp/hard\libc_nano.a(lib_a-mprec.o)
                0x000000000800cdc0                _Bfree
 .text.__multadd
                0x000000000800ce04       0x8c c:/st/stm32cubeide_1.11.2/stm32cubeide/plugins/com.st.stm32cube.ide.mcu.externaltools.gnu-tools-for-stm32.10.3-2021.10.win32_1.0.200.202301161003/tools/bin/../lib/gcc/arm-none-eabi/10.3.1/../../../../arm-none-eabi/lib/thumb/v7e-m+fp/hard\libc_nano.a(lib_a-mprec.o)
                0x000000000800ce04                __multadd
 .text.__hi0bits
                0x000000000800ce90       0x40 c:/st/stm32cubeide_1.11.2/stm32cubeide/plugins/com.st.stm32cube.ide.mcu.externaltools.gnu-tools-for-stm32.10.3-2021.10.win32_1.0.200.202301161003/tools/bin/../lib/gcc/arm-none-eabi/10.3.1/../../../../arm-none-eabi/lib/thumb/v7e-m+fp/hard\libc_nano.a(lib_a-mprec.o)
                0x000000000800ce90                __hi0bits
 .text.__lo0bits
                0x000000000800ced0       0x5e c:/st/stm32cubeide_1.11.2/stm32cubeide/plugins/com.st.stm32cube.ide.mcu.externaltools.gnu-tools-for-stm32.10.3-2021.10.win32_1.0.200.202301161003/tools/bin/../lib/gcc/arm-none-eabi/10.3.1/../../../../arm-none-eabi/lib/thumb/v7e-m+fp/hard\libc_nano.a(lib_a-mprec.o)
                0x000000000800ced0                __lo0bits
 *fill*         0x000000000800cf2e        0x2 
 .text.__i2b    0x000000000800cf30       0x2c c:/st/stm32cubeide_1.11.2/stm32cubeide/plugins/com.st.stm32cube.ide.mcu.externaltools.gnu-tools-for-stm32.10.3-2021.10.win32_1.0.200.202301161003/tools/bin/../lib/gcc/arm-none-eabi/10.3.1/../../../../arm-none-eabi/lib/thumb/v7e-m+fp/hard\libc_nano.a(lib_a-mprec.o)
                0x000000000800cf30                __i2b
 .text.__multiply
                0x000000000800cf5c      0x154 c:/st/stm32cubeide_1.11.2/stm32cubeide/plugins/com.st.stm32cube.ide.mcu.externaltools.gnu-tools-for-stm32.10.3-2021.10.win32_1.0.200.202301161003/tools/bin/../lib/gcc/arm-none-eabi/10.3.1/../../../../arm-none-eabi/lib/thumb/v7e-m+fp/hard\libc_nano.a(lib_a-mprec.o)
                0x000000000800cf5c                __multiply
 .text.__pow5mult
                0x000000000800d0b0       0xb4 c:/st/stm32cubeide_1.11.2/stm32cubeide/plugins/com.st.stm32cube.ide.mcu.externaltools.gnu-tools-for-stm32.10.3-2021.10.win32_1.0.200.202301161003/tools/bin/../lib/gcc/arm-none-eabi/10.3.1/../../../../arm-none-eabi/lib/thumb/v7e-m+fp/hard\libc_nano.a(lib_a-mprec.o)
                0x000000000800d0b0                __pow5mult
 .text.__lshift
                0x000000000800d164       0xe0 c:/st/stm32cubeide_1.11.2/stm32cubeide/plugins/com.st.stm32cube.ide.mcu.externaltools.gnu-tools-for-stm32.10.3-2021.10.win32_1.0.200.202301161003/tools/bin/../lib/gcc/arm-none-eabi/10.3.1/../../../../arm-none-eabi/lib/thumb/v7e-m+fp/hard\libc_nano.a(lib_a-mprec.o)
                0x000000000800d164                __lshift
 .text.__mcmp   0x000000000800d244       0x38 c:/st/stm32cubeide_1.11.2/stm32cubeide/plugins/com.st.stm32cube.ide.mcu.externaltools.gnu-tools-for-stm32.10.3-2021.10.win32_1.0.200.202301161003/tools/bin/../lib/gcc/arm-none-eabi/10.3.1/../../../../arm-none-eabi/lib/thumb/v7e-m+fp/hard\libc_nano.a(lib_a-mprec.o)
                0x000000000800d244                __mcmp
 .text.__mdiff  0x000000000800d27c      0x114 c:/st/stm32cubeide_1.11.2/stm32cubeide/plugins/com.st.stm32cube.ide.mcu.externaltools.gnu-tools-for-stm32.10.3-2021.10.win32_1.0.200.202301161003/tools/bin/../lib/gcc/arm-none-eabi/10.3.1/../../../../arm-none-eabi/lib/thumb/v7e-m+fp/hard\libc_nano.a(lib_a-mprec.o)
                0x000000000800d27c                __mdiff
 .text.__d2b    0x000000000800d390       0xb8 c:/st/stm32cubeide_1.11.2/stm32cubeide/plugins/com.st.stm32cube.ide.mcu.externaltools.gnu-tools-for-stm32.10.3-2021.10.win32_1.0.200.202301161003/tools/bin/../lib/gcc/arm-none-eabi/10.3.1/../../../../arm-none-eabi/lib/thumb/v7e-m+fp/hard\libc_nano.a(lib_a-mprec.o)
                0x000000000800d390                __d2b
 .text._calloc_r
                0x000000000800d448       0x2c c:/st/stm32cubeide_1.11.2/stm32cubeide/plugins/com.st.stm32cube.ide.mcu.externaltools.gnu-tools-for-stm32.10.3-2021.10.win32_1.0.200.202301161003/tools/bin/../lib/gcc/arm-none-eabi/10.3.1/../../../../arm-none-eabi/lib/thumb/v7e-m+fp/hard\libc_nano.a(lib_a-nano-callocr.o)
                0x000000000800d448                _calloc_r
 .text.__sfputc_r
                0x000000000800d474       0x2e c:/st/stm32cubeide_1.11.2/stm32cubeide/plugins/com.st.stm32cube.ide.mcu.externaltools.gnu-tools-for-stm32.10.3-2021.10.win32_1.0.200.202301161003/tools/bin/../lib/gcc/arm-none-eabi/10.3.1/../../../../arm-none-eabi/lib/thumb/v7e-m+fp/hard\libc_nano.a(lib_a-nano-vfprintf.o)
 .text.__sfputs_r
                0x000000000800d4a2       0x24 c:/st/stm32cubeide_1.11.2/stm32cubeide/plugins/com.st.stm32cube.ide.mcu.externaltools.gnu-tools-for-stm32.10.3-2021.10.win32_1.0.200.202301161003/tools/bin/../lib/gcc/arm-none-eabi/10.3.1/../../../../arm-none-eabi/lib/thumb/v7e-m+fp/hard\libc_nano.a(lib_a-nano-vfprintf.o)
                0x000000000800d4a2                __sfputs_r
 *fill*         0x000000000800d4c6        0x2 
 .text._vfprintf_r
                0x000000000800d4c8      0x260 c:/st/stm32cubeide_1.11.2/stm32cubeide/plugins/com.st.stm32cube.ide.mcu.externaltools.gnu-tools-for-stm32.10.3-2021.10.win32_1.0.200.202301161003/tools/bin/../lib/gcc/arm-none-eabi/10.3.1/../../../../arm-none-eabi/lib/thumb/v7e-m+fp/hard\libc_nano.a(lib_a-nano-vfprintf.o)
                0x000000000800d4c8                _vfprintf_r
                0x000000000800d4c8                _vfiprintf_r
 .text._putc_r  0x000000000800d728       0x90 c:/st/stm32cubeide_1.11.2/stm32cubeide/plugins/com.st.stm32cube.ide.mcu.externaltools.gnu-tools-for-stm32.10.3-2021.10.win32_1.0.200.202301161003/tools/bin/../lib/gcc/arm-none-eabi/10.3.1/../../../../arm-none-eabi/lib/thumb/v7e-m+fp/hard\libc_nano.a(lib_a-putc.o)
                0x000000000800d728                _putc_r
 .text.__sread  0x000000000800d7b8       0x22 c:/st/stm32cubeide_1.11.2/stm32cubeide/plugins/com.st.stm32cube.ide.mcu.externaltools.gnu-tools-for-stm32.10.3-2021.10.win32_1.0.200.202301161003/tools/bin/../lib/gcc/arm-none-eabi/10.3.1/../../../../arm-none-eabi/lib/thumb/v7e-m+fp/hard\libc_nano.a(lib_a-stdio.o)
                0x000000000800d7b8                __sread
 .text.__swrite
                0x000000000800d7da       0x38 c:/st/stm32cubeide_1.11.2/stm32cubeide/plugins/com.st.stm32cube.ide.mcu.externaltools.gnu-tools-for-stm32.10.3-2021.10.win32_1.0.200.202301161003/tools/bin/../lib/gcc/arm-none-eabi/10.3.1/../../../../arm-none-eabi/lib/thumb/v7e-m+fp/hard\libc_nano.a(lib_a-stdio.o)
                0x000000000800d7da                __swrite
 .text.__sseek  0x000000000800d812       0x24 c:/st/stm32cubeide_1.11.2/stm32cubeide/plugins/com.st.stm32cube.ide.mcu.externaltools.gnu-tools-for-stm32.10.3-2021.10.win32_1.0.200.202301161003/tools/bin/../lib/gcc/arm-none-eabi/10.3.1/../../../../arm-none-eabi/lib/thumb/v7e-m+fp/hard\libc_nano.a(lib_a-stdio.o)
                0x000000000800d812                __sseek
 .text.__sclose
                0x000000000800d836        0x8 c:/st/stm32cubeide_1.11.2/stm32cubeide/plugins/com.st.stm32cube.ide.mcu.externaltools.gnu-tools-for-stm32.10.3-2021.10.win32_1.0.200.202301161003/tools/bin/../lib/gcc/arm-none-eabi/10.3.1/../../../../arm-none-eabi/lib/thumb/v7e-m+fp/hard\libc_nano.a(lib_a-stdio.o)
                0x000000000800d836                __sclose
 *fill*         0x000000000800d83e        0x2 
 .text._write_r
                0x000000000800d840       0x24 c:/st/stm32cubeide_1.11.2/stm32cubeide/plugins/com.st.stm32cube.ide.mcu.externaltools.gnu-tools-for-stm32.10.3-2021.10.win32_1.0.200.202301161003/tools/bin/../lib/gcc/arm-none-eabi/10.3.1/../../../../arm-none-eabi/lib/thumb/v7e-m+fp/hard\libc_nano.a(lib_a-writer.o)
                0x000000000800d840                _write_r
 .text.__assert_func
                0x000000000800d864       0x3c c:/st/stm32cubeide_1.11.2/stm32cubeide/plugins/com.st.stm32cube.ide.mcu.externaltools.gnu-tools-for-stm32.10.3-2021.10.win32_1.0.200.202301161003/tools/bin/../lib/gcc/arm-none-eabi/10.3.1/../../../../arm-none-eabi/lib/thumb/v7e-m+fp/hard\libc_nano.a(lib_a-assert.o)
                0x000000000800d864                __assert_func
 .text._close_r
                0x000000000800d8a0       0x20 c:/st/stm32cubeide_1.11.2/stm32cubeide/plugins/com.st.stm32cube.ide.mcu.externaltools.gnu-tools-for-stm32.10.3-2021.10.win32_1.0.200.202301161003/tools/bin/../lib/gcc/arm-none-eabi/10.3.1/../../../../arm-none-eabi/lib/thumb/v7e-m+fp/hard\libc_nano.a(lib_a-closer.o)
                0x000000000800d8a0                _close_r
 .text.fprintf  0x000000000800d8c0       0x24 c:/st/stm32cubeide_1.11.2/stm32cubeide/plugins/com.st.stm32cube.ide.mcu.externaltools.gnu-tools-for-stm32.10.3-2021.10.win32_1.0.200.202301161003/tools/bin/../lib/gcc/arm-none-eabi/10.3.1/../../../../arm-none-eabi/lib/thumb/v7e-m+fp/hard\libc_nano.a(lib_a-fprintf.o)
                0x000000000800d8c0                fiprintf
                0x000000000800d8c0                fprintf
 .text._fstat_r
                0x000000000800d8e4       0x24 c:/st/stm32cubeide_1.11.2/stm32cubeide/plugins/com.st.stm32cube.ide.mcu.externaltools.gnu-tools-for-stm32.10.3-2021.10.win32_1.0.200.202301161003/tools/bin/../lib/gcc/arm-none-eabi/10.3.1/../../../../arm-none-eabi/lib/thumb/v7e-m+fp/hard\libc_nano.a(lib_a-fstatr.o)
                0x000000000800d8e4                _fstat_r
 .text._isatty_r
                0x000000000800d908       0x20 c:/st/stm32cubeide_1.11.2/stm32cubeide/plugins/com.st.stm32cube.ide.mcu.externaltools.gnu-tools-for-stm32.10.3-2021.10.win32_1.0.200.202301161003/tools/bin/../lib/gcc/arm-none-eabi/10.3.1/../../../../arm-none-eabi/lib/thumb/v7e-m+fp/hard\libc_nano.a(lib_a-isattyr.o)
                0x000000000800d908                _isatty_r
 .text._lseek_r
                0x000000000800d928       0x24 c:/st/stm32cubeide_1.11.2/stm32cubeide/plugins/com.st.stm32cube.ide.mcu.externaltools.gnu-tools-for-stm32.10.3-2021.10.win32_1.0.200.202301161003/tools/bin/../lib/gcc/arm-none-eabi/10.3.1/../../../../arm-none-eabi/lib/thumb/v7e-m+fp/hard\libc_nano.a(lib_a-lseekr.o)
                0x000000000800d928                _lseek_r
 .text.__ascii_mbtowc
                0x000000000800d94c       0x24 c:/st/stm32cubeide_1.11.2/stm32cubeide/plugins/com.st.stm32cube.ide.mcu.externaltools.gnu-tools-for-stm32.10.3-2021.10.win32_1.0.200.202301161003/tools/bin/../lib/gcc/arm-none-eabi/10.3.1/../../../../arm-none-eabi/lib/thumb/v7e-m+fp/hard\libc_nano.a(lib_a-mbtowc_r.o)
                0x000000000800d94c                __ascii_mbtowc
 .text._read_r  0x000000000800d970       0x24 c:/st/stm32cubeide_1.11.2/stm32cubeide/plugins/com.st.stm32cube.ide.mcu.externaltools.gnu-tools-for-stm32.10.3-2021.10.win32_1.0.200.202301161003/tools/bin/../lib/gcc/arm-none-eabi/10.3.1/../../../../arm-none-eabi/lib/thumb/v7e-m+fp/hard\libc_nano.a(lib_a-readr.o)
                0x000000000800d970                _read_r
 .text.__ascii_wctomb
                0x000000000800d994       0x1a c:/st/stm32cubeide_1.11.2/stm32cubeide/plugins/com.st.stm32cube.ide.mcu.externaltools.gnu-tools-for-stm32.10.3-2021.10.win32_1.0.200.202301161003/tools/bin/../lib/gcc/arm-none-eabi/10.3.1/../../../../arm-none-eabi/lib/thumb/v7e-m+fp/hard\libc_nano.a(lib_a-wctomb_r.o)
                0x000000000800d994                __ascii_wctomb
 .text.abort    0x000000000800d9ae        0xe c:/st/stm32cubeide_1.11.2/stm32cubeide/plugins/com.st.stm32cube.ide.mcu.externaltools.gnu-tools-for-stm32.10.3-2021.10.win32_1.0.200.202301161003/tools/bin/../lib/gcc/arm-none-eabi/10.3.1/../../../../arm-none-eabi/lib/thumb/v7e-m+fp/hard\libc_nano.a(lib_a-abort.o)
                0x000000000800d9ae                abort
 .text._raise_r
                0x000000000800d9bc       0x50 c:/st/stm32cubeide_1.11.2/stm32cubeide/plugins/com.st.stm32cube.ide.mcu.externaltools.gnu-tools-for-stm32.10.3-2021.10.win32_1.0.200.202301161003/tools/bin/../lib/gcc/arm-none-eabi/10.3.1/../../../../arm-none-eabi/lib/thumb/v7e-m+fp/hard\libc_nano.a(lib_a-signal.o)
                0x000000000800d9bc                _raise_r
 .text.raise    0x000000000800da0c       0x10 c:/st/stm32cubeide_1.11.2/stm32cubeide/plugins/com.st.stm32cube.ide.mcu.externaltools.gnu-tools-for-stm32.10.3-2021.10.win32_1.0.200.202301161003/tools/bin/../lib/gcc/arm-none-eabi/10.3.1/../../../../arm-none-eabi/lib/thumb/v7e-m+fp/hard\libc_nano.a(lib_a-signal.o)
                0x000000000800da0c                raise
 .text._kill_r  0x000000000800da1c       0x24 c:/st/stm32cubeide_1.11.2/stm32cubeide/plugins/com.st.stm32cube.ide.mcu.externaltools.gnu-tools-for-stm32.10.3-2021.10.win32_1.0.200.202301161003/tools/bin/../lib/gcc/arm-none-eabi/10.3.1/../../../../arm-none-eabi/lib/thumb/v7e-m+fp/hard\libc_nano.a(lib_a-signalr.o)
                0x000000000800da1c                _kill_r
 .text._getpid_r
                0x000000000800da40        0x4 c:/st/stm32cubeide_1.11.2/stm32cubeide/plugins/com.st.stm32cube.ide.mcu.externaltools.gnu-tools-for-stm32.10.3-2021.10.win32_1.0.200.202301161003/tools/bin/../lib/gcc/arm-none-eabi/10.3.1/../../../../arm-none-eabi/lib/thumb/v7e-m+fp/hard\libc_nano.a(lib_a-signalr.o)
                0x000000000800da40                _getpid_r
 *(.glue_7)
 .glue_7        0x000000000800da44        0x0 linker stubs
 *(.glue_7t)
 .glue_7t       0x000000000800da44        0x0 linker stubs
 *(.eh_frame)
 .eh_frame      0x000000000800da44        0x0 c:/st/stm32cubeide_1.11.2/stm32cubeide/plugins/com.st.stm32cube.ide.mcu.externaltools.gnu-tools-for-stm32.10.3-2021.10.win32_1.0.200.202301161003/tools/bin/../lib/gcc/arm-none-eabi/10.3.1/thumb/v7e-m+fp/hard/crtbegin.o
 *(.init)
 .init          0x000000000800da44        0x4 c:/st/stm32cubeide_1.11.2/stm32cubeide/plugins/com.st.stm32cube.ide.mcu.externaltools.gnu-tools-for-stm32.10.3-2021.10.win32_1.0.200.202301161003/tools/bin/../lib/gcc/arm-none-eabi/10.3.1/thumb/v7e-m+fp/hard/crti.o
                0x000000000800da44                _init
 .init          0x000000000800da48        0x8 c:/st/stm32cubeide_1.11.2/stm32cubeide/plugins/com.st.stm32cube.ide.mcu.externaltools.gnu-tools-for-stm32.10.3-2021.10.win32_1.0.200.202301161003/tools/bin/../lib/gcc/arm-none-eabi/10.3.1/thumb/v7e-m+fp/hard/crtn.o
 *(.fini)
 .fini          0x000000000800da50        0x4 c:/st/stm32cubeide_1.11.2/stm32cubeide/plugins/com.st.stm32cube.ide.mcu.externaltools.gnu-tools-for-stm32.10.3-2021.10.win32_1.0.200.202301161003/tools/bin/../lib/gcc/arm-none-eabi/10.3.1/thumb/v7e-m+fp/hard/crti.o
                0x000000000800da50                _fini
 .fini          0x000000000800da54        0x8 c:/st/stm32cubeide_1.11.2/stm32cubeide/plugins/com.st.stm32cube.ide.mcu.externaltools.gnu-tools-for-stm32.10.3-2021.10.win32_1.0.200.202301161003/tools/bin/../lib/gcc/arm-none-eabi/10.3.1/thumb/v7e-m+fp/hard/crtn.o
                0x000000000800da5c                . = ALIGN (0x4)
                0x000000000800da5c                _etext = .

.vfp11_veneer   0x000000000800da5c        0x0
 .vfp11_veneer  0x000000000800da5c        0x0 linker stubs

.v4_bx          0x000000000800da5c        0x0
 .v4_bx         0x000000000800da5c        0x0 linker stubs

.iplt           0x000000000800da5c        0x0
 .iplt          0x000000000800da5c        0x0 c:/st/stm32cubeide_1.11.2/stm32cubeide/plugins/com.st.stm32cube.ide.mcu.externaltools.gnu-tools-for-stm32.10.3-2021.10.win32_1.0.200.202301161003/tools/bin/../lib/gcc/arm-none-eabi/10.3.1/thumb/v7e-m+fp/hard/crtbegin.o

.rodata         0x000000000800da60      0xe1c
                0x000000000800da60                . = ALIGN (0x4)
 *(.rodata)
 .rodata        0x000000000800da60       0x54 ./Core/Src/LTC6813.o
 .rodata        0x000000000800dab4       0xfc ./Core/Src/LTC681x.o
 .rodata        0x000000000800dbb0       0x44 ./Core/Src/help.o
 .rodata        0x000000000800dbf4      0x110 ./Core/Src/main.o
 .rodata        0x000000000800dd04       0xf4 ./Middlewares/ST/STM32_USB_Host_Library/Class/CDC/Src/usbh_cdc.o
 .rodata        0x000000000800ddf8      0x460 ./Middlewares/ST/STM32_USB_Host_Library/Core/Src/usbh_core.o
 .rodata        0x000000000800e258       0x2d ./Middlewares/ST/STM32_USB_Host_Library/Core/Src/usbh_ctlreq.o
 *(.rodata*)
 *fill*         0x000000000800e285        0x3 
 .rodata.crc15Table
                0x000000000800e288      0x200 ./Core/Src/LTC681x.o
                0x000000000800e288                crc15Table
 .rodata.AHBPrescTable
                0x000000000800e488       0x10 ./Core/Src/system_stm32f4xx.o
                0x000000000800e488                AHBPrescTable
 .rodata.APBPrescTable
                0x000000000800e498        0x8 ./Core/Src/system_stm32f4xx.o
                0x000000000800e498                APBPrescTable
 .rodata._global_impure_ptr
                0x000000000800e4a0        0x4 c:/st/stm32cubeide_1.11.2/stm32cubeide/plugins/com.st.stm32cube.ide.mcu.externaltools.gnu-tools-for-stm32.10.3-2021.10.win32_1.0.200.202301161003/tools/bin/../lib/gcc/arm-none-eabi/10.3.1/../../../../arm-none-eabi/lib/thumb/v7e-m+fp/hard\libc_nano.a(lib_a-impure.o)
                0x000000000800e4a0                _global_impure_ptr
 .rodata._printf_float.str1.1
                0x000000000800e4a4       0x12 c:/st/stm32cubeide_1.11.2/stm32cubeide/plugins/com.st.stm32cube.ide.mcu.externaltools.gnu-tools-for-stm32.10.3-2021.10.win32_1.0.200.202301161003/tools/bin/../lib/gcc/arm-none-eabi/10.3.1/../../../../arm-none-eabi/lib/thumb/v7e-m+fp/hard\libc_nano.a(lib_a-nano-vfprintf_float.o)
 .rodata._printf_i.str1.1
                0x000000000800e4b6       0x22 c:/st/stm32cubeide_1.11.2/stm32cubeide/plugins/com.st.stm32cube.ide.mcu.externaltools.gnu-tools-for-stm32.10.3-2021.10.win32_1.0.200.202301161003/tools/bin/../lib/gcc/arm-none-eabi/10.3.1/../../../../arm-none-eabi/lib/thumb/v7e-m+fp/hard\libc_nano.a(lib_a-nano-vfprintf_i.o)
 .rodata._dtoa_r.str1.1
                0x000000000800e4d8       0x90 c:/st/stm32cubeide_1.11.2/stm32cubeide/plugins/com.st.stm32cube.ide.mcu.externaltools.gnu-tools-for-stm32.10.3-2021.10.win32_1.0.200.202301161003/tools/bin/../lib/gcc/arm-none-eabi/10.3.1/../../../../arm-none-eabi/lib/thumb/v7e-m+fp/hard\libc_nano.a(lib_a-dtoa.o)
                                         0x92 (size before relaxing)
 .rodata.__sf_fake_stderr
                0x000000000800e568       0x20 c:/st/stm32cubeide_1.11.2/stm32cubeide/plugins/com.st.stm32cube.ide.mcu.externaltools.gnu-tools-for-stm32.10.3-2021.10.win32_1.0.200.202301161003/tools/bin/../lib/gcc/arm-none-eabi/10.3.1/../../../../arm-none-eabi/lib/thumb/v7e-m+fp/hard\libc_nano.a(lib_a-findfp.o)
                0x000000000800e568                __sf_fake_stderr
 .rodata.__sf_fake_stdin