../Core/Src/LTC681x.c:53:6:wakeup_idle	24	static
../Core/Src/LTC681x.c:64:6:wakeup_sleep	24	static
../Core/Src/LTC681x.c:77:6:cmd_68	24	static
../Core/Src/LTC681x.c:98:6:write_68	40	static
../Core/Src/LTC681x.c:140:8:read_68	296	static
../Core/Src/LTC681x.c:209:10:pec15_calc	24	static
../Core/Src/LTC681x.c:226:6:LTC681x_wrcfg	280	static
../Core/Src/LTC681x.c:256:6:LTC681x_wrcfgb	280	static
../Core/Src/LTC681x.c:286:8:LTC681x_rdcfg	288	static
../Core/Src/LTC681x.c:329:8:LTC681x_rdcfgb	288	static
../Core/Src/LTC681x.c:372:6:LTC681x_adcv	24	static
../Core/Src/LTC681x.c:389:6:LTC681x_adax	24	static
../Core/Src/LTC681x.c:405:6:LTC681x_adstat	24	static
../Core/Src/LTC681x.c:421:6:LTC681x_adcvsc	24	static
../Core/Src/LTC681x.c:437:6:LTC681x_adcvax	24	static
../Core/Src/LTC681x.c:458:9:LTC681x_rdcv	48	static
../Core/Src/LTC681x.c:520:8:LTC681x_rdaux	48	static
../Core/Src/LTC681x.c:582:8:LTC681x_rdstat	48	static
../Core/Src/LTC681x.c:716:6:LTC681x_rdcv_reg	24	static
../Core/Src/LTC681x.c:770:6:LTC681x_rdaux_reg	24	static
../Core/Src/LTC681x.c:819:6:LTC681x_rdstat_reg	24	static
../Core/Src/LTC681x.c:855:8:parse_cells	40	static
../Core/Src/LTC681x.c:900:9:LTC681x_pladc	16	static
../Core/Src/LTC681x.c:921:10:LTC681x_pollAdc	24	static
../Core/Src/LTC681x.c:963:6:LTC681x_clrcell	16	static
../Core/Src/LTC681x.c:974:6:LTC681x_clraux	16	static
../Core/Src/LTC681x.c:986:6:LTC681x_clrstat	16	static
../Core/Src/LTC681x.c:993:6:LTC681x_diagn	16	static
../Core/Src/LTC681x.c:1000:6:LTC681x_cvst	24	static
../Core/Src/LTC681x.c:1016:6:LTC681x_axst	24	static
../Core/Src/LTC681x.c:1032:6:LTC681x_statst	24	static
../Core/Src/LTC681x.c:1048:6:LTC681x_adol	24	static
../Core/Src/LTC681x.c:1064:6:LTC681x_adaxd	24	static
../Core/Src/LTC681x.c:1080:6:LTC681x_adstatd	24	static
../Core/Src/LTC681x.c:1096:9:LTC681x_run_cell_adc_st	56	static
../Core/Src/LTC681x.c:1184:10:LTC681x_run_adc_overlap	32	static
../Core/Src/LTC681x.c:1214:9:LTC681x_run_adc_redundancy_st	40	static
../Core/Src/LTC681x.c:1271:10:LTC681x_st_lookup	24	static
../Core/Src/LTC681x.c:1318:6:LTC681x_adow	32	static
../Core/Src/LTC681x.c:1336:6:LTC681x_axow	24	static
../Core/Src/LTC681x.c:1352:6:LTC681x_run_openwire_single	280	dynamic
../Core/Src/LTC681x.c:1442:7:LTC681x_run_openwire_multi	320	dynamic
../Core/Src/LTC681x.c:1622:6:LTC681x_run_gpio_openwire	280	dynamic
../Core/Src/LTC681x.c:1714:6:LTC681x_clear_discharge	24	static
../Core/Src/LTC681x.c:1728:6:LTC681x_wrpwm	280	static
../Core/Src/LTC681x.c:1770:8:LTC681x_rdpwm	296	static
../Core/Src/LTC681x.c:1823:6:LTC681x_wrsctrl	280	static
../Core/Src/LTC681x.c:1859:8:LTC681x_rdsctrl	296	static
../Core/Src/LTC681x.c:1911:6:LTC681x_stsctrl	16	static
../Core/Src/LTC681x.c:1932:6:LTC681x_clrsctrl	16	static
../Core/Src/LTC681x.c:1939:6:LTC681x_wrcomm	280	static
../Core/Src/LTC681x.c:1968:8:LTC681x_rdcomm	288	static
../Core/Src/LTC681x.c:2010:6:LTC681x_stcomm	32	static
../Core/Src/LTC681x.c:2031:6:LTC681x_check_pec	48	static
../Core/Src/LTC681x.c:2091:6:LTC681x_reset_crc_count	32	static
../Core/Src/LTC681x.c:2116:6:LTC681x_init_cfg	24	static
../Core/Src/LTC681x.c:2130:6:LTC681x_set_cfgr	16	static
../Core/Src/LTC681x.c:2151:6:LTC681x_set_cfgr_refon	16	static
../Core/Src/LTC681x.c:2158:6:LTC681x_set_cfgr_adcopt	16	static
../Core/Src/LTC681x.c:2165:6:LTC681x_set_cfgr_gpio	32	static
../Core/Src/LTC681x.c:2175:6:LTC681x_set_cfgr_dis	32	static
../Core/Src/LTC681x.c:2190:6:LTC681x_set_cfgr_dcto	32	static
../Core/Src/LTC681x.c:2200:6:LTC681x_set_cfgr_uv	24	static
../Core/Src/LTC681x.c:2209:6:LTC681x_set_cfgr_ov	24	static
../Core/Src/LTC681x.c:2220:6:spi_write_array	24	static
../Core/Src/LTC681x.c:2238:6:spi_write_read	40	static
../Core/Src/LTC681x.c:2268:9:spi_read_byte	32	static
../Core/Src/LTC681x.c:2277:6:init_app_data_681x	40	static
