../Core/Src/main.c:171:5:main	544	static
../Core/Src/main.c:333:6:SystemClock_Config	88	static
../Core/Src/main.c:379:13:MX_CAN1_Init	8	static
../Core/Src/main.c:416:13:MX_SPI1_Init	8	static
../Core/Src/main.c:454:13:MX_SPI2_Init	8	static
../Core/Src/main.c:492:13:MX_TIM1_Init	32	static
../Core/Src/main.c:538:13:MX_USART2_UART_Init	8	static
../Core/Src/main.c:571:13:MX_GPIO_Init	56	static
../Core/Src/main.c:689:1:__io_putchar	16	static
../Core/Src/main.c:705:6:charging_mode	4	static
../Core/Src/main.c:722:6:discharge_mode	4	static
../Core/Src/main.c:728:6:print_conv_time	24	static
../Core/Src/main.c:738:6:check_error	16	static
../Core/Src/main.c:746:6:print_cells	40	static
../Core/Src/main.c:784:6:init_appdata	16	static
../Core/Src/main.c:823:6:Error_Handler	4	static,ignoring_inline_asm
